Component: ARM Compiler 5.06 update 5 (build 528) Tool: armlink [4d35e2]

==============================================================================

Section Cross References

    main.o(.text) refers to mcg.o(.text) for MCG_Clock120_Init
    main.o(.text) refers to adc.o(.text) for ADC_Init
    main.o(.text) refers to dac.o(.text) for DAC_Init
    main.o(.text) refers to timerint.o(.text) for TimerInt_Init
    main.o(.text) refers to main.o(.data) for valADC
    startup_mk22f51212.o(RESET) refers to startup_mk22f51212.o(.text) for Reset_Handler
    startup_mk22f51212.o(RESET) refers to main.o(.text) for PIT0_IRQHandler
    startup_mk22f51212.o(.text) refers to startup_mk22f51212.o(FlashConfig) for FlashConfig
    startup_mk22f51212.o(.text) refers to startup_mk22f51212.o(RESET) for __Vectors
    startup_mk22f51212.o(.text) refers to system_mk22f51212.o(.text) for SystemInit
    startup_mk22f51212.o(.text) refers to __main.o(!!!main) for __main
    system_mk22f51212.o(.text) refers to system_mk22f51212.o(.data) for SystemCoreClock
    __main.o(!!!main) refers to __rtentry.o(.ARM.Collect$$rtentry$$00000000) for __rt_entry
    __rtentry.o(.ARM.Collect$$rtentry$$00000000) refers (Special) to __rtentry2.o(.ARM.Collect$$rtentry$$0000000A) for __rt_entry_li
    __rtentry.o(.ARM.Collect$$rtentry$$00000000) refers (Special) to __rtentry2.o(.ARM.Collect$$rtentry$$0000000D) for __rt_entry_main
    __rtentry.o(.ARM.Collect$$rtentry$$00000000) refers (Special) to __rtentry2.o(.ARM.Collect$$rtentry$$0000000C) for __rt_entry_postli_1
    __rtentry.o(.ARM.Collect$$rtentry$$00000000) refers (Special) to __rtentry2.o(.ARM.Collect$$rtentry$$00000009) for __rt_entry_postsh_1
    __rtentry.o(.ARM.Collect$$rtentry$$00000000) refers (Special) to __rtentry2.o(.ARM.Collect$$rtentry$$00000002) for __rt_entry_presh_1
    __rtentry.o(.ARM.Collect$$rtentry$$00000000) refers (Special) to __rtentry7.o(.ARM.Collect$$rtentry$$00000007) for __rt_entry_sh
    __rtentry2.o(.ARM.Collect$$rtentry$$00000008) refers to boardinit2.o(.text) for _platform_post_stackheap_init
    __rtentry2.o(.ARM.Collect$$rtentry$$0000000A) refers to libinit.o(.ARM.Collect$$libinit$$00000000) for __rt_lib_init
    __rtentry2.o(.ARM.Collect$$rtentry$$0000000B) refers to boardinit3.o(.text) for _platform_post_lib_init
    __rtentry2.o(.ARM.Collect$$rtentry$$0000000D) refers to main.o(.text) for main
    __rtentry2.o(.ARM.Collect$$rtentry$$0000000D) refers to exit.o(.text) for exit
    __rtentry2.o(.ARM.exidx) refers to __rtentry2.o(.ARM.Collect$$rtentry$$00000001) for .ARM.Collect$$rtentry$$00000001
    __rtentry2.o(.ARM.exidx) refers to __rtentry2.o(.ARM.Collect$$rtentry$$00000008) for .ARM.Collect$$rtentry$$00000008
    __rtentry2.o(.ARM.exidx) refers to __rtentry2.o(.ARM.Collect$$rtentry$$0000000A) for .ARM.Collect$$rtentry$$0000000A
    __rtentry2.o(.ARM.exidx) refers to __rtentry2.o(.ARM.Collect$$rtentry$$0000000B) for .ARM.Collect$$rtentry$$0000000B
    __rtentry2.o(.ARM.exidx) refers to __rtentry2.o(.ARM.Collect$$rtentry$$0000000D) for .ARM.Collect$$rtentry$$0000000D
    __rtentry4.o(.ARM.Collect$$rtentry$$00000004) refers to sys_stackheap_outer.o(.text) for __user_setup_stackheap
    __rtentry4.o(.ARM.exidx) refers to __rtentry4.o(.ARM.Collect$$rtentry$$00000004) for .ARM.Collect$$rtentry$$00000004
    __rtentry7.o(.ARM.Collect$$rtentry$$00000007) refers to __rtentry7.o(.ARM.Collect$$rtentry$$00002718) for __lit__00000000
    __rtentry7.o(__vectab_stack_and_reset_2_area) refers to __main.o(!!!main) for __main
    __rtentry7.o(.ARM.exidx) refers to __rtentry7.o(.ARM.Collect$$rtentry$$00000007) for .ARM.Collect$$rtentry$$00000007
    __rtentry7.o(.ARM.exidx) refers to __rtentry7.o(.ARM.Collect$$rtentry$$00002718) for .ARM.Collect$$rtentry$$00002718
    sys_stackheap_outer.o(.text) refers to libspace.o(.text) for __user_perproc_libspace
    sys_stackheap_outer.o(.text) refers to sys_stackheap.o(.text) for __user_initial_stackheap
    exit.o(.text) refers to rtexit.o(.ARM.Collect$$rtexit$$00000000) for __rt_exit
    libinit.o(.ARM.Collect$$libinit$$00000000) refers (Special) to libinit2.o(.ARM.Collect$$libinit$$0000002E) for __rt_lib_init_alloca_1
    libinit.o(.ARM.Collect$$libinit$$00000000) refers (Special) to libinit2.o(.ARM.Collect$$libinit$$0000002C) for __rt_lib_init_argv_1
    libinit.o(.ARM.Collect$$libinit$$00000000) refers (Special) to libinit2.o(.ARM.Collect$$libinit$$0000001B) for __rt_lib_init_atexit_1
    libinit.o(.ARM.Collect$$libinit$$00000000) refers (Special) to libinit2.o(.ARM.Collect$$libinit$$00000021) for __rt_lib_init_clock_1
    libinit.o(.ARM.Collect$$libinit$$00000000) refers (Special) to libinit2.o(.ARM.Collect$$libinit$$00000032) for __rt_lib_init_cpp_1
    libinit.o(.ARM.Collect$$libinit$$00000000) refers (Special) to libinit2.o(.ARM.Collect$$libinit$$00000030) for __rt_lib_init_exceptions_1
    libinit.o(.ARM.Collect$$libinit$$00000000) refers (Special) to libinit2.o(.ARM.Collect$$libinit$$00000001) for __rt_lib_init_fp_1
    libinit.o(.ARM.Collect$$libinit$$00000000) refers (Special) to libinit2.o(.ARM.Collect$$libinit$$0000001F) for __rt_lib_init_fp_trap_1
    libinit.o(.ARM.Collect$$libinit$$00000000) refers (Special) to libinit2.o(.ARM.Collect$$libinit$$00000023) for __rt_lib_init_getenv_1
    libinit.o(.ARM.Collect$$libinit$$00000000) refers (Special) to libinit2.o(.ARM.Collect$$libinit$$0000000A) for __rt_lib_init_heap_1
    libinit.o(.ARM.Collect$$libinit$$00000000) refers (Special) to libinit2.o(.ARM.Collect$$libinit$$00000011) for __rt_lib_init_lc_collate_1
    libinit.o(.ARM.Collect$$libinit$$00000000) refers (Special) to libinit2.o(.ARM.Collect$$libinit$$00000013) for __rt_lib_init_lc_ctype_1
    libinit.o(.ARM.Collect$$libinit$$00000000) refers (Special) to libinit2.o(.ARM.Collect$$libinit$$00000015) for __rt_lib_init_lc_monetary_1
    libinit.o(.ARM.Collect$$libinit$$00000000) refers (Special) to libinit2.o(.ARM.Collect$$libinit$$00000017) for __rt_lib_init_lc_numeric_1
    libinit.o(.ARM.Collect$$libinit$$00000000) refers (Special) to libinit2.o(.ARM.Collect$$libinit$$00000019) for __rt_lib_init_lc_time_1
    libinit.o(.ARM.Collect$$libinit$$00000000) refers (Special) to libinit2.o(.ARM.Collect$$libinit$$00000004) for __rt_lib_init_preinit_1
    libinit.o(.ARM.Collect$$libinit$$00000000) refers (Special) to libinit2.o(.ARM.Collect$$libinit$$0000000E) for __rt_lib_init_rand_1
    libinit.o(.ARM.Collect$$libinit$$00000000) refers (Special) to libinit2.o(.ARM.Collect$$libinit$$00000033) for __rt_lib_init_return
    libinit.o(.ARM.Collect$$libinit$$00000000) refers (Special) to libinit2.o(.ARM.Collect$$libinit$$0000001D) for __rt_lib_init_signal_1
    libinit.o(.ARM.Collect$$libinit$$00000000) refers (Special) to libinit2.o(.ARM.Collect$$libinit$$00000025) for __rt_lib_init_stdio_1
    libinit.o(.ARM.Collect$$libinit$$00000000) refers (Special) to libinit2.o(.ARM.Collect$$libinit$$0000000C) for __rt_lib_init_user_alloc_1
    libspace.o(.text) refers to libspace.o(.bss) for __libspace_start
    sys_stackheap.o(.text) refers (Special) to indicate_semi.o(.text) for __semihosting_library_function
    sys_stackheap.o(.text) refers to use_no_semi.o(.text) for __I$use$semihosting
    rtexit.o(.ARM.Collect$$rtexit$$00000000) refers (Special) to rtexit2.o(.ARM.Collect$$rtexit$$00000004) for __rt_exit_exit
    rtexit.o(.ARM.Collect$$rtexit$$00000000) refers (Special) to rtexit2.o(.ARM.Collect$$rtexit$$00000003) for __rt_exit_ls
    rtexit.o(.ARM.Collect$$rtexit$$00000000) refers (Special) to rtexit2.o(.ARM.Collect$$rtexit$$00000002) for __rt_exit_prels_1
    rtexit.o(.ARM.exidx) refers (Special) to rtexit2.o(.ARM.Collect$$rtexit$$00000004) for __rt_exit_exit
    rtexit.o(.ARM.exidx) refers (Special) to rtexit2.o(.ARM.Collect$$rtexit$$00000003) for __rt_exit_ls
    rtexit.o(.ARM.exidx) refers (Special) to rtexit2.o(.ARM.Collect$$rtexit$$00000002) for __rt_exit_prels_1
    rtexit.o(.ARM.exidx) refers to rtexit.o(.ARM.Collect$$rtexit$$00000000) for .ARM.Collect$$rtexit$$00000000
    libinit2.o(.ARM.Collect$$libinit$$00000001) refers to fpinit.o(x$fpl$fpinit) for _fp_init
    libinit2.o(.ARM.Collect$$libinit$$00000010) refers to libinit2.o(.ARM.Collect$$libinit$$0000000F) for .ARM.Collect$$libinit$$0000000F
    libinit2.o(.ARM.Collect$$libinit$$00000012) refers to libinit2.o(.ARM.Collect$$libinit$$0000000F) for .ARM.Collect$$libinit$$0000000F
    libinit2.o(.ARM.Collect$$libinit$$00000014) refers to libinit2.o(.ARM.Collect$$libinit$$0000000F) for .ARM.Collect$$libinit$$0000000F
    libinit2.o(.ARM.Collect$$libinit$$00000016) refers to libinit2.o(.ARM.Collect$$libinit$$0000000F) for .ARM.Collect$$libinit$$0000000F
    libinit2.o(.ARM.Collect$$libinit$$00000018) refers to libinit2.o(.ARM.Collect$$libinit$$0000000F) for .ARM.Collect$$libinit$$0000000F
    libinit2.o(.ARM.Collect$$libinit$$00000026) refers to argv_veneer.o(.emb_text) for __ARM_argv_veneer
    libinit2.o(.ARM.Collect$$libinit$$00000027) refers to argv_veneer.o(.emb_text) for __ARM_argv_veneer
    libinit5.o(.ARM.Collect$$libinit$$00000008) refers to libinit5.o(.ARM.Collect$$libinit$$00002719) for __lit__00000000
    libinit5.o(.ARM.Collect$$libinit$$0000002A) refers to libinit5.o(.ARM.Collect$$libinit$$0000273B) for __lit__00000002
    libinit5.o(.ARM.Collect$$libinit$$0000002A) refers to argv_veneer.o(.emb_text) for __ARM_argv_veneer
    rtexit2.o(.ARM.Collect$$rtexit$$00000003) refers to libshutdown.o(.ARM.Collect$$libshutdown$$00000000) for __rt_lib_shutdown
    rtexit2.o(.ARM.Collect$$rtexit$$00000004) refers to sys_exit.o(.text) for _sys_exit
    rtexit2.o(.ARM.exidx) refers to rtexit2.o(.ARM.Collect$$rtexit$$00000001) for .ARM.Collect$$rtexit$$00000001
    rtexit2.o(.ARM.exidx) refers to rtexit2.o(.ARM.Collect$$rtexit$$00000003) for .ARM.Collect$$rtexit$$00000003
    rtexit2.o(.ARM.exidx) refers to rtexit2.o(.ARM.Collect$$rtexit$$00000004) for .ARM.Collect$$rtexit$$00000004
    argv_veneer.o(.emb_text) refers to no_argv.o(.text) for __ARM_get_argv
    sys_exit.o(.text) refers (Special) to use_no_semi.o(.text) for __I$use$semihosting
    sys_exit.o(.text) refers (Special) to indicate_semi.o(.text) for __semihosting_library_function
    _get_argv_nomalloc.o(.text) refers (Special) to hrguard.o(.text) for __heap_region$guard
    _get_argv_nomalloc.o(.text) refers to defsig_rtmem_outer.o(.text) for __rt_SIGRTMEM
    _get_argv_nomalloc.o(.text) refers to sys_command.o(.text) for _sys_command_string
    libshutdown.o(.ARM.Collect$$libshutdown$$00000000) refers (Special) to libshutdown2.o(.ARM.Collect$$libshutdown$$00000002) for __rt_lib_shutdown_cpp_1
    libshutdown.o(.ARM.Collect$$libshutdown$$00000000) refers (Special) to libshutdown2.o(.ARM.Collect$$libshutdown$$00000007) for __rt_lib_shutdown_fp_trap_1
    libshutdown.o(.ARM.Collect$$libshutdown$$00000000) refers (Special) to libshutdown2.o(.ARM.Collect$$libshutdown$$0000000F) for __rt_lib_shutdown_heap_1
    libshutdown.o(.ARM.Collect$$libshutdown$$00000000) refers (Special) to libshutdown2.o(.ARM.Collect$$libshutdown$$00000010) for __rt_lib_shutdown_return
    libshutdown.o(.ARM.Collect$$libshutdown$$00000000) refers (Special) to libshutdown2.o(.ARM.Collect$$libshutdown$$0000000A) for __rt_lib_shutdown_signal_1
    libshutdown.o(.ARM.Collect$$libshutdown$$00000000) refers (Special) to libshutdown2.o(.ARM.Collect$$libshutdown$$00000004) for __rt_lib_shutdown_stdio_1
    libshutdown.o(.ARM.Collect$$libshutdown$$00000000) refers (Special) to libshutdown2.o(.ARM.Collect$$libshutdown$$0000000C) for __rt_lib_shutdown_user_alloc_1
    sys_command.o(.text) refers (Special) to use_no_semi.o(.text) for __I$use$semihosting
    sys_command.o(.text) refers (Special) to indicate_semi.o(.text) for __semihosting_library_function
    defsig_rtmem_outer.o(.text) refers to defsig_rtmem_inner.o(.text) for __rt_SIGRTMEM_inner
    defsig_rtmem_outer.o(.text) refers to defsig_exit.o(.text) for __sig_exit
    defsig_rtmem_formal.o(.text) refers to rt_raise.o(.text) for __rt_raise
    rt_raise.o(.text) refers to __raise.o(.text) for __raise
    rt_raise.o(.text) refers to sys_exit.o(.text) for _sys_exit
    defsig_exit.o(.text) refers to sys_exit.o(.text) for _sys_exit
    defsig_rtmem_inner.o(.text) refers to defsig_general.o(.text) for __default_signal_display
    __raise.o(.text) refers to defsig.o(CL$$defsig) for __default_signal_handler
    defsig_general.o(.text) refers to sys_wrch.o(.text) for _ttywrch
    sys_wrch.o(.text) refers (Special) to use_no_semi.o(.text) for __I$use$semihosting
    sys_wrch.o(.text) refers (Special) to indicate_semi.o(.text) for __semihosting_library_function
    defsig.o(CL$$defsig) refers to defsig_rtmem_inner.o(.text) for __rt_SIGRTMEM_inner
    defsig_abrt_inner.o(.text) refers to defsig_general.o(.text) for __default_signal_display
    defsig_fpe_inner.o(.text) refers to defsig_general.o(.text) for __default_signal_display
    defsig_rtred_inner.o(.text) refers to defsig_general.o(.text) for __default_signal_display
    defsig_stak_inner.o(.text) refers to defsig_general.o(.text) for __default_signal_display
    defsig_pvfn_inner.o(.text) refers to defsig_general.o(.text) for __default_signal_display
    defsig_cppl_inner.o(.text) refers to defsig_general.o(.text) for __default_signal_display
    defsig_segv_inner.o(.text) refers to defsig_general.o(.text) for __default_signal_display
    defsig_other.o(.text) refers to defsig_general.o(.text) for __default_signal_display


==============================================================================

Removing Unused input sections from the image.

    Removing adc.o(.rev16_text), (4 bytes).
    Removing adc.o(.revsh_text), (4 bytes).
    Removing adc.o(.rrx_text), (6 bytes).
    Removing dac.o(.rev16_text), (4 bytes).
    Removing dac.o(.revsh_text), (4 bytes).
    Removing dac.o(.rrx_text), (6 bytes).
    Removing main.o(.rev16_text), (4 bytes).
    Removing main.o(.revsh_text), (4 bytes).
    Removing main.o(.rrx_text), (6 bytes).
    Removing mcg.o(.rev16_text), (4 bytes).
    Removing mcg.o(.revsh_text), (4 bytes).
    Removing mcg.o(.rrx_text), (6 bytes).
    Removing timerint.o(.rev16_text), (4 bytes).
    Removing timerint.o(.revsh_text), (4 bytes).
    Removing timerint.o(.rrx_text), (6 bytes).
    Removing system_mk22f51212.o(.rev16_text), (4 bytes).
    Removing system_mk22f51212.o(.revsh_text), (4 bytes).
    Removing system_mk22f51212.o(.rrx_text), (6 bytes).

18 unused section(s) (total 84 bytes) removed from the image.

==============================================================================

Image Symbol Table

    Local Symbols

    Symbol Name                              Value     Ov Type        Size  Object(Section)

    RESET                                    0x00000000   Section     1024  startup_mk22f51212.o(RESET)
    ../clib/angel/boardlib.s                 0x00000000   Number         0  boardshut.o ABSOLUTE
    ../clib/angel/boardlib.s                 0x00000000   Number         0  boardinit3.o ABSOLUTE
    ../clib/angel/boardlib.s                 0x00000000   Number         0  boardinit2.o ABSOLUTE
    ../clib/angel/boardlib.s                 0x00000000   Number         0  boardinit1.o ABSOLUTE
    ../clib/angel/handlers.s                 0x00000000   Number         0  __scatter_copy.o ABSOLUTE
    ../clib/angel/kernel.s                   0x00000000   Number         0  rtexit.o ABSOLUTE
    ../clib/angel/kernel.s                   0x00000000   Number         0  __rtentry2.o ABSOLUTE
    ../clib/angel/kernel.s                   0x00000000   Number         0  __rtentry7.o ABSOLUTE
    ../clib/angel/kernel.s                   0x00000000   Number         0  __rtentry4.o ABSOLUTE
    ../clib/angel/kernel.s                   0x00000000   Number         0  rtexit2.o ABSOLUTE
    ../clib/angel/kernel.s                   0x00000000   Number         0  __rtentry.o ABSOLUTE
    ../clib/angel/rt.s                       0x00000000   Number         0  rt_raise.o ABSOLUTE
    ../clib/angel/scatter.s                  0x00000000   Number         0  __scatter.o ABSOLUTE
    ../clib/angel/startup.s                  0x00000000   Number         0  __main.o ABSOLUTE
    ../clib/angel/sys.s                      0x00000000   Number         0  sys_stackheap.o ABSOLUTE
    ../clib/angel/sys.s                      0x00000000   Number         0  indicate_semi.o ABSOLUTE
    ../clib/angel/sys.s                      0x00000000   Number         0  libspace.o ABSOLUTE
    ../clib/angel/sys.s                      0x00000000   Number         0  sys_stackheap_outer.o ABSOLUTE
    ../clib/angel/sys.s                      0x00000000   Number         0  use_no_semi.o ABSOLUTE
    ../clib/angel/sysapp.c                   0x00000000   Number         0  sys_exit.o ABSOLUTE
    ../clib/angel/sysapp.c                   0x00000000   Number         0  sys_wrch.o ABSOLUTE
    ../clib/angel/sysapp.c                   0x00000000   Number         0  sys_command.o ABSOLUTE
    ../clib/armsys.c                         0x00000000   Number         0  no_argv.o ABSOLUTE
    ../clib/armsys.c                         0x00000000   Number         0  _get_argv_nomalloc.o ABSOLUTE
    ../clib/armsys.c                         0x00000000   Number         0  argv_veneer.o ABSOLUTE
    ../clib/armsys.c                         0x00000000   Number         0  argv_veneer.o ABSOLUTE
    ../clib/heapalloc.c                      0x00000000   Number         0  hrguard.o ABSOLUTE
    ../clib/libinit.s                        0x00000000   Number         0  libinit2.o ABSOLUTE
    ../clib/libinit.s                        0x00000000   Number         0  libinit5.o ABSOLUTE
    ../clib/libinit.s                        0x00000000   Number         0  libshutdown2.o ABSOLUTE
    ../clib/libinit.s                        0x00000000   Number         0  libinit.o ABSOLUTE
    ../clib/libinit.s                        0x00000000   Number         0  libshutdown.o ABSOLUTE
    ../clib/signal.c                         0x00000000   Number         0  defsig_rtred_inner.o ABSOLUTE
    ../clib/signal.c                         0x00000000   Number         0  defsig_general.o ABSOLUTE
    ../clib/signal.c                         0x00000000   Number         0  defsig_rtmem_inner.o ABSOLUTE
    ../clib/signal.c                         0x00000000   Number         0  defsig_exit.o ABSOLUTE
    ../clib/signal.c                         0x00000000   Number         0  defsig_stak_inner.o ABSOLUTE
    ../clib/signal.c                         0x00000000   Number         0  defsig_rtmem_formal.o ABSOLUTE
    ../clib/signal.c                         0x00000000   Number         0  defsig_pvfn_inner.o ABSOLUTE
    ../clib/signal.c                         0x00000000   Number         0  defsig_cppl_inner.o ABSOLUTE
    ../clib/signal.c                         0x00000000   Number         0  defsig_rtmem_outer.o ABSOLUTE
    ../clib/signal.c                         0x00000000   Number         0  defsig_fpe_inner.o ABSOLUTE
    ../clib/signal.c                         0x00000000   Number         0  defsig_abrt_inner.o ABSOLUTE
    ../clib/signal.c                         0x00000000   Number         0  defsig_segv_inner.o ABSOLUTE
    ../clib/signal.c                         0x00000000   Number         0  defsig_other.o ABSOLUTE
    ../clib/signal.c                         0x00000000   Number         0  __raise.o ABSOLUTE
    ../clib/signal.s                         0x00000000   Number         0  defsig.o ABSOLUTE
    ../clib/stdlib.c                         0x00000000   Number         0  exit.o ABSOLUTE
    ../fplib/fpinit.s                        0x00000000   Number         0  fpinit.o ABSOLUTE
    ADC.c                                    0x00000000   Number         0  adc.o ABSOLUTE
    ADC.c                                    0x00000000   Number         0  adc.o ABSOLUTE
    DAC.c                                    0x00000000   Number         0  dac.o ABSOLUTE
    DAC.c                                    0x00000000   Number         0  dac.o ABSOLUTE
    MCG.c                                    0x00000000   Number         0  mcg.o ABSOLUTE
    MCG.c                                    0x00000000   Number         0  mcg.o ABSOLUTE
    RTE\Device\MK22FN512VLH12\startup_MK22F51212.s 0x00000000   Number         0  startup_mk22f51212.o ABSOLUTE
    RTE\Device\MK22FN512VLH12\system_MK22F51212.c 0x00000000   Number         0  system_mk22f51212.o ABSOLUTE
    RTE\\Device\\MK22FN512VLH12\\system_MK22F51212.c 0x00000000   Number         0  system_mk22f51212.o ABSOLUTE
    TimerInt.c                               0x00000000   Number         0  timerint.o ABSOLUTE
    TimerInt.c                               0x00000000   Number         0  timerint.o ABSOLUTE
    dc.s                                     0x00000000   Number         0  dc.o ABSOLUTE
    main.c                                   0x00000000   Number         0  main.o ABSOLUTE
    main.c                                   0x00000000   Number         0  main.o ABSOLUTE
    FlashConfig                              0x00000400   Section       16  startup_mk22f51212.o(FlashConfig)
    !!!main                                  0x00000410   Section        8  __main.o(!!!main)
    !!!scatter                               0x00000418   Section       52  __scatter.o(!!!scatter)
    !!handler_copy                           0x0000044c   Section       26  __scatter_copy.o(!!handler_copy)
    .ARM.Collect$$libinit$$00000000          0x00000466   Section        2  libinit.o(.ARM.Collect$$libinit$$00000000)
    .ARM.Collect$$libinit$$00000001          0x00000468   Section        4  libinit2.o(.ARM.Collect$$libinit$$00000001)
    .ARM.Collect$$libinit$$00000004          0x0000046c   Section        0  libinit2.o(.ARM.Collect$$libinit$$00000004)
    .ARM.Collect$$libinit$$0000000A          0x0000046c   Section        0  libinit2.o(.ARM.Collect$$libinit$$0000000A)
    .ARM.Collect$$libinit$$0000000C          0x0000046c   Section        0  libinit2.o(.ARM.Collect$$libinit$$0000000C)
    .ARM.Collect$$libinit$$0000000E          0x0000046c   Section        0  libinit2.o(.ARM.Collect$$libinit$$0000000E)
    .ARM.Collect$$libinit$$00000011          0x0000046c   Section        0  libinit2.o(.ARM.Collect$$libinit$$00000011)
    .ARM.Collect$$libinit$$00000013          0x0000046c   Section        0  libinit2.o(.ARM.Collect$$libinit$$00000013)
    .ARM.Collect$$libinit$$00000015          0x0000046c   Section        0  libinit2.o(.ARM.Collect$$libinit$$00000015)
    .ARM.Collect$$libinit$$00000017          0x0000046c   Section        0  libinit2.o(.ARM.Collect$$libinit$$00000017)
    .ARM.Collect$$libinit$$00000019          0x0000046c   Section        0  libinit2.o(.ARM.Collect$$libinit$$00000019)
    .ARM.Collect$$libinit$$0000001B          0x0000046c   Section        0  libinit2.o(.ARM.Collect$$libinit$$0000001B)
    .ARM.Collect$$libinit$$0000001D          0x0000046c   Section        0  libinit2.o(.ARM.Collect$$libinit$$0000001D)
    .ARM.Collect$$libinit$$0000001F          0x0000046c   Section        0  libinit2.o(.ARM.Collect$$libinit$$0000001F)
    .ARM.Collect$$libinit$$00000021          0x0000046c   Section        0  libinit2.o(.ARM.Collect$$libinit$$00000021)
    .ARM.Collect$$libinit$$00000023          0x0000046c   Section        0  libinit2.o(.ARM.Collect$$libinit$$00000023)
    .ARM.Collect$$libinit$$00000025          0x0000046c   Section        0  libinit2.o(.ARM.Collect$$libinit$$00000025)
    .ARM.Collect$$libinit$$0000002C          0x0000046c   Section        0  libinit2.o(.ARM.Collect$$libinit$$0000002C)
    .ARM.Collect$$libinit$$0000002E          0x0000046c   Section        0  libinit2.o(.ARM.Collect$$libinit$$0000002E)
    .ARM.Collect$$libinit$$00000030          0x0000046c   Section        0  libinit2.o(.ARM.Collect$$libinit$$00000030)
    .ARM.Collect$$libinit$$00000032          0x0000046c   Section        0  libinit2.o(.ARM.Collect$$libinit$$00000032)
    .ARM.Collect$$libinit$$00000033          0x0000046c   Section        2  libinit2.o(.ARM.Collect$$libinit$$00000033)
    .ARM.Collect$$libshutdown$$00000000      0x0000046e   Section        2  libshutdown.o(.ARM.Collect$$libshutdown$$00000000)
    .ARM.Collect$$libshutdown$$00000002      0x00000470   Section        0  libshutdown2.o(.ARM.Collect$$libshutdown$$00000002)
    .ARM.Collect$$libshutdown$$00000004      0x00000470   Section        0  libshutdown2.o(.ARM.Collect$$libshutdown$$00000004)
    .ARM.Collect$$libshutdown$$00000007      0x00000470   Section        0  libshutdown2.o(.ARM.Collect$$libshutdown$$00000007)
    .ARM.Collect$$libshutdown$$0000000A      0x00000470   Section        0  libshutdown2.o(.ARM.Collect$$libshutdown$$0000000A)
    .ARM.Collect$$libshutdown$$0000000C      0x00000470   Section        0  libshutdown2.o(.ARM.Collect$$libshutdown$$0000000C)
    .ARM.Collect$$libshutdown$$0000000F      0x00000470   Section        0  libshutdown2.o(.ARM.Collect$$libshutdown$$0000000F)
    .ARM.Collect$$libshutdown$$00000010      0x00000470   Section        2  libshutdown2.o(.ARM.Collect$$libshutdown$$00000010)
    .ARM.Collect$$rtentry$$00000000          0x00000472   Section        0  __rtentry.o(.ARM.Collect$$rtentry$$00000000)
    .ARM.Collect$$rtentry$$00000002          0x00000472   Section        0  __rtentry2.o(.ARM.Collect$$rtentry$$00000002)
    .ARM.Collect$$rtentry$$00000007          0x00000472   Section        4  __rtentry7.o(.ARM.Collect$$rtentry$$00000007)
    .ARM.Collect$$rtentry$$00000009          0x00000476   Section        0  __rtentry2.o(.ARM.Collect$$rtentry$$00000009)
    .ARM.Collect$$rtentry$$0000000A          0x00000476   Section        4  __rtentry2.o(.ARM.Collect$$rtentry$$0000000A)
    .ARM.Collect$$rtentry$$0000000C          0x0000047a   Section        0  __rtentry2.o(.ARM.Collect$$rtentry$$0000000C)
    .ARM.Collect$$rtentry$$0000000D          0x0000047a   Section        8  __rtentry2.o(.ARM.Collect$$rtentry$$0000000D)
    .ARM.Collect$$rtentry$$00002718          0x00000484   Section        4  __rtentry7.o(.ARM.Collect$$rtentry$$00002718)
    __lit__00000000                          0x00000484   Data           4  __rtentry7.o(.ARM.Collect$$rtentry$$00002718)
    .ARM.Collect$$rtexit$$00000000           0x00000488   Section        2  rtexit.o(.ARM.Collect$$rtexit$$00000000)
    .ARM.Collect$$rtexit$$00000002           0x0000048a   Section        0  rtexit2.o(.ARM.Collect$$rtexit$$00000002)
    .ARM.Collect$$rtexit$$00000003           0x0000048a   Section        4  rtexit2.o(.ARM.Collect$$rtexit$$00000003)
    .ARM.Collect$$rtexit$$00000004           0x0000048e   Section        6  rtexit2.o(.ARM.Collect$$rtexit$$00000004)
    .text                                    0x00000494   Section        0  adc.o(.text)
    .text                                    0x00000564   Section        0  dac.o(.text)
    .text                                    0x000005bc   Section        0  main.o(.text)
    .text                                    0x0000060c   Section        0  mcg.o(.text)
    .text                                    0x000006b8   Section        0  timerint.o(.text)
    .text                                    0x00000734   Section      308  startup_mk22f51212.o(.text)
    $v0                                      0x00000734   Number         0  startup_mk22f51212.o(.text)
    .text                                    0x00000868   Section        0  system_mk22f51212.o(.text)
    .text                                    0x00000a5c   Section        0  exit.o(.text)
    .text                                    0x00000a6e   Section        2  use_no_semi.o(.text)
    .text                                    0x00000a70   Section        0  indicate_semi.o(.text)
    .text                                    0x00000a70   Section        0  sys_exit.o(.text)
    x$fpl$fpinit                             0x00000a7c   Section       10  fpinit.o(x$fpl$fpinit)
    $v0                                      0x00000a7c   Number         0  fpinit.o(x$fpl$fpinit)
    .data                                    0x1fff0000   Section        2  main.o(.data)
    .data                                    0x1fff0004   Section        4  system_mk22f51212.o(.data)

    Global Symbols

    Symbol Name                              Value     Ov Type        Size  Object(Section)

    BuildAttributes$$THM_ISAv4$E$P$D$K$B$S$7EM$VFPi3$EXTD16$VFPS$VFMA$PE$A:L22UL41UL21$X:L11$S22US41US21$IEEE1$IW$USESV6$~STKCKD$USESV7$~SHL$OSPACE$ROPI$EBA8$UX$STANDARDLIB$REQ8$PRES8$EABIv2 0x00000000   Number         0  anon$$obj.o ABSOLUTE
    __ARM_use_no_argv                        0x00000000   Number         0  main.o ABSOLUTE
    __Vectors                                0x00000000   Data           4  startup_mk22f51212.o(RESET)
    Image$$ZI$$Limit                          - Undefined Weak Reference
    __ARM_exceptions_init                     - Undefined Weak Reference
    __alloca_initialize                       - Undefined Weak Reference
    __arm_preinit_                            - Undefined Weak Reference
    __cpp_initialize__aeabi_                  - Undefined Weak Reference
    __cxa_finalize                            - Undefined Weak Reference
    __rt_locale                               - Undefined Weak Reference
    __sigvec_lookup                           - Undefined Weak Reference
    _atexit_init                              - Undefined Weak Reference
    _call_atexit_fns                          - Undefined Weak Reference
    _clock_init                               - Undefined Weak Reference
    _fp_trap_init                             - Undefined Weak Reference
    _fp_trap_shutdown                         - Undefined Weak Reference
    _get_lc_collate                           - Undefined Weak Reference
    _get_lc_ctype                             - Undefined Weak Reference
    _get_lc_monetary                          - Undefined Weak Reference
    _get_lc_numeric                           - Undefined Weak Reference
    _get_lc_time                              - Undefined Weak Reference
    _getenv_init                              - Undefined Weak Reference
    _handle_redirection                       - Undefined Weak Reference
    _init_alloc                               - Undefined Weak Reference
    _init_user_alloc                          - Undefined Weak Reference
    _initio                                   - Undefined Weak Reference
    _rand_init                                - Undefined Weak Reference
    _signal_finish                            - Undefined Weak Reference
    _signal_init                              - Undefined Weak Reference
    _terminate_alloc                          - Undefined Weak Reference
    _terminate_user_alloc                     - Undefined Weak Reference
    _terminateio                              - Undefined Weak Reference
    __Vectors_End                            0x00000400   Data           0  startup_mk22f51212.o(RESET)
    __Vectors_Size                           0x00000400   Number         0  startup_mk22f51212.o ABSOLUTE
    __main                                   0x00000411   Thumb Code     8  __main.o(!!!main)
    __scatterload                            0x00000419   Thumb Code     0  __scatter.o(!!!scatter)
    __scatterload_rt2                        0x00000419   Thumb Code    44  __scatter.o(!!!scatter)
    __scatterload_rt2_thumb_only             0x00000419   Thumb Code     0  __scatter.o(!!!scatter)
    __scatterload_null                       0x00000427   Thumb Code     0  __scatter.o(!!!scatter)
    __scatterload_copy                       0x0000044d   Thumb Code    26  __scatter_copy.o(!!handler_copy)
    __rt_lib_init                            0x00000467   Thumb Code     0  libinit.o(.ARM.Collect$$libinit$$00000000)
    __rt_lib_init_fp_1                       0x00000469   Thumb Code     0  libinit2.o(.ARM.Collect$$libinit$$00000001)
    __rt_lib_init_alloca_1                   0x0000046d   Thumb Code     0  libinit2.o(.ARM.Collect$$libinit$$0000002E)
    __rt_lib_init_argv_1                     0x0000046d   Thumb Code     0  libinit2.o(.ARM.Collect$$libinit$$0000002C)
    __rt_lib_init_atexit_1                   0x0000046d   Thumb Code     0  libinit2.o(.ARM.Collect$$libinit$$0000001B)
    __rt_lib_init_clock_1                    0x0000046d   Thumb Code     0  libinit2.o(.ARM.Collect$$libinit$$00000021)
    __rt_lib_init_cpp_1                      0x0000046d   Thumb Code     0  libinit2.o(.ARM.Collect$$libinit$$00000032)
    __rt_lib_init_exceptions_1               0x0000046d   Thumb Code     0  libinit2.o(.ARM.Collect$$libinit$$00000030)
    __rt_lib_init_fp_trap_1                  0x0000046d   Thumb Code     0  libinit2.o(.ARM.Collect$$libinit$$0000001F)
    __rt_lib_init_getenv_1                   0x0000046d   Thumb Code     0  libinit2.o(.ARM.Collect$$libinit$$00000023)
    __rt_lib_init_heap_1                     0x0000046d   Thumb Code     0  libinit2.o(.ARM.Collect$$libinit$$0000000A)
    __rt_lib_init_lc_collate_1               0x0000046d   Thumb Code     0  libinit2.o(.ARM.Collect$$libinit$$00000011)
    __rt_lib_init_lc_ctype_1                 0x0000046d   Thumb Code     0  libinit2.o(.ARM.Collect$$libinit$$00000013)
    __rt_lib_init_lc_monetary_1              0x0000046d   Thumb Code     0  libinit2.o(.ARM.Collect$$libinit$$00000015)
    __rt_lib_init_lc_numeric_1               0x0000046d   Thumb Code     0  libinit2.o(.ARM.Collect$$libinit$$00000017)
    __rt_lib_init_lc_time_1                  0x0000046d   Thumb Code     0  libinit2.o(.ARM.Collect$$libinit$$00000019)
    __rt_lib_init_preinit_1                  0x0000046d   Thumb Code     0  libinit2.o(.ARM.Collect$$libinit$$00000004)
    __rt_lib_init_rand_1                     0x0000046d   Thumb Code     0  libinit2.o(.ARM.Collect$$libinit$$0000000E)
    __rt_lib_init_return                     0x0000046d   Thumb Code     0  libinit2.o(.ARM.Collect$$libinit$$00000033)
    __rt_lib_init_signal_1                   0x0000046d   Thumb Code     0  libinit2.o(.ARM.Collect$$libinit$$0000001D)
    __rt_lib_init_stdio_1                    0x0000046d   Thumb Code     0  libinit2.o(.ARM.Collect$$libinit$$00000025)
    __rt_lib_init_user_alloc_1               0x0000046d   Thumb Code     0  libinit2.o(.ARM.Collect$$libinit$$0000000C)
    __rt_lib_shutdown                        0x0000046f   Thumb Code     0  libshutdown.o(.ARM.Collect$$libshutdown$$00000000)
    __rt_lib_shutdown_cpp_1                  0x00000471   Thumb Code     0  libshutdown2.o(.ARM.Collect$$libshutdown$$00000002)
    __rt_lib_shutdown_fp_trap_1              0x00000471   Thumb Code     0  libshutdown2.o(.ARM.Collect$$libshutdown$$00000007)
    __rt_lib_shutdown_heap_1                 0x00000471   Thumb Code     0  libshutdown2.o(.ARM.Collect$$libshutdown$$0000000F)
    __rt_lib_shutdown_return                 0x00000471   Thumb Code     0  libshutdown2.o(.ARM.Collect$$libshutdown$$00000010)
    __rt_lib_shutdown_signal_1               0x00000471   Thumb Code     0  libshutdown2.o(.ARM.Collect$$libshutdown$$0000000A)
    __rt_lib_shutdown_stdio_1                0x00000471   Thumb Code     0  libshutdown2.o(.ARM.Collect$$libshutdown$$00000004)
    __rt_lib_shutdown_user_alloc_1           0x00000471   Thumb Code     0  libshutdown2.o(.ARM.Collect$$libshutdown$$0000000C)
    __rt_entry                               0x00000473   Thumb Code     0  __rtentry.o(.ARM.Collect$$rtentry$$00000000)
    __rt_entry_presh_1                       0x00000473   Thumb Code     0  __rtentry2.o(.ARM.Collect$$rtentry$$00000002)
    __rt_entry_sh                            0x00000473   Thumb Code     0  __rtentry7.o(.ARM.Collect$$rtentry$$00000007)
    __rt_entry_li                            0x00000477   Thumb Code     0  __rtentry2.o(.ARM.Collect$$rtentry$$0000000A)
    __rt_entry_postsh_1                      0x00000477   Thumb Code     0  __rtentry2.o(.ARM.Collect$$rtentry$$00000009)
    __rt_entry_main                          0x0000047b   Thumb Code     0  __rtentry2.o(.ARM.Collect$$rtentry$$0000000D)
    __rt_entry_postli_1                      0x0000047b   Thumb Code     0  __rtentry2.o(.ARM.Collect$$rtentry$$0000000C)
    __rt_exit                                0x00000489   Thumb Code     0  rtexit.o(.ARM.Collect$$rtexit$$00000000)
    __rt_exit_ls                             0x0000048b   Thumb Code     0  rtexit2.o(.ARM.Collect$$rtexit$$00000003)
    __rt_exit_prels_1                        0x0000048b   Thumb Code     0  rtexit2.o(.ARM.Collect$$rtexit$$00000002)
    __rt_exit_exit                           0x0000048f   Thumb Code     0  rtexit2.o(.ARM.Collect$$rtexit$$00000004)
    ADC_Init                                 0x00000495   Thumb Code    48  adc.o(.text)
    ADC_Calibrate                            0x000004c5   Thumb Code   150  adc.o(.text)
    DAC_Init                                 0x00000565   Thumb Code    78  dac.o(.text)
    PIT0_IRQHandler                          0x000005bd   Thumb Code    40  main.o(.text)
    main                                     0x000005e5   Thumb Code    24  main.o(.text)
    MCG_Clock120_Init                        0x0000060d   Thumb Code   156  mcg.o(.text)
    TimerInt_Init                            0x000006b9   Thumb Code   108  timerint.o(.text)
    Reset_Handler                            0x00000735   Thumb Code    24  startup_mk22f51212.o(.text)
    NMI_Handler                              0x0000074d   Thumb Code     2  startup_mk22f51212.o(.text)
    HardFault_Handler                        0x0000074f   Thumb Code     2  startup_mk22f51212.o(.text)
    MemManage_Handler                        0x00000751   Thumb Code     2  startup_mk22f51212.o(.text)
    BusFault_Handler                         0x00000753   Thumb Code     2  startup_mk22f51212.o(.text)
    UsageFault_Handler                       0x00000755   Thumb Code     2  startup_mk22f51212.o(.text)
    SVC_Handler                              0x00000757   Thumb Code     2  startup_mk22f51212.o(.text)
    DebugMon_Handler                         0x00000759   Thumb Code     2  startup_mk22f51212.o(.text)
    PendSV_Handler                           0x0000075b   Thumb Code     2  startup_mk22f51212.o(.text)
    SysTick_Handler                          0x0000075d   Thumb Code     2  startup_mk22f51212.o(.text)
    DMA0_IRQHandler                          0x0000075f   Thumb Code     4  startup_mk22f51212.o(.text)
    DMA1_IRQHandler                          0x00000763   Thumb Code     4  startup_mk22f51212.o(.text)
    DMA2_IRQHandler                          0x00000767   Thumb Code     4  startup_mk22f51212.o(.text)
    DMA3_IRQHandler                          0x0000076b   Thumb Code     4  startup_mk22f51212.o(.text)
    DMA4_IRQHandler                          0x0000076f   Thumb Code     4  startup_mk22f51212.o(.text)
    DMA5_IRQHandler                          0x00000773   Thumb Code     4  startup_mk22f51212.o(.text)
    DMA6_IRQHandler                          0x00000777   Thumb Code     4  startup_mk22f51212.o(.text)
    DMA7_IRQHandler                          0x0000077b   Thumb Code     4  startup_mk22f51212.o(.text)
    DMA8_IRQHandler                          0x0000077f   Thumb Code     4  startup_mk22f51212.o(.text)
    DMA9_IRQHandler                          0x00000783   Thumb Code     4  startup_mk22f51212.o(.text)
    DMA10_IRQHandler                         0x00000787   Thumb Code     4  startup_mk22f51212.o(.text)
    DMA11_IRQHandler                         0x0000078b   Thumb Code     4  startup_mk22f51212.o(.text)
    DMA12_IRQHandler                         0x0000078f   Thumb Code     4  startup_mk22f51212.o(.text)
    DMA13_IRQHandler                         0x00000793   Thumb Code     4  startup_mk22f51212.o(.text)
    DMA14_IRQHandler                         0x00000797   Thumb Code     4  startup_mk22f51212.o(.text)
    DMA15_IRQHandler                         0x0000079b   Thumb Code     4  startup_mk22f51212.o(.text)
    DMA_Error_IRQHandler                     0x0000079f   Thumb Code     4  startup_mk22f51212.o(.text)
    I2C0_IRQHandler                          0x000007a3   Thumb Code     4  startup_mk22f51212.o(.text)
    I2C1_IRQHandler                          0x000007a7   Thumb Code     4  startup_mk22f51212.o(.text)
    SPI0_IRQHandler                          0x000007ab   Thumb Code     4  startup_mk22f51212.o(.text)
    SPI1_IRQHandler                          0x000007af   Thumb Code     4  startup_mk22f51212.o(.text)
    I2S0_Tx_IRQHandler                       0x000007b3   Thumb Code     4  startup_mk22f51212.o(.text)
    I2S0_Rx_IRQHandler                       0x000007b7   Thumb Code     4  startup_mk22f51212.o(.text)
    LPUART0_IRQHandler                       0x000007bb   Thumb Code     4  startup_mk22f51212.o(.text)
    UART0_RX_TX_IRQHandler                   0x000007bf   Thumb Code     4  startup_mk22f51212.o(.text)
    UART0_ERR_IRQHandler                     0x000007c3   Thumb Code     4  startup_mk22f51212.o(.text)
    UART1_RX_TX_IRQHandler                   0x000007c7   Thumb Code     4  startup_mk22f51212.o(.text)
    UART1_ERR_IRQHandler                     0x000007cb   Thumb Code     4  startup_mk22f51212.o(.text)
    UART2_RX_TX_IRQHandler                   0x000007cf   Thumb Code     4  startup_mk22f51212.o(.text)
    UART2_ERR_IRQHandler                     0x000007d3   Thumb Code     4  startup_mk22f51212.o(.text)
    ADC0_IRQHandler                          0x000007d7   Thumb Code     0  startup_mk22f51212.o(.text)
    ADC1_IRQHandler                          0x000007d7   Thumb Code     0  startup_mk22f51212.o(.text)
    CMP0_IRQHandler                          0x000007d7   Thumb Code     0  startup_mk22f51212.o(.text)
    CMP1_IRQHandler                          0x000007d7   Thumb Code     0  startup_mk22f51212.o(.text)
    DAC0_IRQHandler                          0x000007d7   Thumb Code     0  startup_mk22f51212.o(.text)
    DAC1_IRQHandler                          0x000007d7   Thumb Code     0  startup_mk22f51212.o(.text)
    DMA0_DriverIRQHandler                    0x000007d7   Thumb Code     0  startup_mk22f51212.o(.text)
    DMA10_DriverIRQHandler                   0x000007d7   Thumb Code     0  startup_mk22f51212.o(.text)
    DMA11_DriverIRQHandler                   0x000007d7   Thumb Code     0  startup_mk22f51212.o(.text)
    DMA12_DriverIRQHandler                   0x000007d7   Thumb Code     0  startup_mk22f51212.o(.text)
    DMA13_DriverIRQHandler                   0x000007d7   Thumb Code     0  startup_mk22f51212.o(.text)
    DMA14_DriverIRQHandler                   0x000007d7   Thumb Code     0  startup_mk22f51212.o(.text)
    DMA15_DriverIRQHandler                   0x000007d7   Thumb Code     0  startup_mk22f51212.o(.text)
    DMA1_DriverIRQHandler                    0x000007d7   Thumb Code     0  startup_mk22f51212.o(.text)
    DMA2_DriverIRQHandler                    0x000007d7   Thumb Code     0  startup_mk22f51212.o(.text)
    DMA3_DriverIRQHandler                    0x000007d7   Thumb Code     0  startup_mk22f51212.o(.text)
    DMA4_DriverIRQHandler                    0x000007d7   Thumb Code     0  startup_mk22f51212.o(.text)
    DMA5_DriverIRQHandler                    0x000007d7   Thumb Code     0  startup_mk22f51212.o(.text)
    DMA6_DriverIRQHandler                    0x000007d7   Thumb Code     0  startup_mk22f51212.o(.text)
    DMA7_DriverIRQHandler                    0x000007d7   Thumb Code     0  startup_mk22f51212.o(.text)
    DMA8_DriverIRQHandler                    0x000007d7   Thumb Code     0  startup_mk22f51212.o(.text)
    DMA9_DriverIRQHandler                    0x000007d7   Thumb Code     0  startup_mk22f51212.o(.text)
    DMA_Error_DriverIRQHandler               0x000007d7   Thumb Code     0  startup_mk22f51212.o(.text)
    DefaultISR                               0x000007d7   Thumb Code     0  startup_mk22f51212.o(.text)
    FTF_IRQHandler                           0x000007d7   Thumb Code     0  startup_mk22f51212.o(.text)
    FTM0_IRQHandler                          0x000007d7   Thumb Code     0  startup_mk22f51212.o(.text)
    FTM1_IRQHandler                          0x000007d7   Thumb Code     0  startup_mk22f51212.o(.text)
    FTM2_IRQHandler                          0x000007d7   Thumb Code     0  startup_mk22f51212.o(.text)
    FTM3_IRQHandler                          0x000007d7   Thumb Code     0  startup_mk22f51212.o(.text)
    I2C0_DriverIRQHandler                    0x000007d7   Thumb Code     0  startup_mk22f51212.o(.text)
    I2C1_DriverIRQHandler                    0x000007d7   Thumb Code     0  startup_mk22f51212.o(.text)
    I2S0_Rx_DriverIRQHandler                 0x000007d7   Thumb Code     0  startup_mk22f51212.o(.text)
    I2S0_Tx_DriverIRQHandler                 0x000007d7   Thumb Code     0  startup_mk22f51212.o(.text)
    LLWU_IRQHandler                          0x000007d7   Thumb Code     0  startup_mk22f51212.o(.text)
    LPTMR0_IRQHandler                        0x000007d7   Thumb Code     0  startup_mk22f51212.o(.text)
    LPUART0_DriverIRQHandler                 0x000007d7   Thumb Code     0  startup_mk22f51212.o(.text)
    LVD_LVW_IRQHandler                       0x000007d7   Thumb Code     0  startup_mk22f51212.o(.text)
    MCG_IRQHandler                           0x000007d7   Thumb Code     0  startup_mk22f51212.o(.text)
    MCM_IRQHandler                           0x000007d7   Thumb Code     0  startup_mk22f51212.o(.text)
    PDB0_IRQHandler                          0x000007d7   Thumb Code     0  startup_mk22f51212.o(.text)
    PIT1_IRQHandler                          0x000007d7   Thumb Code     0  startup_mk22f51212.o(.text)
    PIT2_IRQHandler                          0x000007d7   Thumb Code     0  startup_mk22f51212.o(.text)
    PIT3_IRQHandler                          0x000007d7   Thumb Code     0  startup_mk22f51212.o(.text)
    PORTA_IRQHandler                         0x000007d7   Thumb Code     0  startup_mk22f51212.o(.text)
    PORTB_IRQHandler                         0x000007d7   Thumb Code     0  startup_mk22f51212.o(.text)
    PORTC_IRQHandler                         0x000007d7   Thumb Code     0  startup_mk22f51212.o(.text)
    PORTD_IRQHandler                         0x000007d7   Thumb Code     0  startup_mk22f51212.o(.text)
    PORTE_IRQHandler                         0x000007d7   Thumb Code     0  startup_mk22f51212.o(.text)
    RNG_IRQHandler                           0x000007d7   Thumb Code     0  startup_mk22f51212.o(.text)
    RTC_IRQHandler                           0x000007d7   Thumb Code     0  startup_mk22f51212.o(.text)
    RTC_Seconds_IRQHandler                   0x000007d7   Thumb Code     0  startup_mk22f51212.o(.text)
    Read_Collision_IRQHandler                0x000007d7   Thumb Code     0  startup_mk22f51212.o(.text)
    Reserved100_IRQHandler                   0x000007d7   Thumb Code     0  startup_mk22f51212.o(.text)
    Reserved101_IRQHandler                   0x000007d7   Thumb Code     0  startup_mk22f51212.o(.text)
    Reserved53_IRQHandler                    0x000007d7   Thumb Code     0  startup_mk22f51212.o(.text)
    Reserved54_IRQHandler                    0x000007d7   Thumb Code     0  startup_mk22f51212.o(.text)
    Reserved61_IRQHandler                    0x000007d7   Thumb Code     0  startup_mk22f51212.o(.text)
    Reserved70_IRQHandler                    0x000007d7   Thumb Code     0  startup_mk22f51212.o(.text)
    Reserved71_IRQHandler                    0x000007d7   Thumb Code     0  startup_mk22f51212.o(.text)
    Reserved81_IRQHandler                    0x000007d7   Thumb Code     0  startup_mk22f51212.o(.text)
    Reserved82_IRQHandler                    0x000007d7   Thumb Code     0  startup_mk22f51212.o(.text)
    Reserved83_IRQHandler                    0x000007d7   Thumb Code     0  startup_mk22f51212.o(.text)
    Reserved84_IRQHandler                    0x000007d7   Thumb Code     0  startup_mk22f51212.o(.text)
    Reserved85_IRQHandler                    0x000007d7   Thumb Code     0  startup_mk22f51212.o(.text)
    Reserved86_IRQHandler                    0x000007d7   Thumb Code     0  startup_mk22f51212.o(.text)
    Reserved90_IRQHandler                    0x000007d7   Thumb Code     0  startup_mk22f51212.o(.text)
    Reserved91_IRQHandler                    0x000007d7   Thumb Code     0  startup_mk22f51212.o(.text)
    Reserved92_IRQHandler                    0x000007d7   Thumb Code     0  startup_mk22f51212.o(.text)
    Reserved93_IRQHandler                    0x000007d7   Thumb Code     0  startup_mk22f51212.o(.text)
    Reserved94_IRQHandler                    0x000007d7   Thumb Code     0  startup_mk22f51212.o(.text)
    Reserved95_IRQHandler                    0x000007d7   Thumb Code     0  startup_mk22f51212.o(.text)
    Reserved96_IRQHandler                    0x000007d7   Thumb Code     0  startup_mk22f51212.o(.text)
    Reserved97_IRQHandler                    0x000007d7   Thumb Code     0  startup_mk22f51212.o(.text)
    Reserved98_IRQHandler                    0x000007d7   Thumb Code     0  startup_mk22f51212.o(.text)
    Reserved99_IRQHandler                    0x000007d7   Thumb Code     0  startup_mk22f51212.o(.text)
    SPI0_DriverIRQHandler                    0x000007d7   Thumb Code     0  startup_mk22f51212.o(.text)
    SPI1_DriverIRQHandler                    0x000007d7   Thumb Code     0  startup_mk22f51212.o(.text)
    SWI_IRQHandler                           0x000007d7   Thumb Code     0  startup_mk22f51212.o(.text)
    UART0_ERR_DriverIRQHandler               0x000007d7   Thumb Code     0  startup_mk22f51212.o(.text)
    UART0_RX_TX_DriverIRQHandler             0x000007d7   Thumb Code     0  startup_mk22f51212.o(.text)
    UART1_ERR_DriverIRQHandler               0x000007d7   Thumb Code     0  startup_mk22f51212.o(.text)
    UART1_RX_TX_DriverIRQHandler             0x000007d7   Thumb Code     0  startup_mk22f51212.o(.text)
    UART2_ERR_DriverIRQHandler               0x000007d7   Thumb Code     0  startup_mk22f51212.o(.text)
    UART2_RX_TX_DriverIRQHandler             0x000007d7   Thumb Code     0  startup_mk22f51212.o(.text)
    USB0_IRQHandler                          0x000007d7   Thumb Code     0  startup_mk22f51212.o(.text)
    WDOG_EWM_IRQHandler                      0x000007d7   Thumb Code     0  startup_mk22f51212.o(.text)
    SystemInitHook                           0x00000869   Thumb Code     2  system_mk22f51212.o(.text)
    SystemInit                               0x0000086b   Thumb Code    40  system_mk22f51212.o(.text)
    SystemCoreClockUpdate                    0x00000893   Thumb Code   426  system_mk22f51212.o(.text)
    exit                                     0x00000a5d   Thumb Code    18  exit.o(.text)
    __I$use$semihosting                      0x00000a6f   Thumb Code     0  use_no_semi.o(.text)
    __use_no_semihosting_swi                 0x00000a6f   Thumb Code     2  use_no_semi.o(.text)
    __semihosting_library_function           0x00000a71   Thumb Code     0  indicate_semi.o(.text)
    _sys_exit                                0x00000a71   Thumb Code     8  sys_exit.o(.text)
    _fp_init                                 0x00000a7d   Thumb Code    10  fpinit.o(x$fpl$fpinit)
    __fplib_config_fpu_vfp                   0x00000a85   Thumb Code     0  fpinit.o(x$fpl$fpinit)
    __fplib_config_pureend_doubles           0x00000a85   Thumb Code     0  fpinit.o(x$fpl$fpinit)
    Region$$Table$$Base                      0x00000a88   Number         0  anon$$obj.o(Region$$Table)
    Region$$Table$$Limit                     0x00000a98   Number         0  anon$$obj.o(Region$$Table)
    valADC                                   0x1fff0000   Data           2  main.o(.data)
    SystemCoreClock                          0x1fff0004   Data           4  system_mk22f51212.o(.data)
    Image$$ARM_LIB_HEAP$$ZI$$Base            0x20000000   Number         0  anon$$obj.o ABSOLUTE
    Image$$ARM_LIB_HEAP$$ZI$$Limit           0x20000400   Number         0  anon$$obj.o ABSOLUTE
    Image$$ARM_LIB_STACK$$ZI$$Limit          0x20010000   Number         0  anon$$obj.o ABSOLUTE



==============================================================================

Memory Map of the image

  Image Entry point : 0x00000735

  Load Region LR_m_text (Base: 0x00000000, Size: 0x00000aa0, Max: 0x00080000, ABSOLUTE)

    Execution Region VECTOR_ROM (Exec base: 0x00000000, Load base: 0x00000000, Size: 0x00000400, Max: 0x00000400, ABSOLUTE)

    Exec Addr    Load Addr    Size         Type   Attr      Idx    E Section Name        Object

    0x00000000   0x00000000   0x00000400   Data   RO          172    RESET               startup_mk22f51212.o


    Execution Region ER_m_flash_config (Exec base: 0x00000400, Load base: 0x00000400, Size: 0x00000010, Max: 0x00000010, ABSOLUTE, FIXED)

    Exec Addr    Load Addr    Size         Type   Attr      Idx    E Section Name        Object

    0x00000400   0x00000400   0x00000010   Data   RO          173    FlashConfig         startup_mk22f51212.o


    Execution Region ER_m_text (Exec base: 0x00000410, Load base: 0x00000410, Size: 0x00000688, Max: 0x0007fbf0, ABSOLUTE)

    Exec Addr    Load Addr    Size         Type   Attr      Idx    E Section Name        Object

    0x00000410   0x00000410   0x00000008   Code   RO          223  * !!!main             c_w.l(__main.o)
    0x00000418   0x00000418   0x00000034   Code   RO          391    !!!scatter          c_w.l(__scatter.o)
    0x0000044c   0x0000044c   0x0000001a   Code   RO          393    !!handler_copy      c_w.l(__scatter_copy.o)
    0x00000466   0x00000466   0x00000002   Code   RO          255    .ARM.Collect$$libinit$$00000000  c_w.l(libinit.o)
    0x00000468   0x00000468   0x00000004   Code   RO          263    .ARM.Collect$$libinit$$00000001  c_w.l(libinit2.o)
    0x0000046c   0x0000046c   0x00000000   Code   RO          266    .ARM.Collect$$libinit$$00000004  c_w.l(libinit2.o)
    0x0000046c   0x0000046c   0x00000000   Code   RO          269    .ARM.Collect$$libinit$$0000000A  c_w.l(libinit2.o)
    0x0000046c   0x0000046c   0x00000000   Code   RO          271    .ARM.Collect$$libinit$$0000000C  c_w.l(libinit2.o)
    0x0000046c   0x0000046c   0x00000000   Code   RO          273    .ARM.Collect$$libinit$$0000000E  c_w.l(libinit2.o)
    0x0000046c   0x0000046c   0x00000000   Code   RO          276    .ARM.Collect$$libinit$$00000011  c_w.l(libinit2.o)
    0x0000046c   0x0000046c   0x00000000   Code   RO          278    .ARM.Collect$$libinit$$00000013  c_w.l(libinit2.o)
    0x0000046c   0x0000046c   0x00000000   Code   RO          280    .ARM.Collect$$libinit$$00000015  c_w.l(libinit2.o)
    0x0000046c   0x0000046c   0x00000000   Code   RO          282    .ARM.Collect$$libinit$$00000017  c_w.l(libinit2.o)
    0x0000046c   0x0000046c   0x00000000   Code   RO          284    .ARM.Collect$$libinit$$00000019  c_w.l(libinit2.o)
    0x0000046c   0x0000046c   0x00000000   Code   RO          286    .ARM.Collect$$libinit$$0000001B  c_w.l(libinit2.o)
    0x0000046c   0x0000046c   0x00000000   Code   RO          288    .ARM.Collect$$libinit$$0000001D  c_w.l(libinit2.o)
    0x0000046c   0x0000046c   0x00000000   Code   RO          290    .ARM.Collect$$libinit$$0000001F  c_w.l(libinit2.o)
    0x0000046c   0x0000046c   0x00000000   Code   RO          292    .ARM.Collect$$libinit$$00000021  c_w.l(libinit2.o)
    0x0000046c   0x0000046c   0x00000000   Code   RO          294    .ARM.Collect$$libinit$$00000023  c_w.l(libinit2.o)
    0x0000046c   0x0000046c   0x00000000   Code   RO          296    .ARM.Collect$$libinit$$00000025  c_w.l(libinit2.o)
    0x0000046c   0x0000046c   0x00000000   Code   RO          300    .ARM.Collect$$libinit$$0000002C  c_w.l(libinit2.o)
    0x0000046c   0x0000046c   0x00000000   Code   RO          302    .ARM.Collect$$libinit$$0000002E  c_w.l(libinit2.o)
    0x0000046c   0x0000046c   0x00000000   Code   RO          304    .ARM.Collect$$libinit$$00000030  c_w.l(libinit2.o)
    0x0000046c   0x0000046c   0x00000000   Code   RO          306    .ARM.Collect$$libinit$$00000032  c_w.l(libinit2.o)
    0x0000046c   0x0000046c   0x00000002   Code   RO          307    .ARM.Collect$$libinit$$00000033  c_w.l(libinit2.o)
    0x0000046e   0x0000046e   0x00000002   Code   RO          334    .ARM.Collect$$libshutdown$$00000000  c_w.l(libshutdown.o)
    0x00000470   0x00000470   0x00000000   Code   RO          344    .ARM.Collect$$libshutdown$$00000002  c_w.l(libshutdown2.o)
    0x00000470   0x00000470   0x00000000   Code   RO          346    .ARM.Collect$$libshutdown$$00000004  c_w.l(libshutdown2.o)
    0x00000470   0x00000470   0x00000000   Code   RO          349    .ARM.Collect$$libshutdown$$00000007  c_w.l(libshutdown2.o)
    0x00000470   0x00000470   0x00000000   Code   RO          352    .ARM.Collect$$libshutdown$$0000000A  c_w.l(libshutdown2.o)
    0x00000470   0x00000470   0x00000000   Code   RO          354    .ARM.Collect$$libshutdown$$0000000C  c_w.l(libshutdown2.o)
    0x00000470   0x00000470   0x00000000   Code   RO          357    .ARM.Collect$$libshutdown$$0000000F  c_w.l(libshutdown2.o)
    0x00000470   0x00000470   0x00000002   Code   RO          358    .ARM.Collect$$libshutdown$$00000010  c_w.l(libshutdown2.o)
    0x00000472   0x00000472   0x00000000   Code   RO          225    .ARM.Collect$$rtentry$$00000000  c_w.l(__rtentry.o)
    0x00000472   0x00000472   0x00000000   Code   RO          227    .ARM.Collect$$rtentry$$00000002  c_w.l(__rtentry2.o)
    0x00000472   0x00000472   0x00000004   Code   RO          241    .ARM.Collect$$rtentry$$00000007  c_w.l(__rtentry7.o)
    0x00000476   0x00000476   0x00000000   Code   RO          229    .ARM.Collect$$rtentry$$00000009  c_w.l(__rtentry2.o)
    0x00000476   0x00000476   0x00000004   Code   RO          230    .ARM.Collect$$rtentry$$0000000A  c_w.l(__rtentry2.o)
    0x0000047a   0x0000047a   0x00000000   Code   RO          232    .ARM.Collect$$rtentry$$0000000C  c_w.l(__rtentry2.o)
    0x0000047a   0x0000047a   0x00000008   Code   RO          233    .ARM.Collect$$rtentry$$0000000D  c_w.l(__rtentry2.o)
    0x00000482   0x00000482   0x00000002   PAD
    0x00000484   0x00000484   0x00000004   Code   RO          242    .ARM.Collect$$rtentry$$00002718  c_w.l(__rtentry7.o)
    0x00000488   0x00000488   0x00000002   Code   RO          261    .ARM.Collect$$rtexit$$00000000  c_w.l(rtexit.o)
    0x0000048a   0x0000048a   0x00000000   Code   RO          316    .ARM.Collect$$rtexit$$00000002  c_w.l(rtexit2.o)
    0x0000048a   0x0000048a   0x00000004   Code   RO          317    .ARM.Collect$$rtexit$$00000003  c_w.l(rtexit2.o)
    0x0000048e   0x0000048e   0x00000006   Code   RO          318    .ARM.Collect$$rtexit$$00000004  c_w.l(rtexit2.o)
    0x00000494   0x00000494   0x000000d0   Code   RO            6    .text               adc.o
    0x00000564   0x00000564   0x00000058   Code   RO           59    .text               dac.o
    0x000005bc   0x000005bc   0x00000050   Code   RO           86    .text               main.o
    0x0000060c   0x0000060c   0x000000ac   Code   RO          123    .text               mcg.o
    0x000006b8   0x000006b8   0x0000007c   Code   RO          147    .text               timerint.o
    0x00000734   0x00000734   0x00000134   Code   RO          174  * .text               startup_mk22f51212.o
    0x00000868   0x00000868   0x000001f4   Code   RO          181    .text               system_mk22f51212.o
    0x00000a5c   0x00000a5c   0x00000012   Code   RO          248    .text               c_w.l(exit.o)
    0x00000a6e   0x00000a6e   0x00000002   Code   RO          312    .text               c_w.l(use_no_semi.o)
    0x00000a70   0x00000a70   0x00000000   Code   RO          314    .text               c_w.l(indicate_semi.o)
    0x00000a70   0x00000a70   0x0000000c   Code   RO          326    .text               c_w.l(sys_exit.o)
    0x00000a7c   0x00000a7c   0x0000000a   Code   RO          324    x$fpl$fpinit        fz_wm.l(fpinit.o)
    0x00000a86   0x00000a86   0x00000002   PAD
    0x00000a88   0x00000a88   0x00000010   Data   RO          389    Region$$Table       anon$$obj.o


    Execution Region RW_m_data (Exec base: 0x1fff0000, Load base: 0x00000a98, Size: 0x00000008, Max: 0x00010000, ABSOLUTE)

    Exec Addr    Load Addr    Size         Type   Attr      Idx    E Section Name        Object

    0x1fff0000   0x00000a98   0x00000002   Data   RW           87    .data               main.o
    0x1fff0002   0x00000a9a   0x00000002   PAD
    0x1fff0004   0x00000a9c   0x00000004   Data   RW          182    .data               system_mk22f51212.o


    Execution Region RW_m_data_2 (Exec base: 0x20000000, Load base: 0x00000aa0, Size: 0x00000000, Max: 0x0000f800, ABSOLUTE)

    **** No section assigned to this execution region ****


    Execution Region ARM_LIB_HEAP (Exec base: 0x20000000, Load base: 0x00000aa0, Size: 0x00000400, Max: 0x00000400, ABSOLUTE)

    Exec Addr    Load Addr    Size         Type   Attr      Idx    E Section Name        Object

    0x20000000        -       0x00000400   Zero   RW            1    ARM_LIB_HEAP.bss    anon$$obj.o


    Execution Region ARM_LIB_STACK (Exec base: 0x2000fc00, Load base: 0x00000aa0, Size: 0x00000400, Max: 0x00000400, ABSOLUTE)

    Exec Addr    Load Addr    Size         Type   Attr      Idx    E Section Name        Object

    0x2000fc00        -       0x00000400   Zero   RW            2    ARM_LIB_STACK.bss   anon$$obj.o


==============================================================================

Image component sizes


      Code (inc. data)   RO Data    RW Data    ZI Data      Debug   Object Name

       208         10          0          0          0     299121   adc.o
        88         10          0          0          0        455   dac.o
        80         16          0          2          0      29471   main.o
       172         16          0          0          0        536   mcg.o
       308        142       1040          0          0       2280   startup_mk22f51212.o
       500         40          0          4          0       1496   system_mk22f51212.o
       124         16          0          0          0      29147   timerint.o

    ----------------------------------------------------------------------
      1480        250       1056          8       2048     362506   Object Totals
         0          0         16          0       2048          0   (incl. Generated)
         0          0          0          2          0          0   (incl. Padding)

    ----------------------------------------------------------------------

      Code (inc. data)   RO Data    RW Data    ZI Data      Debug   Library Member Name

         8          0          0          0          0         68   __main.o
         0          0          0          0          0          0   __rtentry.o
        12          0          0          0          0          0   __rtentry2.o
         8          4          0          0          0          0   __rtentry7.o
        52          8          0          0          0          0   __scatter.o
        26          0          0          0          0          0   __scatter_copy.o
        18          0          0          0          0         80   exit.o
         0          0          0          0          0          0   indicate_semi.o
         2          0          0          0          0          0   libinit.o
         6          0          0          0          0          0   libinit2.o
         2          0          0          0          0          0   libshutdown.o
         2          0          0          0          0          0   libshutdown2.o
         2          0          0          0          0          0   rtexit.o
        10          0          0          0          0          0   rtexit2.o
        12          4          0          0          0         68   sys_exit.o
         2          0          0          0          0         68   use_no_semi.o
        10          0          0          0          0        116   fpinit.o

    ----------------------------------------------------------------------
       176         16          0          0          0        400   Library Totals
         4          0          0          0          0          0   (incl. Padding)

    ----------------------------------------------------------------------

      Code (inc. data)   RO Data    RW Data    ZI Data      Debug   Library Name

       162         16          0          0          0        284   c_w.l
        10          0          0          0          0        116   fz_wm.l

    ----------------------------------------------------------------------
       176         16          0          0          0        400   Library Totals

    ----------------------------------------------------------------------

==============================================================================


      Code (inc. data)   RO Data    RW Data    ZI Data      Debug   

      1656        266       1056          8       2048     362338   Grand Totals
      1656        266       1056          8       2048     362338   ELF Image Totals
      1656        266       1056          8          0          0   ROM Totals

==============================================================================

    Total RO  Size (Code + RO Data)                 2712 (   2.65kB)
    Total RW  Size (RW Data + ZI Data)              2056 (   2.01kB)
    Total ROM Size (Code + RO Data + RW Data)       2720 (   2.66kB)

==============================================================================

