Component: ARM Compiler 5.06 update 6 (build 750) Tool: armlink [4d35ed]

==============================================================================

Section Cross References

    main.o(.text) refers to lcd.o(.text) for LCD_Write
    main.o(.text) refers to mcg.o(.text) for MCG_Clock120_Init
    main.o(.text) refers to adc.o(.text) for ADC_Init
    main.o(.text) refers to dac.o(.text) for DAC_Init
    main.o(.text) refers to timerint.o(.text) for TimerInt_Init
    main.o(.text) refers to rt_memclr_w.o(.text) for __aeabi_memclr4
    main.o(.text) refers to freqanalyze.o(.text) for getTunedFrequency
    main.o(.text) refers to dflt_clz.o(x$fpl$dflt) for __aeabi_i2d
    main.o(.text) refers to f2d.o(x$fpl$f2d) for __aeabi_f2d
    main.o(.text) refers to log2.o(i.__hardfp_log2) for __hardfp_log2
    main.o(.text) refers to dmul.o(x$fpl$dmul) for __aeabi_dmul
    main.o(.text) refers to daddsub_clz.o(x$fpl$dadd) for __aeabi_dadd
    main.o(.text) refers to dfix.o(x$fpl$dfix) for __aeabi_d2iz
    main.o(.text) refers to main.o(.data) for buff
    main.o(.text) refers to main.o(.bss) for x
    main.o(.data) refers to main.o(.conststring) for .conststring
    freqanalyze.o(.text) refers to freqanalyze.o(.data) for freqInfo2
    startup_mk22f51212.o(RESET) refers to startup_mk22f51212.o(.text) for Reset_Handler
    startup_mk22f51212.o(RESET) refers to main.o(.text) for PIT0_IRQHandler
    startup_mk22f51212.o(.text) refers to startup_mk22f51212.o(FlashConfig) for FlashConfig
    startup_mk22f51212.o(.text) refers to startup_mk22f51212.o(RESET) for __Vectors
    startup_mk22f51212.o(.text) refers to system_mk22f51212.o(.text) for SystemInit
    startup_mk22f51212.o(.text) refers to __main.o(!!!main) for __main
    system_mk22f51212.o(.text) refers to system_mk22f51212.o(.data) for SystemCoreClock
    __main.o(!!!main) refers to __rtentry.o(.ARM.Collect$$rtentry$$00000000) for __rt_entry
    daddsub_clz.o(x$fpl$dadd) refers (Special) to usenofp.o(x$fpl$usenofp) for __I$use$fp
    daddsub_clz.o(x$fpl$dadd) refers to daddsub_clz.o(x$fpl$dsub) for _dsub1
    daddsub_clz.o(x$fpl$dadd) refers to dretinf.o(x$fpl$dretinf) for __fpl_dretinf
    daddsub_clz.o(x$fpl$dadd) refers to dnaninf.o(x$fpl$dnaninf) for __fpl_dnaninf
    daddsub_clz.o(x$fpl$drsb) refers (Special) to usenofp.o(x$fpl$usenofp) for __I$use$fp
    daddsub_clz.o(x$fpl$drsb) refers to daddsub_clz.o(x$fpl$dadd) for _dadd1
    daddsub_clz.o(x$fpl$drsb) refers to daddsub_clz.o(x$fpl$dsub) for _dsub1
    daddsub_clz.o(x$fpl$dsub) refers (Special) to usenofp.o(x$fpl$usenofp) for __I$use$fp
    daddsub_clz.o(x$fpl$dsub) refers to daddsub_clz.o(x$fpl$dadd) for _dadd1
    daddsub_clz.o(x$fpl$dsub) refers to dnaninf.o(x$fpl$dnaninf) for __fpl_dnaninf
    dfix.o(x$fpl$dfix) refers (Special) to usenofp.o(x$fpl$usenofp) for __I$use$fp
    dfix.o(x$fpl$dfix) refers to dnaninf.o(x$fpl$dnaninf) for __fpl_dnaninf
    dfix.o(x$fpl$dfixr) refers (Special) to usenofp.o(x$fpl$usenofp) for __I$use$fp
    dfix.o(x$fpl$dfixr) refers to dnaninf.o(x$fpl$dnaninf) for __fpl_dnaninf
    dflt_clz.o(x$fpl$dfltu) refers (Special) to usenofp.o(x$fpl$usenofp) for __I$use$fp
    dflt_clz.o(x$fpl$dflt) refers (Special) to usenofp.o(x$fpl$usenofp) for __I$use$fp
    dflt_clz.o(x$fpl$dfltn) refers (Special) to usenofp.o(x$fpl$usenofp) for __I$use$fp
    dmul.o(x$fpl$dmul) refers (Special) to usenofp.o(x$fpl$usenofp) for __I$use$fp
    dmul.o(x$fpl$dmul) refers to dretinf.o(x$fpl$dretinf) for __fpl_dretinf
    dmul.o(x$fpl$dmul) refers to dnaninf.o(x$fpl$dnaninf) for __fpl_dnaninf
    f2d.o(x$fpl$f2d) refers (Special) to usenofp.o(x$fpl$usenofp) for __I$use$fp
    f2d.o(x$fpl$f2d) refers to fnaninf.o(x$fpl$fnaninf) for __fpl_fnaninf
    f2d.o(x$fpl$f2d) refers to dretinf.o(x$fpl$dretinf) for __fpl_dretinf
    log2.o(i.__hardfp_log2) refers (Special) to usenofp.o(x$fpl$usenofp) for __I$use$fp
    log2.o(i.__hardfp_log2) refers to deqf.o(x$fpl$deqf) for __aeabi_cdcmpeq
    log2.o(i.__hardfp_log2) refers to dunder.o(i.__mathlib_dbl_infnan) for __mathlib_dbl_infnan
    log2.o(i.__hardfp_log2) refers to dleqf.o(x$fpl$dleqf) for __aeabi_cdcmple
    log2.o(i.__hardfp_log2) refers to _rserrno.o(.text) for __set_errno
    log2.o(i.__hardfp_log2) refers to dunder.o(i.__mathlib_dbl_invalid) for __mathlib_dbl_invalid
    log2.o(i.__hardfp_log2) refers to frexp.o(i.frexp) for frexp
    log2.o(i.__hardfp_log2) refers to dmul.o(x$fpl$dmul) for __aeabi_dmul
    log2.o(i.__hardfp_log2) refers to log.o(i.log) for log
    log2.o(i.__hardfp_log2) refers to ddiv.o(x$fpl$ddiv) for __aeabi_ddiv
    log2.o(i.__hardfp_log2) refers to dflt_clz.o(x$fpl$dflt) for __aeabi_i2d
    log2.o(i.__hardfp_log2) refers to daddsub_clz.o(x$fpl$dadd) for __aeabi_dadd
    log2.o(i.log2) refers (Special) to usenofp.o(x$fpl$usenofp) for __I$use$fp
    log2.o(i.log2) refers to deqf.o(x$fpl$deqf) for __aeabi_cdcmpeq
    log2.o(i.log2) refers to dunder.o(i.__mathlib_dbl_infnan) for __mathlib_dbl_infnan
[...]
    log2_x.o(i.____hardfp_log2$lsc) refers to dmul.o(x$fpl$dmul) for __aeabi_dmul
    log2_x.o(i.____hardfp_log2$lsc) refers to log.o(i.log) for log
    log2_x.o(i.____hardfp_log2$lsc) refers to ddiv.o(x$fpl$ddiv) for __aeabi_ddiv
    log2_x.o(i.____hardfp_log2$lsc) refers to dflt_clz.o(x$fpl$dflt) for __aeabi_i2d
    log2_x.o(i.____hardfp_log2$lsc) refers to daddsub_clz.o(x$fpl$dadd) for __aeabi_dadd
    log2_x.o(i.__log2$lsc) refers (Special) to usenofp.o(x$fpl$usenofp) for __I$use$fp
    log2_x.o(i.__log2$lsc) refers to deqf.o(x$fpl$deqf) for __aeabi_cdcmpeq
    log2_x.o(i.__log2$lsc) refers to dunder.o(i.__mathlib_dbl_infnan) for __mathlib_dbl_infnan
    log2_x.o(i.__log2$lsc) refers to dleqf.o(x$fpl$dleqf) for __aeabi_cdcmple
    log2_x.o(i.__log2$lsc) refers to _rserrno.o(.text) for __set_errno
    log2_x.o(i.__log2$lsc) refers to frexp.o(i.frexp) for frexp
    log2_x.o(i.__log2$lsc) refers to dmul.o(x$fpl$dmul) for __aeabi_dmul
    log2_x.o(i.__log2$lsc) refers to log.o(i.log) for log
    log2_x.o(i.__log2$lsc) refers to ddiv.o(x$fpl$ddiv) for __aeabi_ddiv
    log2_x.o(i.__log2$lsc) refers to dflt_clz.o(x$fpl$dflt) for __aeabi_i2d
    log2_x.o(i.__log2$lsc) refers to daddsub_clz.o(x$fpl$dadd) for __aeabi_dadd
    __rtentry.o(.ARM.Collect$$rtentry$$00000000) refers (Special) to __rtentry2.o(.ARM.Collect$$rtentry$$0000000A) for __rt_entry_li
    __rtentry.o(.ARM.Collect$$rtentry$$00000000) refers (Special) to __rtentry2.o(.ARM.Collect$$rtentry$$0000000D) for __rt_entry_main
    __rtentry.o(.ARM.Collect$$rtentry$$00000000) refers (Special) to __rtentry2.o(.ARM.Collect$$rtentry$$0000000C) for __rt_entry_postli_1
    __rtentry.o(.ARM.Collect$$rtentry$$00000000) refers (Special) to __rtentry2.o(.ARM.Collect$$rtentry$$00000009) for __rt_entry_postsh_1
    __rtentry.o(.ARM.Collect$$rtentry$$00000000) refers (Special) to __rtentry2.o(.ARM.Collect$$rtentry$$00000002) for __rt_entry_presh_1
    __rtentry.o(.ARM.Collect$$rtentry$$00000000) refers (Special) to __rtentry7.o(.ARM.Collect$$rtentry$$00000007) for __rt_entry_sh
    _rserrno.o(.text) refers to rt_errno_addr_intlibspace.o(.text) for __aeabi_errno_addr
    ddiv.o(x$fpl$drdiv) refers (Special) to usenofp.o(x$fpl$usenofp) for __I$use$fp
    ddiv.o(x$fpl$drdiv) refers to ddiv.o(x$fpl$ddiv) for ddiv_entry
    ddiv.o(x$fpl$ddiv) refers (Special) to usenofp.o(x$fpl$usenofp) for __I$use$fp
    ddiv.o(x$fpl$ddiv) refers to dretinf.o(x$fpl$dretinf) for __fpl_dretinf
    ddiv.o(x$fpl$ddiv) refers to dnaninf.o(x$fpl$dnaninf) for __fpl_dnaninf
    deqf.o(x$fpl$deqf) refers (Special) to usenofp.o(x$fpl$usenofp) for __I$use$fp
    deqf.o(x$fpl$deqf) refers to dnaninf.o(x$fpl$dnaninf) for __fpl_dnaninf
    deqf.o(x$fpl$deqf) refers to dcmpi.o(x$fpl$dcmpinf) for __fpl_dcmp_Inf
    dleqf.o(x$fpl$dleqf) refers (Special) to usenofp.o(x$fpl$usenofp) for __I$use$fp
    dleqf.o(x$fpl$dleqf) refers to dnaninf.o(x$fpl$dnaninf) for __fpl_dnaninf
    dleqf.o(x$fpl$dleqf) refers to dcmpi.o(x$fpl$dcmpinf) for __fpl_dcmp_Inf
    dnaninf.o(x$fpl$dnaninf) refers (Special) to usenofp.o(x$fpl$usenofp) for __I$use$fp
    dretinf.o(x$fpl$dretinf) refers (Special) to usenofp.o(x$fpl$usenofp) for __I$use$fp
    fnaninf.o(x$fpl$fnaninf) refers (Special) to usenofp.o(x$fpl$usenofp) for __I$use$fp
    dunder.o(i.__mathlib_dbl_divzero) refers to ddiv.o(x$fpl$ddiv) for __aeabi_ddiv
    dunder.o(i.__mathlib_dbl_infnan) refers to daddsub_clz.o(x$fpl$dadd) for __aeabi_dadd
    dunder.o(i.__mathlib_dbl_infnan2) refers to daddsub_clz.o(x$fpl$dadd) for __aeabi_dadd
    dunder.o(i.__mathlib_dbl_invalid) refers to ddiv.o(x$fpl$ddiv) for __aeabi_ddiv
    dunder.o(i.__mathlib_dbl_overflow) refers to dmul.o(x$fpl$dmul) for __aeabi_dmul
    dunder.o(i.__mathlib_dbl_posinfnan) refers to dmul.o(x$fpl$dmul) for __aeabi_dmul
    dunder.o(i.__mathlib_dbl_underflow) refers to dmul.o(x$fpl$dmul) for __aeabi_dmul
    frexp.o(i.__hardfp_frexp) refers (Special) to usenofp.o(x$fpl$usenofp) for __I$use$fp
    frexp.o(i.__hardfp_frexp) refers to dmul.o(x$fpl$dmul) for __aeabi_dmul
    frexp.o(i.__softfp_frexp) refers (Special) to usenofp.o(x$fpl$usenofp) for __I$use$fp
    frexp.o(i.__softfp_frexp) refers to dmul.o(x$fpl$dmul) for __aeabi_dmul
    frexp.o(i.frexp) refers (Special) to usenofp.o(x$fpl$usenofp) for __I$use$fp
    frexp.o(i.frexp) refers to dmul.o(x$fpl$dmul) for __aeabi_dmul
    log.o(i.__hardfp_log) refers (Special) to usenofp.o(x$fpl$usenofp) for __I$use$fp
    log.o(i.__hardfp_log) refers to dunder.o(i.__mathlib_dbl_infnan) for __mathlib_dbl_infnan
    log.o(i.__hardfp_log) refers to _rserrno.o(.text) for __set_errno
    log.o(i.__hardfp_log) refers to dunder.o(i.__mathlib_dbl_invalid) for __mathlib_dbl_invalid
    log.o(i.__hardfp_log) refers to dunder.o(i.__mathlib_dbl_divzero) for __mathlib_dbl_divzero
    log.o(i.__hardfp_log) refers to basic.o(x$fpl$basic) for __aeabi_dneg
    log.o(i.__hardfp_log) refers to dmul.o(x$fpl$dmul) for __aeabi_dmul
    log.o(i.__hardfp_log) refers to daddsub_clz.o(x$fpl$dsub) for __aeabi_dsub
    log.o(i.__hardfp_log) refers to deqf.o(x$fpl$deqf) for __aeabi_cdcmpeq
    log.o(i.__hardfp_log) refers to dflt_clz.o(x$fpl$dflt) for __aeabi_i2d
    log.o(i.__hardfp_log) refers to daddsub_clz.o(x$fpl$dadd) for __aeabi_dadd
    log.o(i.__hardfp_log) refers to daddsub_clz.o(x$fpl$drsb) for __aeabi_drsub
    log.o(i.__hardfp_log) refers to ddiv.o(x$fpl$ddiv) for __aeabi_ddiv
    log.o(i.__hardfp_log) refers to poly.o(i.__kernel_poly) for __kernel_poly
    log.o(i.__hardfp_log) refers to qnan.o(.constdata) for __mathlib_zero
    log.o(i.__hardfp_log) refers to log.o(.constdata) for .constdata
    log.o(i.__softfp_log) refers (Special) to usenofp.o(x$fpl$usenofp) for __I$use$fp
    log.o(i.__softfp_log) refers to log.o(i.__hardfp_log) for __hardfp_log
    log.o(i.log) refers (Special) to usenofp.o(x$fpl$usenofp) for __I$use$fp
    log.o(i.log) refers to log.o(i.__hardfp_log) for __hardfp_log
    log.o(.constdata) refers (Special) to usenofp.o(x$fpl$usenofp) for __I$use$fp
    log_x.o(i.____hardfp_log$lsc) refers (Special) to usenofp.o(x$fpl$usenofp) for __I$use$fp
    log_x.o(i.____hardfp_log$lsc) refers to dunder.o(i.__mathlib_dbl_infnan) for __mathlib_dbl_infnan
    log_x.o(i.____hardfp_log$lsc) refers to _rserrno.o(.text) for __set_errno
    log_x.o(i.____hardfp_log$lsc) refers to dmul.o(x$fpl$dmul) for __aeabi_dmul
    log_x.o(i.____hardfp_log$lsc) refers to daddsub_clz.o(x$fpl$dsub) for __aeabi_dsub
    log_x.o(i.____hardfp_log$lsc) refers to deqf.o(x$fpl$deqf) for __aeabi_cdcmpeq
    log_x.o(i.____hardfp_log$lsc) refers to dflt_clz.o(x$fpl$dflt) for __aeabi_i2d
    log_x.o(i.____hardfp_log$lsc) refers to daddsub_clz.o(x$fpl$dadd) for __aeabi_dadd
    log_x.o(i.____hardfp_log$lsc) refers to daddsub_clz.o(x$fpl$drsb) for __aeabi_drsub
    log_x.o(i.____hardfp_log$lsc) refers to ddiv.o(x$fpl$ddiv) for __aeabi_ddiv
    log_x.o(i.____hardfp_log$lsc) refers to poly.o(i.__kernel_poly) for __kernel_poly
    log_x.o(i.____hardfp_log$lsc) refers to qnan.o(.constdata) for __mathlib_zero
    log_x.o(i.____hardfp_log$lsc) refers to log_x.o(.constdata) for .constdata
    log_x.o(i.____softfp_log$lsc) refers (Special) to usenofp.o(x$fpl$usenofp) for __I$use$fp
    log_x.o(i.____softfp_log$lsc) refers to log_x.o(i.____hardfp_log$lsc) for ____hardfp_log$lsc
    log_x.o(i.__log$lsc) refers (Special) to usenofp.o(x$fpl$usenofp) for __I$use$fp
    log_x.o(i.__log$lsc) refers to log_x.o(i.____hardfp_log$lsc) for ____hardfp_log$lsc
    log_x.o(.constdata) refers (Special) to usenofp.o(x$fpl$usenofp) for __I$use$fp
    __rtentry2.o(.ARM.Collect$$rtentry$$00000008) refers to boardinit2.o(.text) for _platform_post_stackheap_init
    __rtentry2.o(.ARM.Collect$$rtentry$$0000000A) refers to libinit.o(.ARM.Collect$$libinit$$00000000) for __rt_lib_init
    __rtentry2.o(.ARM.Collect$$rtentry$$0000000B) refers to boardinit3.o(.text) for _platform_post_lib_init
    __rtentry2.o(.ARM.Collect$$rtentry$$0000000D) refers to main.o(.text) for main
    __rtentry2.o(.ARM.Collect$$rtentry$$0000000D) refers to exit.o(.text) for exit
    __rtentry2.o(.ARM.exidx) refers to __rtentry2.o(.ARM.Collect$$rtentry$$00000001) for .ARM.Collect$$rtentry$$00000001
    __rtentry2.o(.ARM.exidx) refers to __rtentry2.o(.ARM.Collect$$rtentry$$00000008) for .ARM.Collect$$rtentry$$00000008
    __rtentry2.o(.ARM.exidx) refers to __rtentry2.o(.ARM.Collect$$rtentry$$0000000A) for .ARM.Collect$$rtentry$$0000000A
    __rtentry2.o(.ARM.exidx) refers to __rtentry2.o(.ARM.Collect$$rtentry$$0000000B) for .ARM.Collect$$rtentry$$0000000B
    __rtentry2.o(.ARM.exidx) refers to __rtentry2.o(.ARM.Collect$$rtentry$$0000000D) for .ARM.Collect$$rtentry$$0000000D
    __rtentry4.o(.ARM.Collect$$rtentry$$00000004) refers to sys_stackheap_outer.o(.text) for __user_setup_stackheap
    __rtentry4.o(.ARM.exidx) refers to __rtentry4.o(.ARM.Collect$$rtentry$$00000004) for .ARM.Collect$$rtentry$$00000004
    __rtentry7.o(.ARM.Collect$$rtentry$$00000007) refers to __rtentry7.o(.ARM.Collect$$rtentry$$00002718) for __lit__00000000
    __rtentry7.o(__vectab_stack_and_reset_2_area) refers to __main.o(!!!main) for __main
    __rtentry7.o(.ARM.exidx) refers to __rtentry7.o(.ARM.Collect$$rtentry$$00000007) for .ARM.Collect$$rtentry$$00000007
    __rtentry7.o(.ARM.exidx) refers to __rtentry7.o(.ARM.Collect$$rtentry$$00002718) for .ARM.Collect$$rtentry$$00002718
    rt_errno_addr.o(.text) refers to rt_errno_addr.o(.bss) for __aeabi_errno_addr_data
    rt_errno_addr_intlibspace.o(.text) refers to libspace.o(.bss) for __libspace_start
    basic.o(x$fpl$basic) refers (Special) to usenofp.o(x$fpl$usenofp) for __I$use$fp
    dcmpi.o(x$fpl$dcmpinf) refers (Special) to usenofp.o(x$fpl$usenofp) for __I$use$fp
    poly.o(i.__kernel_poly) refers (Special) to usenofp.o(x$fpl$usenofp) for __I$use$fp
    poly.o(i.__kernel_poly) refers to dmul.o(x$fpl$dmul) for __aeabi_dmul
    poly.o(i.__kernel_poly) refers to daddsub_clz.o(x$fpl$dadd) for __aeabi_dadd
    qnan.o(.constdata) refers (Special) to usenofp.o(x$fpl$usenofp) for __I$use$fp
    libspace.o(.text) refers to libspace.o(.bss) for __libspace_start
    sys_stackheap_outer.o(.text) refers to libspace.o(.text) for __user_perproc_libspace
    sys_stackheap_outer.o(.text) refers to sys_stackheap.o(.text) for __user_initial_stackheap
    exit.o(.text) refers to rtexit.o(.ARM.Collect$$rtexit$$00000000) for __rt_exit
    libinit.o(.ARM.Collect$$libinit$$00000000) refers (Special) to libinit2.o(.ARM.Collect$$libinit$$0000002E) for __rt_lib_init_alloca_1
    libinit.o(.ARM.Collect$$libinit$$00000000) refers (Special) to libinit2.o(.ARM.Collect$$libinit$$0000002C) for __rt_lib_init_argv_1
    libinit.o(.ARM.Collect$$libinit$$00000000) refers (Special) to libinit2.o(.ARM.Collect$$libinit$$0000001B) for __rt_lib_init_atexit_1
    libinit.o(.ARM.Collect$$libinit$$00000000) refers (Special) to libinit2.o(.ARM.Collect$$libinit$$00000021) for __rt_lib_init_clock_1
    libinit.o(.ARM.Collect$$libinit$$00000000) refers (Special) to libinit2.o(.ARM.Collect$$libinit$$00000032) for __rt_lib_init_cpp_1
    libinit.o(.ARM.Collect$$libinit$$00000000) refers (Special) to libinit2.o(.ARM.Collect$$libinit$$00000030) for __rt_lib_init_exceptions_1
    libinit.o(.ARM.Collect$$libinit$$00000000) refers (Special) to libinit2.o(.ARM.Collect$$libinit$$00000001) for __rt_lib_init_fp_1
    libinit.o(.ARM.Collect$$libinit$$00000000) refers (Special) to libinit2.o(.ARM.Collect$$libinit$$0000001F) for __rt_lib_init_fp_trap_1
    libinit.o(.ARM.Collect$$libinit$$00000000) refers (Special) to libinit2.o(.ARM.Collect$$libinit$$00000023) for __rt_lib_init_getenv_1
    libinit.o(.ARM.Collect$$libinit$$00000000) refers (Special) to libinit2.o(.ARM.Collect$$libinit$$0000000A) for __rt_lib_init_heap_1
    libinit.o(.ARM.Collect$$libinit$$00000000) refers (Special) to libinit2.o(.ARM.Collect$$libinit$$00000011) for __rt_lib_init_lc_collate_1
    libinit.o(.ARM.Collect$$libinit$$00000000) refers (Special) to libinit2.o(.ARM.Collect$$libinit$$00000013) for __rt_lib_init_lc_ctype_1
    libinit.o(.ARM.Collect$$libinit$$00000000) refers (Special) to libinit2.o(.ARM.Collect$$libinit$$00000015) for __rt_lib_init_lc_monetary_1
    libinit.o(.ARM.Collect$$libinit$$00000000) refers (Special) to libinit2.o(.ARM.Collect$$libinit$$00000017) for __rt_lib_init_lc_numeric_1
    libinit.o(.ARM.Collect$$libinit$$00000000) refers (Special) to libinit2.o(.ARM.Collect$$libinit$$00000019) for __rt_lib_init_lc_time_1
    libinit.o(.ARM.Collect$$libinit$$00000000) refers (Special) to libinit2.o(.ARM.Collect$$libinit$$00000004) for __rt_lib_init_preinit_1
    libinit.o(.ARM.Collect$$libinit$$00000000) refers (Special) to libinit2.o(.ARM.Collect$$libinit$$0000000E) for __rt_lib_init_rand_1
    libinit.o(.ARM.Collect$$libinit$$00000000) refers (Special) to libinit2.o(.ARM.Collect$$libinit$$00000033) for __rt_lib_init_return
    libinit.o(.ARM.Collect$$libinit$$00000000) refers (Special) to libinit2.o(.ARM.Collect$$libinit$$0000001D) for __rt_lib_init_signal_1
    libinit.o(.ARM.Collect$$libinit$$00000000) refers (Special) to libinit2.o(.ARM.Collect$$libinit$$00000025) for __rt_lib_init_stdio_1
    libinit.o(.ARM.Collect$$libinit$$00000000) refers (Special) to libinit2.o(.ARM.Collect$$libinit$$0000000C) for __rt_lib_init_user_alloc_1
    sys_stackheap.o(.text) refers (Special) to indicate_semi.o(.text) for __semihosting_library_function
    sys_stackheap.o(.text) refers to use_no_semi.o(.text) for __I$use$semihosting
    rtexit.o(.ARM.Collect$$rtexit$$00000000) refers (Special) to rtexit2.o(.ARM.Collect$$rtexit$$00000004) for __rt_exit_exit
    rtexit.o(.ARM.Collect$$rtexit$$00000000) refers (Special) to rtexit2.o(.ARM.Collect$$rtexit$$00000003) for __rt_exit_ls
    rtexit.o(.ARM.Collect$$rtexit$$00000000) refers (Special) to rtexit2.o(.ARM.Collect$$rtexit$$00000002) for __rt_exit_prels_1
    rtexit.o(.ARM.exidx) refers (Special) to rtexit2.o(.ARM.Collect$$rtexit$$00000004) for __rt_exit_exit
    rtexit.o(.ARM.exidx) refers (Special) to rtexit2.o(.ARM.Collect$$rtexit$$00000003) for __rt_exit_ls
    rtexit.o(.ARM.exidx) refers (Special) to rtexit2.o(.ARM.Collect$$rtexit$$00000002) for __rt_exit_prels_1
    rtexit.o(.ARM.exidx) refers to rtexit.o(.ARM.Collect$$rtexit$$00000000) for .ARM.Collect$$rtexit$$00000000
    libinit2.o(.ARM.Collect$$libinit$$00000001) refers to fpinit.o(x$fpl$fpinit) for _fp_init
    libinit2.o(.ARM.Collect$$libinit$$00000010) refers to libinit2.o(.ARM.Collect$$libinit$$0000000F) for .ARM.Collect$$libinit$$0000000F
    libinit2.o(.ARM.Collect$$libinit$$00000012) refers to libinit2.o(.ARM.Collect$$libinit$$0000000F) for .ARM.Collect$$libinit$$0000000F
    libinit2.o(.ARM.Collect$$libinit$$00000014) refers to libinit2.o(.ARM.Collect$$libinit$$0000000F) for .ARM.Collect$$libinit$$0000000F
    libinit2.o(.ARM.Collect$$libinit$$00000016) refers to libinit2.o(.ARM.Collect$$libinit$$0000000F) for .ARM.Collect$$libinit$$0000000F
    libinit2.o(.ARM.Collect$$libinit$$00000018) refers to libinit2.o(.ARM.Collect$$libinit$$0000000F) for .ARM.Collect$$libinit$$0000000F
    libinit2.o(.ARM.Collect$$libinit$$00000026) refers to argv_veneer.o(.emb_text) for __ARM_argv_veneer
    libinit2.o(.ARM.Collect$$libinit$$00000027) refers to argv_veneer.o(.emb_text) for __ARM_argv_veneer
    libinit5.o(.ARM.Collect$$libinit$$00000008) refers to libinit5.o(.ARM.Collect$$libinit$$00002719) for __lit__00000000
    libinit5.o(.ARM.Collect$$libinit$$0000002A) refers to libinit5.o(.ARM.Collect$$libinit$$0000273B) for __lit__00000002
    libinit5.o(.ARM.Collect$$libinit$$0000002A) refers to argv_veneer.o(.emb_text) for __ARM_argv_veneer
    rtexit2.o(.ARM.Collect$$rtexit$$00000003) refers to libshutdown.o(.ARM.Collect$$libshutdown$$00000000) for __rt_lib_shutdown
    rtexit2.o(.ARM.Collect$$rtexit$$00000004) refers to sys_exit.o(.text) for _sys_exit
    rtexit2.o(.ARM.exidx) refers to rtexit2.o(.ARM.Collect$$rtexit$$00000001) for .ARM.Collect$$rtexit$$00000001
    rtexit2.o(.ARM.exidx) refers to rtexit2.o(.ARM.Collect$$rtexit$$00000003) for .ARM.Collect$$rtexit$$00000003
    rtexit2.o(.ARM.exidx) refers to rtexit2.o(.ARM.Collect$$rtexit$$00000004) for .ARM.Collect$$rtexit$$00000004
    argv_veneer.o(.emb_text) refers to no_argv.o(.text) for __ARM_get_argv
    sys_exit.o(.text) refers (Special) to use_no_semi.o(.text) for __I$use$semihosting
    sys_exit.o(.text) refers (Special) to indicate_semi.o(.text) for __semihosting_library_function
    _get_argv_nomalloc.o(.text) refers (Special) to hrguard.o(.text) for __heap_region$guard
    _get_argv_nomalloc.o(.text) refers to defsig_rtmem_outer.o(.text) for __rt_SIGRTMEM
    _get_argv_nomalloc.o(.text) refers to sys_command.o(.text) for _sys_command_string
    libshutdown.o(.ARM.Collect$$libshutdown$$00000000) refers (Special) to libshutdown2.o(.ARM.Collect$$libshutdown$$00000002) for __rt_lib_shutdown_cpp_1
    libshutdown.o(.ARM.Collect$$libshutdown$$00000000) refers (Special) to libshutdown2.o(.ARM.Collect$$libshutdown$$00000007) for __rt_lib_shutdown_fp_trap_1
    libshutdown.o(.ARM.Collect$$libshutdown$$00000000) refers (Special) to libshutdown2.o(.ARM.Collect$$libshutdown$$0000000F) for __rt_lib_shutdown_heap_1
    libshutdown.o(.ARM.Collect$$libshutdown$$00000000) refers (Special) to libshutdown2.o(.ARM.Collect$$libshutdown$$00000010) for __rt_lib_shutdown_return
    libshutdown.o(.ARM.Collect$$libshutdown$$00000000) refers (Special) to libshutdown2.o(.ARM.Collect$$libshutdown$$0000000A) for __rt_lib_shutdown_signal_1
    libshutdown.o(.ARM.Collect$$libshutdown$$00000000) refers (Special) to libshutdown2.o(.ARM.Collect$$libshutdown$$00000004) for __rt_lib_shutdown_stdio_1
    libshutdown.o(.ARM.Collect$$libshutdown$$00000000) refers (Special) to libshutdown2.o(.ARM.Collect$$libshutdown$$0000000C) for __rt_lib_shutdown_user_alloc_1
    sys_command.o(.text) refers (Special) to use_no_semi.o(.text) for __I$use$semihosting
    sys_command.o(.text) refers (Special) to indicate_semi.o(.text) for __semihosting_library_function
    defsig_rtmem_outer.o(.text) refers to defsig_rtmem_inner.o(.text) for __rt_SIGRTMEM_inner
    defsig_rtmem_outer.o(.text) refers to defsig_exit.o(.text) for __sig_exit
    defsig_rtmem_formal.o(.text) refers to rt_raise.o(.text) for __rt_raise
    rt_raise.o(.text) refers to __raise.o(.text) for __raise
    rt_raise.o(.text) refers to sys_exit.o(.text) for _sys_exit
    defsig_exit.o(.text) refers to sys_exit.o(.text) for _sys_exit
    defsig_rtmem_inner.o(.text) refers to defsig_general.o(.text) for __default_signal_display
    __raise.o(.text) refers to defsig.o(CL$$defsig) for __default_signal_handler
    defsig_general.o(.text) refers to sys_wrch.o(.text) for _ttywrch
    sys_wrch.o(.text) refers (Special) to use_no_semi.o(.text) for __I$use$semihosting
    sys_wrch.o(.text) refers (Special) to indicate_semi.o(.text) for __semihosting_library_function
    defsig.o(CL$$defsig) refers to defsig_rtmem_inner.o(.text) for __rt_SIGRTMEM_inner
    defsig_abrt_inner.o(.text) refers to defsig_general.o(.text) for __default_signal_display
    defsig_fpe_inner.o(.text) refers to defsig_general.o(.text) for __default_signal_display
    defsig_rtred_inner.o(.text) refers to defsig_general.o(.text) for __default_signal_display
    defsig_stak_inner.o(.text) refers to defsig_general.o(.text) for __default_signal_display
    defsig_pvfn_inner.o(.text) refers to defsig_general.o(.text) for __default_signal_display
    defsig_cppl_inner.o(.text) refers to defsig_general.o(.text) for __default_signal_display
    defsig_segv_inner.o(.text) refers to defsig_general.o(.text) for __default_signal_display
    defsig_other.o(.text) refers to defsig_general.o(.text) for __default_signal_display


==============================================================================

Removing Unused input sections from the image.

    Removing adc.o(.rev16_text), (4 bytes).
    Removing adc.o(.revsh_text), (4 bytes).
    Removing adc.o(.rrx_text), (6 bytes).
    Removing dac.o(.rev16_text), (4 bytes).
    Removing dac.o(.revsh_text), (4 bytes).
    Removing dac.o(.rrx_text), (6 bytes).
    Removing main.o(.rev16_text), (4 bytes).
    Removing main.o(.revsh_text), (4 bytes).
    Removing main.o(.rrx_text), (6 bytes).
    Removing main.o(.constdata), (20 bytes).
    Removing mcg.o(.rev16_text), (4 bytes).
    Removing mcg.o(.revsh_text), (4 bytes).
    Removing mcg.o(.rrx_text), (6 bytes).
    Removing timerint.o(.rev16_text), (4 bytes).
    Removing timerint.o(.revsh_text), (4 bytes).
    Removing timerint.o(.rrx_text), (6 bytes).
    Removing freqanalyze.o(.rev16_text), (4 bytes).
    Removing freqanalyze.o(.revsh_text), (4 bytes).
    Removing freqanalyze.o(.rrx_text), (6 bytes).
    Removing lcd.o(.rev16_text), (4 bytes).
    Removing lcd.o(.revsh_text), (4 bytes).
    Removing lcd.o(.rrx_text), (6 bytes).
    Removing system_mk22f51212.o(.rev16_text), (4 bytes).
    Removing system_mk22f51212.o(.revsh_text), (4 bytes).
    Removing system_mk22f51212.o(.rrx_text), (6 bytes).

25 unused section(s) (total 132 bytes) removed from the image.

==============================================================================

Image Symbol Table

    Local Symbols

    Symbol Name                              Value     Ov Type        Size  Object(Section)

    RESET                                    0x00000000   Section     1024  startup_mk22f51212.o(RESET)
    ../clib/angel/boardlib.s                 0x00000000   Number         0  boardinit3.o ABSOLUTE
    ../clib/angel/boardlib.s                 0x00000000   Number         0  boardinit2.o ABSOLUTE
    ../clib/angel/boardlib.s                 0x00000000   Number         0  boardinit1.o ABSOLUTE
    ../clib/angel/boardlib.s                 0x00000000   Number         0  boardshut.o ABSOLUTE
    ../clib/angel/dclz77c.s                  0x00000000   Number         0  __dclz77c.o ABSOLUTE
    ../clib/angel/handlers.s                 0x00000000   Number         0  __scatter_zi.o ABSOLUTE
    ../clib/angel/kernel.s                   0x00000000   Number         0  rtexit2.o ABSOLUTE
    ../clib/angel/kernel.s                   0x00000000   Number         0  __rtentry4.o ABSOLUTE
    ../clib/angel/kernel.s                   0x00000000   Number         0  rtexit.o ABSOLUTE
    ../clib/angel/kernel.s                   0x00000000   Number         0  __rtentry2.o ABSOLUTE
    ../clib/angel/kernel.s                   0x00000000   Number         0  __rtentry.o ABSOLUTE
    ../clib/angel/kernel.s                   0x00000000   Number         0  __rtentry7.o ABSOLUTE
    ../clib/angel/rt.s                       0x00000000   Number         0  rt_raise.o ABSOLUTE
    ../clib/angel/rt.s                       0x00000000   Number         0  rt_errno_addr_intlibspace.o ABSOLUTE
    ../clib/angel/rt.s                       0x00000000   Number         0  rt_errno_addr.o ABSOLUTE
    ../clib/angel/scatter.s                  0x00000000   Number         0  __scatter.o ABSOLUTE
    ../clib/angel/startup.s                  0x00000000   Number         0  __main.o ABSOLUTE
    ../clib/angel/sys.s                      0x00000000   Number         0  indicate_semi.o ABSOLUTE
    ../clib/angel/sys.s                      0x00000000   Number         0  use_no_semi.o ABSOLUTE
    ../clib/angel/sys.s                      0x00000000   Number         0  sys_stackheap.o ABSOLUTE
    ../clib/angel/sys.s                      0x00000000   Number         0  sys_stackheap_outer.o ABSOLUTE
    ../clib/angel/sys.s                      0x00000000   Number         0  libspace.o ABSOLUTE
    ../clib/angel/sysapp.c                   0x00000000   Number         0  sys_wrch.o ABSOLUTE
    ../clib/angel/sysapp.c                   0x00000000   Number         0  sys_exit.o ABSOLUTE
    ../clib/angel/sysapp.c                   0x00000000   Number         0  sys_command.o ABSOLUTE
    ../clib/armsys.c                         0x00000000   Number         0  argv_veneer.o ABSOLUTE
    ../clib/armsys.c                         0x00000000   Number         0  argv_veneer.o ABSOLUTE
    ../clib/armsys.c                         0x00000000   Number         0  _get_argv_nomalloc.o ABSOLUTE
    ../clib/armsys.c                         0x00000000   Number         0  no_argv.o ABSOLUTE
    ../clib/fenv.c                           0x00000000   Number         0  _rserrno.o ABSOLUTE
    ../clib/heapalloc.c                      0x00000000   Number         0  hrguard.o ABSOLUTE
    ../clib/libinit.s                        0x00000000   Number         0  libinit.o ABSOLUTE
    ../clib/libinit.s                        0x00000000   Number         0  libinit2.o ABSOLUTE
    ../clib/libinit.s                        0x00000000   Number         0  libshutdown2.o ABSOLUTE
    ../clib/libinit.s                        0x00000000   Number         0  libinit5.o ABSOLUTE
    ../clib/libinit.s                        0x00000000   Number         0  libshutdown.o ABSOLUTE
    ../clib/memcpset.s                       0x00000000   Number         0  rt_memclr_w.o ABSOLUTE
    ../clib/signal.c                         0x00000000   Number         0  defsig_rtmem_outer.o ABSOLUTE
    ../clib/signal.c                         0x00000000   Number         0  defsig_pvfn_inner.o ABSOLUTE
    ../clib/signal.c                         0x00000000   Number         0  defsig_stak_inner.o ABSOLUTE
    ../clib/signal.c                         0x00000000   Number         0  defsig_rtred_inner.o ABSOLUTE
    ../clib/signal.c                         0x00000000   Number         0  defsig_fpe_inner.o ABSOLUTE
    ../clib/signal.c                         0x00000000   Number         0  defsig_abrt_inner.o ABSOLUTE
    ../clib/signal.c                         0x00000000   Number         0  defsig_segv_inner.o ABSOLUTE
    ../clib/signal.c                         0x00000000   Number         0  defsig_general.o ABSOLUTE
    ../clib/signal.c                         0x00000000   Number         0  __raise.o ABSOLUTE
    ../clib/signal.c                         0x00000000   Number         0  defsig_rtmem_inner.o ABSOLUTE
    ../clib/signal.c                         0x00000000   Number         0  defsig_exit.o ABSOLUTE
    ../clib/signal.c                         0x00000000   Number         0  defsig_other.o ABSOLUTE
    ../clib/signal.c                         0x00000000   Number         0  defsig_cppl_inner.o ABSOLUTE
    ../clib/signal.c                         0x00000000   Number         0  defsig_rtmem_formal.o ABSOLUTE
    ../clib/signal.s                         0x00000000   Number         0  defsig.o ABSOLUTE
    ../clib/stdlib.c                         0x00000000   Number         0  exit.o ABSOLUTE
    ../fplib/basic.s                         0x00000000   Number         0  basic.o ABSOLUTE
    ../fplib/daddsub.s                       0x00000000   Number         0  daddsub_clz.o ABSOLUTE
    ../fplib/dcmpi.s                         0x00000000   Number         0  dcmpi.o ABSOLUTE
    ../fplib/ddiv.s                          0x00000000   Number         0  ddiv.o ABSOLUTE
    ../fplib/deqf.s                          0x00000000   Number         0  deqf.o ABSOLUTE
    ../fplib/dfix.s                          0x00000000   Number         0  dfix.o ABSOLUTE
    ../fplib/dflt.s                          0x00000000   Number         0  dflt_clz.o ABSOLUTE
    ../fplib/dleqf.s                         0x00000000   Number         0  dleqf.o ABSOLUTE
    ../fplib/dmul.s                          0x00000000   Number         0  dmul.o ABSOLUTE
    ../fplib/dnaninf.s                       0x00000000   Number         0  dnaninf.o ABSOLUTE
    ../fplib/dretinf.s                       0x00000000   Number         0  dretinf.o ABSOLUTE
    ../fplib/f2d.s                           0x00000000   Number         0  f2d.o ABSOLUTE
    ../fplib/fnaninf.s                       0x00000000   Number         0  fnaninf.o ABSOLUTE
    ../fplib/fpinit.s                        0x00000000   Number         0  fpinit.o ABSOLUTE
    ../fplib/usenofp.s                       0x00000000   Number         0  usenofp.o ABSOLUTE
    ../mathlib/dunder.c                      0x00000000   Number         0  dunder.o ABSOLUTE
    ../mathlib/frexp.c                       0x00000000   Number         0  frexp.o ABSOLUTE
    ../mathlib/log.c                         0x00000000   Number         0  log_x.o ABSOLUTE
    ../mathlib/log.c                         0x00000000   Number         0  log.o ABSOLUTE
    ../mathlib/log2.c                        0x00000000   Number         0  log2.o ABSOLUTE
    ../mathlib/log2.c                        0x00000000   Number         0  log2_x.o ABSOLUTE
    ../mathlib/poly.c                        0x00000000   Number         0  poly.o ABSOLUTE
    ../mathlib/qnan.c                        0x00000000   Number         0  qnan.o ABSOLUTE
    ADC.c                                    0x00000000   Number         0  adc.o ABSOLUTE
    ADC.c                                    0x00000000   Number         0  adc.o ABSOLUTE
    DAC.c                                    0x00000000   Number         0  dac.o ABSOLUTE
    DAC.c                                    0x00000000   Number         0  dac.o ABSOLUTE
    LCD.c                                    0x00000000   Number         0  lcd.o ABSOLUTE
    LCD.c                                    0x00000000   Number         0  lcd.o ABSOLUTE
    MCG.c                                    0x00000000   Number         0  mcg.o ABSOLUTE
    MCG.c                                    0x00000000   Number         0  mcg.o ABSOLUTE
    RTE\Device\MK22FN512VLH12\startup_MK22F51212.s 0x00000000   Number         0  startup_mk22f51212.o ABSOLUTE
    RTE\Device\MK22FN512VLH12\system_MK22F51212.c 0x00000000   Number         0  system_mk22f51212.o ABSOLUTE
    RTE\\Device\\MK22FN512VLH12\\system_MK22F51212.c 0x00000000   Number         0  system_mk22f51212.o ABSOLUTE
    TimerInt.c                               0x00000000   Number         0  timerint.o ABSOLUTE
    TimerInt.c                               0x00000000   Number         0  timerint.o ABSOLUTE
    dc.s                                     0x00000000   Number         0  dc.o ABSOLUTE
    freqAnalyze.c                            0x00000000   Number         0  freqanalyze.o ABSOLUTE
    freqAnalyze.c                            0x00000000   Number         0  freqanalyze.o ABSOLUTE
    main.c                                   0x00000000   Number         0  main.o ABSOLUTE
    main.c                                   0x00000000   Number         0  main.o ABSOLUTE
    FlashConfig                              0x00000400   Section       16  startup_mk22f51212.o(FlashConfig)
    !!!main                                  0x00000410   Section        8  __main.o(!!!main)
    !!!scatter                               0x00000418   Section       52  __scatter.o(!!!scatter)
    !!dclz77c                                0x0000044c   Section      100  __dclz77c.o(!!dclz77c)
    !!handler_zi                             0x000004b0   Section       28  __scatter_zi.o(!!handler_zi)
    .ARM.Collect$$libinit$$00000000          0x000004cc   Section        2  libinit.o(.ARM.Collect$$libinit$$00000000)
    .ARM.Collect$$libinit$$00000001          0x000004ce   Section        4  libinit2.o(.ARM.Collect$$libinit$$00000001)
    .ARM.Collect$$libinit$$00000004          0x000004d2   Section        0  libinit2.o(.ARM.Collect$$libinit$$00000004)
    .ARM.Collect$$libinit$$0000000A          0x000004d2   Section        0  libinit2.o(.ARM.Collect$$libinit$$0000000A)
    .ARM.Collect$$libinit$$0000000C          0x000004d2   Section        0  libinit2.o(.ARM.Collect$$libinit$$0000000C)
    .ARM.Collect$$libinit$$0000000E          0x000004d2   Section        0  libinit2.o(.ARM.Collect$$libinit$$0000000E)
    .ARM.Collect$$libinit$$00000011          0x000004d2   Section        0  libinit2.o(.ARM.Collect$$libinit$$00000011)
    .ARM.Collect$$libinit$$00000013          0x000004d2   Section        0  libinit2.o(.ARM.Collect$$libinit$$00000013)
    .ARM.Collect$$libinit$$00000015          0x000004d2   Section        0  libinit2.o(.ARM.Collect$$libinit$$00000015)
    .ARM.Collect$$libinit$$00000017          0x000004d2   Section        0  libinit2.o(.ARM.Collect$$libinit$$00000017)
    .ARM.Collect$$libinit$$00000019          0x000004d2   Section        0  libinit2.o(.ARM.Collect$$libinit$$00000019)
    .ARM.Collect$$libinit$$0000001B          0x000004d2   Section        0  libinit2.o(.ARM.Collect$$libinit$$0000001B)
    .ARM.Collect$$libinit$$0000001D          0x000004d2   Section        0  libinit2.o(.ARM.Collect$$libinit$$0000001D)
    .ARM.Collect$$libinit$$0000001F          0x000004d2   Section        0  libinit2.o(.ARM.Collect$$libinit$$0000001F)
    .ARM.Collect$$libinit$$00000021          0x000004d2   Section        0  libinit2.o(.ARM.Collect$$libinit$$00000021)
    .ARM.Collect$$libinit$$00000023          0x000004d2   Section        0  libinit2.o(.ARM.Collect$$libinit$$00000023)
    .ARM.Collect$$libinit$$00000025          0x000004d2   Section        0  libinit2.o(.ARM.Collect$$libinit$$00000025)
    .ARM.Collect$$libinit$$0000002C          0x000004d2   Section        0  libinit2.o(.ARM.Collect$$libinit$$0000002C)
    .ARM.Collect$$libinit$$0000002E          0x000004d2   Section        0  libinit2.o(.ARM.Collect$$libinit$$0000002E)
    .ARM.Collect$$libinit$$00000030          0x000004d2   Section        0  libinit2.o(.ARM.Collect$$libinit$$00000030)
    .ARM.Collect$$libinit$$00000032          0x000004d2   Section        0  libinit2.o(.ARM.Collect$$libinit$$00000032)
    .ARM.Collect$$libinit$$00000033          0x000004d2   Section        2  libinit2.o(.ARM.Collect$$libinit$$00000033)
    .ARM.Collect$$libshutdown$$00000000      0x000004d4   Section        2  libshutdown.o(.ARM.Collect$$libshutdown$$00000000)
    .ARM.Collect$$libshutdown$$00000002      0x000004d6   Section        0  libshutdown2.o(.ARM.Collect$$libshutdown$$00000002)
    .ARM.Collect$$libshutdown$$00000004      0x000004d6   Section        0  libshutdown2.o(.ARM.Collect$$libshutdown$$00000004)
    .ARM.Collect$$libshutdown$$00000007      0x000004d6   Section        0  libshutdown2.o(.ARM.Collect$$libshutdown$$00000007)
    .ARM.Collect$$libshutdown$$0000000A      0x000004d6   Section        0  libshutdown2.o(.ARM.Collect$$libshutdown$$0000000A)
    .ARM.Collect$$libshutdown$$0000000C      0x000004d6   Section        0  libshutdown2.o(.ARM.Collect$$libshutdown$$0000000C)
    .ARM.Collect$$libshutdown$$0000000F      0x000004d6   Section        0  libshutdown2.o(.ARM.Collect$$libshutdown$$0000000F)
    .ARM.Collect$$libshutdown$$00000010      0x000004d6   Section        2  libshutdown2.o(.ARM.Collect$$libshutdown$$00000010)
    .ARM.Collect$$rtentry$$00000000          0x000004d8   Section        0  __rtentry.o(.ARM.Collect$$rtentry$$00000000)
    .ARM.Collect$$rtentry$$00000002          0x000004d8   Section        0  __rtentry2.o(.ARM.Collect$$rtentry$$00000002)
    .ARM.Collect$$rtentry$$00000007          0x000004d8   Section        4  __rtentry7.o(.ARM.Collect$$rtentry$$00000007)
    .ARM.Collect$$rtentry$$00000009          0x000004dc   Section        0  __rtentry2.o(.ARM.Collect$$rtentry$$00000009)
    .ARM.Collect$$rtentry$$0000000A          0x000004dc   Section        4  __rtentry2.o(.ARM.Collect$$rtentry$$0000000A)
    .ARM.Collect$$rtentry$$0000000C          0x000004e0   Section        0  __rtentry2.o(.ARM.Collect$$rtentry$$0000000C)
    .ARM.Collect$$rtentry$$0000000D          0x000004e0   Section        8  __rtentry2.o(.ARM.Collect$$rtentry$$0000000D)
    .ARM.Collect$$rtentry$$00002718          0x000004e8   Section        4  __rtentry7.o(.ARM.Collect$$rtentry$$00002718)
    __lit__00000000                          0x000004e8   Data           4  __rtentry7.o(.ARM.Collect$$rtentry$$00002718)
    .ARM.Collect$$rtexit$$00000000           0x000004ec   Section        2  rtexit.o(.ARM.Collect$$rtexit$$00000000)
    .ARM.Collect$$rtexit$$00000002           0x000004ee   Section        0  rtexit2.o(.ARM.Collect$$rtexit$$00000002)
    .ARM.Collect$$rtexit$$00000003           0x000004ee   Section        4  rtexit2.o(.ARM.Collect$$rtexit$$00000003)
    .ARM.Collect$$rtexit$$00000004           0x000004f2   Section        6  rtexit2.o(.ARM.Collect$$rtexit$$00000004)
    .text                                    0x000004f8   Section        0  adc.o(.text)
    .text                                    0x000005c8   Section        0  dac.o(.text)
    .text                                    0x00000620   Section        0  main.o(.text)
    .text                                    0x00000b1c   Section        0  mcg.o(.text)
    .text                                    0x00000bc8   Section        0  timerint.o(.text)
    .text                                    0x00000c44   Section        0  freqanalyze.o(.text)
    .text                                    0x00000d08   Section        0  lcd.o(.text)
    .text                                    0x00000e3c   Section      308  startup_mk22f51212.o(.text)
    $v0                                      0x00000e3c   Number         0  startup_mk22f51212.o(.text)
    .text                                    0x00000f70   Section        0  system_mk22f51212.o(.text)
    .text                                    0x00001164   Section       78  rt_memclr_w.o(.text)
    .text                                    0x000011b2   Section        0  _rserrno.o(.text)
    .text                                    0x000011c8   Section        8  rt_errno_addr_intlibspace.o(.text)
    .text                                    0x000011d0   Section        0  exit.o(.text)
    .text                                    0x000011e2   Section        2  use_no_semi.o(.text)
    .text                                    0x000011e4   Section        0  indicate_semi.o(.text)
    .text                                    0x000011e4   Section        0  sys_exit.o(.text)
    i.__hardfp_log                           0x000011f0   Section        0  log.o(i.__hardfp_log)
    i.__hardfp_log2                          0x000015b8   Section        0  log2.o(i.__hardfp_log2)
    i.__kernel_poly                          0x000016b8   Section        0  poly.o(i.__kernel_poly)
    i.__mathlib_dbl_divzero                  0x000017b0   Section        0  dunder.o(i.__mathlib_dbl_divzero)
    i.__mathlib_dbl_infnan                   0x000017e0   Section        0  dunder.o(i.__mathlib_dbl_infnan)
    i.__mathlib_dbl_invalid                  0x000017f8   Section        0  dunder.o(i.__mathlib_dbl_invalid)
    i.frexp                                  0x00001818   Section        0  frexp.o(i.frexp)
    i.log                                    0x000018a4   Section        0  log.o(i.log)
    x$fpl$basic                              0x000018b4   Section       24  basic.o(x$fpl$basic)
    $v0                                      0x000018b4   Number         0  basic.o(x$fpl$basic)
    x$fpl$dadd                               0x000018cc   Section      336  daddsub_clz.o(x$fpl$dadd)
    $v0                                      0x000018cc   Number         0  daddsub_clz.o(x$fpl$dadd)
    _dadd1                                   0x000018dd   Thumb Code     0  daddsub_clz.o(x$fpl$dadd)
    x$fpl$dcmpinf                            0x00001a1c   Section       24  dcmpi.o(x$fpl$dcmpinf)
    $v0                                      0x00001a1c   Number         0  dcmpi.o(x$fpl$dcmpinf)
    x$fpl$ddiv                               0x00001a34   Section      688  ddiv.o(x$fpl$ddiv)
    $v0                                      0x00001a34   Number         0  ddiv.o(x$fpl$ddiv)
    ddiv_entry                               0x00001a3b   Thumb Code     0  ddiv.o(x$fpl$ddiv)
    x$fpl$deqf                               0x00001ce4   Section      120  deqf.o(x$fpl$deqf)
    $v0                                      0x00001ce4   Number         0  deqf.o(x$fpl$deqf)
    x$fpl$dfix                               0x00001d5c   Section       94  dfix.o(x$fpl$dfix)
    $v0                                      0x00001d5c   Number         0  dfix.o(x$fpl$dfix)
    x$fpl$dflt                               0x00001dba   Section       46  dflt_clz.o(x$fpl$dflt)
    $v0                                      0x00001dba   Number         0  dflt_clz.o(x$fpl$dflt)
    x$fpl$dleqf                              0x00001de8   Section      120  dleqf.o(x$fpl$dleqf)
    $v0                                      0x00001de8   Number         0  dleqf.o(x$fpl$dleqf)
    x$fpl$dmul                               0x00001e60   Section      340  dmul.o(x$fpl$dmul)
    $v0                                      0x00001e60   Number         0  dmul.o(x$fpl$dmul)
    x$fpl$dnaninf                            0x00001fb4   Section      156  dnaninf.o(x$fpl$dnaninf)
    $v0                                      0x00001fb4   Number         0  dnaninf.o(x$fpl$dnaninf)
    x$fpl$dretinf                            0x00002050   Section       12  dretinf.o(x$fpl$dretinf)
    $v0                                      0x00002050   Number         0  dretinf.o(x$fpl$dretinf)
    x$fpl$drsb                               0x0000205c   Section       22  daddsub_clz.o(x$fpl$drsb)
    $v0                                      0x0000205c   Number         0  daddsub_clz.o(x$fpl$drsb)
    x$fpl$dsub                               0x00002074   Section      468  daddsub_clz.o(x$fpl$dsub)
    $v0                                      0x00002074   Number         0  daddsub_clz.o(x$fpl$dsub)
    _dsub1                                   0x00002085   Thumb Code     0  daddsub_clz.o(x$fpl$dsub)
    x$fpl$f2d                                0x00002248   Section       86  f2d.o(x$fpl$f2d)
    $v0                                      0x00002248   Number         0  f2d.o(x$fpl$f2d)
    x$fpl$fnaninf                            0x0000229e   Section      140  fnaninf.o(x$fpl$fnaninf)
    $v0                                      0x0000229e   Number         0  fnaninf.o(x$fpl$fnaninf)
    x$fpl$fpinit                             0x0000232a   Section       10  fpinit.o(x$fpl$fpinit)
    $v0                                      0x0000232a   Number         0  fpinit.o(x$fpl$fpinit)
    x$fpl$usenofp                            0x00002334   Section        0  usenofp.o(x$fpl$usenofp)
    .constdata                               0x00002338   Section       56  log.o(.constdata)
    Lg2                                      0x00002338   Data          24  log.o(.constdata)
    Lg                                       0x00002350   Data          32  log.o(.constdata)
    .constdata                               0x00002370   Section        8  qnan.o(.constdata)
    .conststring                             0x00002378   Section      351  main.o(.conststring)
    .bss                                     0x1fff0000   Section    16384  main.o(.bss)
    .data                                    0x20000000   Section     1108  main.o(.data)
    .data                                    0x20000454   Section      352  freqanalyze.o(.data)
    .data                                    0x200005b4   Section        4  system_mk22f51212.o(.data)
    .bss                                     0x200005b8   Section       96  libspace.o(.bss)

    Global Symbols

    Symbol Name                              Value     Ov Type        Size  Object(Section)

    BuildAttributes$$THM_ISAv4$E$P$D$K$B$S$7EM$VFPi3$EXTD16$VFPS$VFMA$PE$A:L22UL41UL21$X:L11$S22US41US21$IEEE1$IW$USESV6$~STKCKD$USESV7$~SHL$OTIME$ROPI$IEEEX$EBA8$UX$STANDARDLIB$REQ8$PRES8$EABIv2 0x00000000   Number         0  anon$$obj.o ABSOLUTE
    __ARM_use_no_argv                        0x00000000   Number         0  main.o ABSOLUTE
    __Vectors                                0x00000000   Data           4  startup_mk22f51212.o(RESET)
    Image$$ZI$$Limit                          - Undefined Weak Reference
    __ARM_exceptions_init                     - Undefined Weak Reference
    __alloca_initialize                       - Undefined Weak Reference
    __arm_preinit_                            - Undefined Weak Reference
    __cpp_initialize__aeabi_                  - Undefined Weak Reference
    __cxa_finalize                            - Undefined Weak Reference
    __rt_locale                               - Undefined Weak Reference
    __sigvec_lookup                           - Undefined Weak Reference
    _atexit_init                              - Undefined Weak Reference
    _call_atexit_fns                          - Undefined Weak Reference
    _clock_init                               - Undefined Weak Reference
    _fp_trap_init                             - Undefined Weak Reference
    _fp_trap_shutdown                         - Undefined Weak Reference
    _get_lc_collate                           - Undefined Weak Reference
    _get_lc_ctype                             - Undefined Weak Reference
    _get_lc_monetary                          - Undefined Weak Reference
    _get_lc_numeric                           - Undefined Weak Reference
    _get_lc_time                              - Undefined Weak Reference
    _getenv_init                              - Undefined Weak Reference
    _handle_redirection                       - Undefined Weak Reference
    _init_alloc                               - Undefined Weak Reference
    _init_user_alloc                          - Undefined Weak Reference
    _initio                                   - Undefined Weak Reference
    _rand_init                                - Undefined Weak Reference
    _signal_finish                            - Undefined Weak Reference
    _signal_init                              - Undefined Weak Reference
    _terminate_alloc                          - Undefined Weak Reference
    _terminate_user_alloc                     - Undefined Weak Reference
    _terminateio                              - Undefined Weak Reference
    __Vectors_End                            0x00000400   Data           0  startup_mk22f51212.o(RESET)
    __Vectors_Size                           0x00000400   Number         0  startup_mk22f51212.o ABSOLUTE
    __main                                   0x00000411   Thumb Code     8  __main.o(!!!main)
    __scatterload                            0x00000419   Thumb Code     0  __scatter.o(!!!scatter)
    __scatterload_rt2                        0x00000419   Thumb Code    44  __scatter.o(!!!scatter)
    __scatterload_rt2_thumb_only             0x00000419   Thumb Code     0  __scatter.o(!!!scatter)
    __scatterload_null                       0x00000427   Thumb Code     0  __scatter.o(!!!scatter)
    __decompress                             0x0000044d   Thumb Code   100  __dclz77c.o(!!dclz77c)
    __decompress2                            0x0000044d   Thumb Code     0  __dclz77c.o(!!dclz77c)
    __scatterload_zeroinit                   0x000004b1   Thumb Code    28  __scatter_zi.o(!!handler_zi)
    __rt_lib_init                            0x000004cd   Thumb Code     0  libinit.o(.ARM.Collect$$libinit$$00000000)
    __rt_lib_init_fp_1                       0x000004cf   Thumb Code     0  libinit2.o(.ARM.Collect$$libinit$$00000001)
    __rt_lib_init_alloca_1                   0x000004d3   Thumb Code     0  libinit2.o(.ARM.Collect$$libinit$$0000002E)
    __rt_lib_init_argv_1                     0x000004d3   Thumb Code     0  libinit2.o(.ARM.Collect$$libinit$$0000002C)
    __rt_lib_init_atexit_1                   0x000004d3   Thumb Code     0  libinit2.o(.ARM.Collect$$libinit$$0000001B)
    __rt_lib_init_clock_1                    0x000004d3   Thumb Code     0  libinit2.o(.ARM.Collect$$libinit$$00000021)
    __rt_lib_init_cpp_1                      0x000004d3   Thumb Code     0  libinit2.o(.ARM.Collect$$libinit$$00000032)
    __rt_lib_init_exceptions_1               0x000004d3   Thumb Code     0  libinit2.o(.ARM.Collect$$libinit$$00000030)
    __rt_lib_init_fp_trap_1                  0x000004d3   Thumb Code     0  libinit2.o(.ARM.Collect$$libinit$$0000001F)
    __rt_lib_init_getenv_1                   0x000004d3   Thumb Code     0  libinit2.o(.ARM.Collect$$libinit$$00000023)
    __rt_lib_init_heap_1                     0x000004d3   Thumb Code     0  libinit2.o(.ARM.Collect$$libinit$$0000000A)
    __rt_lib_init_lc_collate_1               0x000004d3   Thumb Code     0  libinit2.o(.ARM.Collect$$libinit$$00000011)
    __rt_lib_init_lc_ctype_1                 0x000004d3   Thumb Code     0  libinit2.o(.ARM.Collect$$libinit$$00000013)
    __rt_lib_init_lc_monetary_1              0x000004d3   Thumb Code     0  libinit2.o(.ARM.Collect$$libinit$$00000015)
    __rt_lib_init_lc_numeric_1               0x000004d3   Thumb Code     0  libinit2.o(.ARM.Collect$$libinit$$00000017)
    __rt_lib_init_lc_time_1                  0x000004d3   Thumb Code     0  libinit2.o(.ARM.Collect$$libinit$$00000019)
    __rt_lib_init_preinit_1                  0x000004d3   Thumb Code     0  libinit2.o(.ARM.Collect$$libinit$$00000004)
    __rt_lib_init_rand_1                     0x000004d3   Thumb Code     0  libinit2.o(.ARM.Collect$$libinit$$0000000E)
    __rt_lib_init_return                     0x000004d3   Thumb Code     0  libinit2.o(.ARM.Collect$$libinit$$00000033)
    __rt_lib_init_signal_1                   0x000004d3   Thumb Code     0  libinit2.o(.ARM.Collect$$libinit$$0000001D)
    __rt_lib_init_stdio_1                    0x000004d3   Thumb Code     0  libinit2.o(.ARM.Collect$$libinit$$00000025)
    __rt_lib_init_user_alloc_1               0x000004d3   Thumb Code     0  libinit2.o(.ARM.Collect$$libinit$$0000000C)
    __rt_lib_shutdown                        0x000004d5   Thumb Code     0  libshutdown.o(.ARM.Collect$$libshutdown$$00000000)
    __rt_lib_shutdown_cpp_1                  0x000004d7   Thumb Code     0  libshutdown2.o(.ARM.Collect$$libshutdown$$00000002)
    __rt_lib_shutdown_fp_trap_1              0x000004d7   Thumb Code     0  libshutdown2.o(.ARM.Collect$$libshutdown$$00000007)
    __rt_lib_shutdown_heap_1                 0x000004d7   Thumb Code     0  libshutdown2.o(.ARM.Collect$$libshutdown$$0000000F)
    __rt_lib_shutdown_return                 0x000004d7   Thumb Code     0  libshutdown2.o(.ARM.Collect$$libshutdown$$00000010)
    __rt_lib_shutdown_signal_1               0x000004d7   Thumb Code     0  libshutdown2.o(.ARM.Collect$$libshutdown$$0000000A)
    __rt_lib_shutdown_stdio_1                0x000004d7   Thumb Code     0  libshutdown2.o(.ARM.Collect$$libshutdown$$00000004)
    __rt_lib_shutdown_user_alloc_1           0x000004d7   Thumb Code     0  libshutdown2.o(.ARM.Collect$$libshutdown$$0000000C)
    __rt_entry                               0x000004d9   Thumb Code     0  __rtentry.o(.ARM.Collect$$rtentry$$00000000)
    __rt_entry_presh_1                       0x000004d9   Thumb Code     0  __rtentry2.o(.ARM.Collect$$rtentry$$00000002)
    __rt_entry_sh                            0x000004d9   Thumb Code     0  __rtentry7.o(.ARM.Collect$$rtentry$$00000007)
    __rt_entry_li                            0x000004dd   Thumb Code     0  __rtentry2.o(.ARM.Collect$$rtentry$$0000000A)
    __rt_entry_postsh_1                      0x000004dd   Thumb Code     0  __rtentry2.o(.ARM.Collect$$rtentry$$00000009)
    __rt_entry_main                          0x000004e1   Thumb Code     0  __rtentry2.o(.ARM.Collect$$rtentry$$0000000D)
    __rt_entry_postli_1                      0x000004e1   Thumb Code     0  __rtentry2.o(.ARM.Collect$$rtentry$$0000000C)
    __rt_exit                                0x000004ed   Thumb Code     0  rtexit.o(.ARM.Collect$$rtexit$$00000000)
    __rt_exit_ls                             0x000004ef   Thumb Code     0  rtexit2.o(.ARM.Collect$$rtexit$$00000003)
    __rt_exit_prels_1                        0x000004ef   Thumb Code     0  rtexit2.o(.ARM.Collect$$rtexit$$00000002)
    __rt_exit_exit                           0x000004f3   Thumb Code     0  rtexit2.o(.ARM.Collect$$rtexit$$00000004)
    ADC_Init                                 0x000004f9   Thumb Code    48  adc.o(.text)
    ADC_Calibrate                            0x00000529   Thumb Code   150  adc.o(.text)
    DAC_Init                                 0x000005c9   Thumb Code    78  dac.o(.text)
    PIT0_IRQHandler                          0x00000621   Thumb Code   144  main.o(.text)
    LCD_Out                                  0x000006b1   Thumb Code    76  main.o(.text)
    main                                     0x000006fd   Thumb Code  1036  main.o(.text)
    MCG_Clock120_Init                        0x00000b1d   Thumb Code   156  mcg.o(.text)
    TimerInt_Init                            0x00000bc9   Thumb Code   108  timerint.o(.text)
    getTunedFrequency                        0x00000c45   Thumb Code   192  freqanalyze.o(.text)
    Wait_ms                                  0x00000d09   Thumb Code    26  lcd.o(.text)
    LCD_Pause                                0x00000d23   Thumb Code    14  lcd.o(.text)
    LCD_Strobe                               0x00000d31   Thumb Code    38  lcd.o(.text)
    LCD_Inst                                 0x00000d57   Thumb Code    56  lcd.o(.text)
    LCD_Move                                 0x00000d8f   Thumb Code    62  lcd.o(.text)
    LCD_Write                                0x00000dcd   Thumb Code    60  lcd.o(.text)
    LCD_Init                                 0x00000e09   Thumb Code    48  lcd.o(.text)
    Reset_Handler                            0x00000e3d   Thumb Code    24  startup_mk22f51212.o(.text)
    NMI_Handler                              0x00000e55   Thumb Code     2  startup_mk22f51212.o(.text)
    HardFault_Handler                        0x00000e57   Thumb Code     2  startup_mk22f51212.o(.text)
    MemManage_Handler                        0x00000e59   Thumb Code     2  startup_mk22f51212.o(.text)
    BusFault_Handler                         0x00000e5b   Thumb Code     2  startup_mk22f51212.o(.text)
    UsageFault_Handler                       0x00000e5d   Thumb Code     2  startup_mk22f51212.o(.text)
    SVC_Handler                              0x00000e5f   Thumb Code     2  startup_mk22f51212.o(.text)
    DebugMon_Handler                         0x00000e61   Thumb Code     2  startup_mk22f51212.o(.text)
    PendSV_Handler                           0x00000e63   Thumb Code     2  startup_mk22f51212.o(.text)
    SysTick_Handler                          0x00000e65   Thumb Code     2  startup_mk22f51212.o(.text)
    DMA0_IRQHandler                          0x00000e67   Thumb Code     4  startup_mk22f51212.o(.text)
    DMA1_IRQHandler                          0x00000e6b   Thumb Code     4  startup_mk22f51212.o(.text)
    DMA2_IRQHandler                          0x00000e6f   Thumb Code     4  startup_mk22f51212.o(.text)
    DMA3_IRQHandler                          0x00000e73   Thumb Code     4  startup_mk22f51212.o(.text)
    DMA4_IRQHandler                          0x00000e77   Thumb Code     4  startup_mk22f51212.o(.text)
    DMA5_IRQHandler                          0x00000e7b   Thumb Code     4  startup_mk22f51212.o(.text)
    DMA6_IRQHandler                          0x00000e7f   Thumb Code     4  startup_mk22f51212.o(.text)
    DMA7_IRQHandler                          0x00000e83   Thumb Code     4  startup_mk22f51212.o(.text)
    DMA8_IRQHandler                          0x00000e87   Thumb Code     4  startup_mk22f51212.o(.text)
    DMA9_IRQHandler                          0x00000e8b   Thumb Code     4  startup_mk22f51212.o(.text)
    DMA10_IRQHandler                         0x00000e8f   Thumb Code     4  startup_mk22f51212.o(.text)
    DMA11_IRQHandler                         0x00000e93   Thumb Code     4  startup_mk22f51212.o(.text)
    DMA12_IRQHandler                         0x00000e97   Thumb Code     4  startup_mk22f51212.o(.text)
    DMA13_IRQHandler                         0x00000e9b   Thumb Code     4  startup_mk22f51212.o(.text)
    DMA14_IRQHandler                         0x00000e9f   Thumb Code     4  startup_mk22f51212.o(.text)
    DMA15_IRQHandler                         0x00000ea3   Thumb Code     4  startup_mk22f51212.o(.text)
    DMA_Error_IRQHandler                     0x00000ea7   Thumb Code     4  startup_mk22f51212.o(.text)
    I2C0_IRQHandler                          0x00000eab   Thumb Code     4  startup_mk22f51212.o(.text)
    I2C1_IRQHandler                          0x00000eaf   Thumb Code     4  startup_mk22f51212.o(.text)
    SPI0_IRQHandler                          0x00000eb3   Thumb Code     4  startup_mk22f51212.o(.text)
    SPI1_IRQHandler                          0x00000eb7   Thumb Code     4  startup_mk22f51212.o(.text)
    I2S0_Tx_IRQHandler                       0x00000ebb   Thumb Code     4  startup_mk22f51212.o(.text)
    I2S0_Rx_IRQHandler                       0x00000ebf   Thumb Code     4  startup_mk22f51212.o(.text)
    LPUART0_IRQHandler                       0x00000ec3   Thumb Code     4  startup_mk22f51212.o(.text)
    UART0_RX_TX_IRQHandler                   0x00000ec7   Thumb Code     4  startup_mk22f51212.o(.text)
    UART0_ERR_IRQHandler                     0x00000ecb   Thumb Code     4  startup_mk22f51212.o(.text)
    UART1_RX_TX_IRQHandler                   0x00000ecf   Thumb Code     4  startup_mk22f51212.o(.text)
    UART1_ERR_IRQHandler                     0x00000ed3   Thumb Code     4  startup_mk22f51212.o(.text)
    UART2_RX_TX_IRQHandler                   0x00000ed7   Thumb Code     4  startup_mk22f51212.o(.text)
    UART2_ERR_IRQHandler                     0x00000edb   Thumb Code     4  startup_mk22f51212.o(.text)
    ADC0_IRQHandler                          0x00000edf   Thumb Code     0  startup_mk22f51212.o(.text)
    ADC1_IRQHandler                          0x00000edf   Thumb Code     0  startup_mk22f51212.o(.text)
    CMP0_IRQHandler                          0x00000edf   Thumb Code     0  startup_mk22f51212.o(.text)
    CMP1_IRQHandler                          0x00000edf   Thumb Code     0  startup_mk22f51212.o(.text)
    DAC0_IRQHandler                          0x00000edf   Thumb Code     0  startup_mk22f51212.o(.text)
    DAC1_IRQHandler                          0x00000edf   Thumb Code     0  startup_mk22f51212.o(.text)
    DMA0_DriverIRQHandler                    0x00000edf   Thumb Code     0  startup_mk22f51212.o(.text)
    DMA10_DriverIRQHandler                   0x00000edf   Thumb Code     0  startup_mk22f51212.o(.text)
    DMA11_DriverIRQHandler                   0x00000edf   Thumb Code     0  startup_mk22f51212.o(.text)
    DMA12_DriverIRQHandler                   0x00000edf   Thumb Code     0  startup_mk22f51212.o(.text)
    DMA13_DriverIRQHandler                   0x00000edf   Thumb Code     0  startup_mk22f51212.o(.text)
    DMA14_DriverIRQHandler                   0x00000edf   Thumb Code     0  startup_mk22f51212.o(.text)
    DMA15_DriverIRQHandler                   0x00000edf   Thumb Code     0  startup_mk22f51212.o(.text)
    DMA1_DriverIRQHandler                    0x00000edf   Thumb Code     0  startup_mk22f51212.o(.text)
    DMA2_DriverIRQHandler                    0x00000edf   Thumb Code     0  startup_mk22f51212.o(.text)
    DMA3_DriverIRQHandler                    0x00000edf   Thumb Code     0  startup_mk22f51212.o(.text)
    DMA4_DriverIRQHandler                    0x00000edf   Thumb Code     0  startup_mk22f51212.o(.text)
    DMA5_DriverIRQHandler                    0x00000edf   Thumb Code     0  startup_mk22f51212.o(.text)
    DMA6_DriverIRQHandler                    0x00000edf   Thumb Code     0  startup_mk22f51212.o(.text)
    DMA7_DriverIRQHandler                    0x00000edf   Thumb Code     0  startup_mk22f51212.o(.text)
    DMA8_DriverIRQHandler                    0x00000edf   Thumb Code     0  startup_mk22f51212.o(.text)
    DMA9_DriverIRQHandler                    0x00000edf   Thumb Code     0  startup_mk22f51212.o(.text)
    DMA_Error_DriverIRQHandler               0x00000edf   Thumb Code     0  startup_mk22f51212.o(.text)
    DefaultISR                               0x00000edf   Thumb Code     0  startup_mk22f51212.o(.text)
    FTF_IRQHandler                           0x00000edf   Thumb Code     0  startup_mk22f51212.o(.text)
    FTM0_IRQHandler                          0x00000edf   Thumb Code     0  startup_mk22f51212.o(.text)
    FTM1_IRQHandler                          0x00000edf   Thumb Code     0  startup_mk22f51212.o(.text)
    FTM2_IRQHandler                          0x00000edf   Thumb Code     0  startup_mk22f51212.o(.text)
    FTM3_IRQHandler                          0x00000edf   Thumb Code     0  startup_mk22f51212.o(.text)
    I2C0_DriverIRQHandler                    0x00000edf   Thumb Code     0  startup_mk22f51212.o(.text)
    I2C1_DriverIRQHandler                    0x00000edf   Thumb Code     0  startup_mk22f51212.o(.text)
    I2S0_Rx_DriverIRQHandler                 0x00000edf   Thumb Code     0  startup_mk22f51212.o(.text)
    I2S0_Tx_DriverIRQHandler                 0x00000edf   Thumb Code     0  startup_mk22f51212.o(.text)
    LLWU_IRQHandler                          0x00000edf   Thumb Code     0  startup_mk22f51212.o(.text)
    LPTMR0_IRQHandler                        0x00000edf   Thumb Code     0  startup_mk22f51212.o(.text)
    LPUART0_DriverIRQHandler                 0x00000edf   Thumb Code     0  startup_mk22f51212.o(.text)
    LVD_LVW_IRQHandler                       0x00000edf   Thumb Code     0  startup_mk22f51212.o(.text)
    MCG_IRQHandler                           0x00000edf   Thumb Code     0  startup_mk22f51212.o(.text)
    MCM_IRQHandler                           0x00000edf   Thumb Code     0  startup_mk22f51212.o(.text)
    PDB0_IRQHandler                          0x00000edf   Thumb Code     0  startup_mk22f51212.o(.text)
    PIT1_IRQHandler                          0x00000edf   Thumb Code     0  startup_mk22f51212.o(.text)
    PIT2_IRQHandler                          0x00000edf   Thumb Code     0  startup_mk22f51212.o(.text)
    PIT3_IRQHandler                          0x00000edf   Thumb Code     0  startup_mk22f51212.o(.text)
    PORTA_IRQHandler                         0x00000edf   Thumb Code     0  startup_mk22f51212.o(.text)
    PORTB_IRQHandler                         0x00000edf   Thumb Code     0  startup_mk22f51212.o(.text)
    PORTC_IRQHandler                         0x00000edf   Thumb Code     0  startup_mk22f51212.o(.text)
    PORTD_IRQHandler                         0x00000edf   Thumb Code     0  startup_mk22f51212.o(.text)
    PORTE_IRQHandler                         0x00000edf   Thumb Code     0  startup_mk22f51212.o(.text)
    RNG_IRQHandler                           0x00000edf   Thumb Code     0  startup_mk22f51212.o(.text)
    RTC_IRQHandler                           0x00000edf   Thumb Code     0  startup_mk22f51212.o(.text)
    RTC_Seconds_IRQHandler                   0x00000edf   Thumb Code     0  startup_mk22f51212.o(.text)
    Read_Collision_IRQHandler                0x00000edf   Thumb Code     0  startup_mk22f51212.o(.text)
    Reserved100_IRQHandler                   0x00000edf   Thumb Code     0  startup_mk22f51212.o(.text)
    Reserved101_IRQHandler                   0x00000edf   Thumb Code     0  startup_mk22f51212.o(.text)
    Reserved53_IRQHandler                    0x00000edf   Thumb Code     0  startup_mk22f51212.o(.text)
    Reserved54_IRQHandler                    0x00000edf   Thumb Code     0  startup_mk22f51212.o(.text)
    Reserved61_IRQHandler                    0x00000edf   Thumb Code     0  startup_mk22f51212.o(.text)
    Reserved70_IRQHandler                    0x00000edf   Thumb Code     0  startup_mk22f51212.o(.text)
    Reserved71_IRQHandler                    0x00000edf   Thumb Code     0  startup_mk22f51212.o(.text)
    Reserved81_IRQHandler                    0x00000edf   Thumb Code     0  startup_mk22f51212.o(.text)
    Reserved82_IRQHandler                    0x00000edf   Thumb Code     0  startup_mk22f51212.o(.text)
    Reserved83_IRQHandler                    0x00000edf   Thumb Code     0  startup_mk22f51212.o(.text)
    Reserved84_IRQHandler                    0x00000edf   Thumb Code     0  startup_mk22f51212.o(.text)
    Reserved85_IRQHandler                    0x00000edf   Thumb Code     0  startup_mk22f51212.o(.text)
    Reserved86_IRQHandler                    0x00000edf   Thumb Code     0  startup_mk22f51212.o(.text)
    Reserved90_IRQHandler                    0x00000edf   Thumb Code     0  startup_mk22f51212.o(.text)
    Reserved91_IRQHandler                    0x00000edf   Thumb Code     0  startup_mk22f51212.o(.text)
    Reserved92_IRQHandler                    0x00000edf   Thumb Code     0  startup_mk22f51212.o(.text)
    Reserved93_IRQHandler                    0x00000edf   Thumb Code     0  startup_mk22f51212.o(.text)
    Reserved94_IRQHandler                    0x00000edf   Thumb Code     0  startup_mk22f51212.o(.text)
    Reserved95_IRQHandler                    0x00000edf   Thumb Code     0  startup_mk22f51212.o(.text)
    Reserved96_IRQHandler                    0x00000edf   Thumb Code     0  startup_mk22f51212.o(.text)
    Reserved97_IRQHandler                    0x00000edf   Thumb Code     0  startup_mk22f51212.o(.text)
    Reserved98_IRQHandler                    0x00000edf   Thumb Code     0  startup_mk22f51212.o(.text)
    Reserved99_IRQHandler                    0x00000edf   Thumb Code     0  startup_mk22f51212.o(.text)
    SPI0_DriverIRQHandler                    0x00000edf   Thumb Code     0  startup_mk22f51212.o(.text)
    SPI1_DriverIRQHandler                    0x00000edf   Thumb Code     0  startup_mk22f51212.o(.text)
    SWI_IRQHandler                           0x00000edf   Thumb Code     0  startup_mk22f51212.o(.text)
    UART0_ERR_DriverIRQHandler               0x00000edf   Thumb Code     0  startup_mk22f51212.o(.text)
    UART0_RX_TX_DriverIRQHandler             0x00000edf   Thumb Code     0  startup_mk22f51212.o(.text)
    UART1_ERR_DriverIRQHandler               0x00000edf   Thumb Code     0  startup_mk22f51212.o(.text)
    UART1_RX_TX_DriverIRQHandler             0x00000edf   Thumb Code     0  startup_mk22f51212.o(.text)
    UART2_ERR_DriverIRQHandler               0x00000edf   Thumb Code     0  startup_mk22f51212.o(.text)
    UART2_RX_TX_DriverIRQHandler             0x00000edf   Thumb Code     0  startup_mk22f51212.o(.text)
    USB0_IRQHandler                          0x00000edf   Thumb Code     0  startup_mk22f51212.o(.text)
    WDOG_EWM_IRQHandler                      0x00000edf   Thumb Code     0  startup_mk22f51212.o(.text)
    SystemInitHook                           0x00000f71   Thumb Code     2  system_mk22f51212.o(.text)
    SystemInit                               0x00000f73   Thumb Code    40  system_mk22f51212.o(.text)
    SystemCoreClockUpdate                    0x00000f9b   Thumb Code   426  system_mk22f51212.o(.text)
    __aeabi_memclr4                          0x00001165   Thumb Code     0  rt_memclr_w.o(.text)
    __aeabi_memclr8                          0x00001165   Thumb Code     0  rt_memclr_w.o(.text)
    __rt_memclr_w                            0x00001165   Thumb Code    78  rt_memclr_w.o(.text)
    _memset_w                                0x00001169   Thumb Code     0  rt_memclr_w.o(.text)
    __read_errno                             0x000011b3   Thumb Code    10  _rserrno.o(.text)
    __set_errno                              0x000011bd   Thumb Code    12  _rserrno.o(.text)
    __aeabi_errno_addr                       0x000011c9   Thumb Code     8  rt_errno_addr_intlibspace.o(.text)
    __errno$intlibspace                      0x000011c9   Thumb Code     0  rt_errno_addr_intlibspace.o(.text)
    __rt_errno_addr$intlibspace              0x000011c9   Thumb Code     0  rt_errno_addr_intlibspace.o(.text)
    exit                                     0x000011d1   Thumb Code    18  exit.o(.text)
    __I$use$semihosting                      0x000011e3   Thumb Code     0  use_no_semi.o(.text)
    __use_no_semihosting_swi                 0x000011e3   Thumb Code     2  use_no_semi.o(.text)
    __semihosting_library_function           0x000011e5   Thumb Code     0  indicate_semi.o(.text)
    _sys_exit                                0x000011e5   Thumb Code     8  sys_exit.o(.text)
    __hardfp_log                             0x000011f1   Thumb Code   872  log.o(i.__hardfp_log)
    __hardfp_log2                            0x000015b9   Thumb Code   220  log2.o(i.__hardfp_log2)
    __kernel_poly                            0x000016b9   Thumb Code   248  poly.o(i.__kernel_poly)
    __mathlib_dbl_divzero                    0x000017b1   Thumb Code    28  dunder.o(i.__mathlib_dbl_divzero)
    __mathlib_dbl_infnan                     0x000017e1   Thumb Code    20  dunder.o(i.__mathlib_dbl_infnan)
    __mathlib_dbl_invalid                    0x000017f9   Thumb Code    24  dunder.o(i.__mathlib_dbl_invalid)
    frexp                                    0x00001819   Thumb Code   118  frexp.o(i.frexp)
    log                                      0x000018a5   Thumb Code    16  log.o(i.log)
    __aeabi_dneg                             0x000018b5   Thumb Code     0  basic.o(x$fpl$basic)
    _dneg                                    0x000018b5   Thumb Code     6  basic.o(x$fpl$basic)
    __aeabi_fneg                             0x000018bb   Thumb Code     0  basic.o(x$fpl$basic)
    _fneg                                    0x000018bb   Thumb Code     6  basic.o(x$fpl$basic)
    _dabs                                    0x000018c1   Thumb Code     6  basic.o(x$fpl$basic)
    _fabs                                    0x000018c7   Thumb Code     6  basic.o(x$fpl$basic)
    __aeabi_dadd                             0x000018cd   Thumb Code     0  daddsub_clz.o(x$fpl$dadd)
    _dadd                                    0x000018cd   Thumb Code   332  daddsub_clz.o(x$fpl$dadd)
    __fpl_dcmp_Inf                           0x00001a1d   Thumb Code    24  dcmpi.o(x$fpl$dcmpinf)
    __aeabi_ddiv                             0x00001a35   Thumb Code     0  ddiv.o(x$fpl$ddiv)
    _ddiv                                    0x00001a35   Thumb Code   552  ddiv.o(x$fpl$ddiv)
    __aeabi_cdcmpeq                          0x00001ce5   Thumb Code     0  deqf.o(x$fpl$deqf)
    _dcmpeq                                  0x00001ce5   Thumb Code   120  deqf.o(x$fpl$deqf)
    __aeabi_d2iz                             0x00001d5d   Thumb Code     0  dfix.o(x$fpl$dfix)
    _dfix                                    0x00001d5d   Thumb Code    94  dfix.o(x$fpl$dfix)
    __aeabi_i2d                              0x00001dbb   Thumb Code     0  dflt_clz.o(x$fpl$dflt)
    _dflt                                    0x00001dbb   Thumb Code    46  dflt_clz.o(x$fpl$dflt)
    __aeabi_cdcmple                          0x00001de9   Thumb Code     0  dleqf.o(x$fpl$dleqf)
    _dcmple                                  0x00001de9   Thumb Code   120  dleqf.o(x$fpl$dleqf)
    __fpl_dcmple_InfNaN                      0x00001e4b   Thumb Code     0  dleqf.o(x$fpl$dleqf)
    __aeabi_dmul                             0x00001e61   Thumb Code     0  dmul.o(x$fpl$dmul)
    _dmul                                    0x00001e61   Thumb Code   332  dmul.o(x$fpl$dmul)
    __fpl_dnaninf                            0x00001fb5   Thumb Code   156  dnaninf.o(x$fpl$dnaninf)
    __fpl_dretinf                            0x00002051   Thumb Code    12  dretinf.o(x$fpl$dretinf)
    __aeabi_drsub                            0x0000205d   Thumb Code     0  daddsub_clz.o(x$fpl$drsb)
    _drsb                                    0x0000205d   Thumb Code    22  daddsub_clz.o(x$fpl$drsb)
    __aeabi_dsub                             0x00002075   Thumb Code     0  daddsub_clz.o(x$fpl$dsub)
    _dsub                                    0x00002075   Thumb Code   464  daddsub_clz.o(x$fpl$dsub)
    __aeabi_f2d                              0x00002249   Thumb Code     0  f2d.o(x$fpl$f2d)
    _f2d                                     0x00002249   Thumb Code    86  f2d.o(x$fpl$f2d)
    __fpl_fnaninf                            0x0000229f   Thumb Code   140  fnaninf.o(x$fpl$fnaninf)
    _fp_init                                 0x0000232b   Thumb Code    10  fpinit.o(x$fpl$fpinit)
    __fplib_config_fpu_vfp                   0x00002333   Thumb Code     0  fpinit.o(x$fpl$fpinit)
    __fplib_config_pureend_doubles           0x00002333   Thumb Code     0  fpinit.o(x$fpl$fpinit)
    __I$use$fp                               0x00002334   Number         0  usenofp.o(x$fpl$usenofp)
    __mathlib_zero                           0x00002370   Data           8  qnan.o(.constdata)
    Region$$Table$$Base                      0x000024d8   Number         0  anon$$obj.o(Region$$Table)
    Region$$Table$$Limit                     0x00002508   Number         0  anon$$obj.o(Region$$Table)
    x                                        0x1fff0000   Data        8192  main.o(.bss)
    yinBuffer                                0x1fff2000   Data        8192  main.o(.bss)
    centCorr                                 0x20000000   Data         352  main.o(.data)
    freqInfo                                 0x20000160   Data         352  main.o(.data)
    centKey                                  0x200002c0   Data         352  main.o(.data)
    valADC                                   0x20000420   Data           2  main.o(.data)
    buff                                     0x20000422   Data           2  main.o(.data)
    old                                      0x20000424   Data           2  main.o(.data)
    minTau                                   0x20000426   Data           2  main.o(.data)
    a                                        0x20000428   Data           2  main.o(.data)
    c                                        0x2000042a   Data           2  main.o(.data)
    full                                     0x2000042c   Data           1  main.o(.data)
    cents                                    0x2000042e   Data           2  main.o(.data)
    fBaseIndex                               0x20000430   Data           1  main.o(.data)
    sum                                      0x20000434   Data           4  main.o(.data)
    delta                                    0x20000438   Data           4  main.o(.data)
    f0                                       0x2000043c   Data           4  main.o(.data)
    fa                                       0x20000440   Data           4  main.o(.data)
    fb                                       0x20000444   Data           4  main.o(.data)
    fc                                       0x20000448   Data           4  main.o(.data)
    accuTau                                  0x2000044c   Data           4  main.o(.data)
    compare                                  0x20000450   Data           4  main.o(.data)
    freqInfo2                                0x20000454   Data         352  freqanalyze.o(.data)
    SystemCoreClock                          0x200005b4   Data           4  system_mk22f51212.o(.data)
    __libspace_start                         0x200005b8   Data          96  libspace.o(.bss)
    Image$$ARM_LIB_HEAP$$ZI$$Base            0x20000618   Number         0  anon$$obj.o ABSOLUTE
    __temporary_stack_top$libspace           0x20000618   Data           0  libspace.o(.bss)
    Image$$ARM_LIB_HEAP$$ZI$$Limit           0x20000a18   Number         0  anon$$obj.o ABSOLUTE
    Image$$ARM_LIB_STACK$$ZI$$Limit          0x20010000   Number         0  anon$$obj.o ABSOLUTE



==============================================================================

Memory Map of the image

  Image Entry point : 0x00000e3d

  Load Region LR_m_text (Base: 0x00000000, Size: 0x00002ac0, Max: 0x00080000, ABSOLUTE, COMPRESSED[0x0000277c])

    Execution Region VECTOR_ROM (Exec base: 0x00000000, Load base: 0x00000000, Size: 0x00000400, Max: 0x00000400, ABSOLUTE)

    Exec Addr    Load Addr    Size         Type   Attr      Idx    E Section Name        Object

    0x00000000   0x00000000   0x00000400   Data   RO          242    RESET               startup_mk22f51212.o


    Execution Region ER_m_flash_config (Exec base: 0x00000400, Load base: 0x00000400, Size: 0x00000010, Max: 0x00000010, ABSOLUTE, FIXED)

    Exec Addr    Load Addr    Size         Type   Attr      Idx    E Section Name        Object

    0x00000400   0x00000400   0x00000010   Data   RO          243    FlashConfig         startup_mk22f51212.o


    Execution Region ER_m_text (Exec base: 0x00000410, Load base: 0x00000410, Size: 0x000020f8, Max: 0x0007fbf0, ABSOLUTE)

    Exec Addr    Load Addr    Size         Type   Attr      Idx    E Section Name        Object

    0x00000410   0x00000410   0x00000008   Code   RO          295  * !!!main             c_w.l(__main.o)
    0x00000418   0x00000418   0x00000034   Code   RO          556    !!!scatter          c_w.l(__scatter.o)
    0x0000044c   0x0000044c   0x00000064   Code   RO          554    !!dclz77c           c_w.l(__dclz77c.o)
    0x000004b0   0x000004b0   0x0000001c   Code   RO          558    !!handler_zi        c_w.l(__scatter_zi.o)
    0x000004cc   0x000004cc   0x00000002   Code   RO          421    .ARM.Collect$$libinit$$00000000  c_w.l(libinit.o)
    0x000004ce   0x000004ce   0x00000004   Code   RO          426    .ARM.Collect$$libinit$$00000001  c_w.l(libinit2.o)
    0x000004d2   0x000004d2   0x00000000   Code   RO          429    .ARM.Collect$$libinit$$00000004  c_w.l(libinit2.o)
    0x000004d2   0x000004d2   0x00000000   Code   RO          432    .ARM.Collect$$libinit$$0000000A  c_w.l(libinit2.o)
    0x000004d2   0x000004d2   0x00000000   Code   RO          434    .ARM.Collect$$libinit$$0000000C  c_w.l(libinit2.o)
    0x000004d2   0x000004d2   0x00000000   Code   RO          436    .ARM.Collect$$libinit$$0000000E  c_w.l(libinit2.o)
    0x000004d2   0x000004d2   0x00000000   Code   RO          439    .ARM.Collect$$libinit$$00000011  c_w.l(libinit2.o)
    0x000004d2   0x000004d2   0x00000000   Code   RO          441    .ARM.Collect$$libinit$$00000013  c_w.l(libinit2.o)
    0x000004d2   0x000004d2   0x00000000   Code   RO          443    .ARM.Collect$$libinit$$00000015  c_w.l(libinit2.o)
    0x000004d2   0x000004d2   0x00000000   Code   RO          445    .ARM.Collect$$libinit$$00000017  c_w.l(libinit2.o)
    0x000004d2   0x000004d2   0x00000000   Code   RO          447    .ARM.Collect$$libinit$$00000019  c_w.l(libinit2.o)
    0x000004d2   0x000004d2   0x00000000   Code   RO          449    .ARM.Collect$$libinit$$0000001B  c_w.l(libinit2.o)
    0x000004d2   0x000004d2   0x00000000   Code   RO          451    .ARM.Collect$$libinit$$0000001D  c_w.l(libinit2.o)
    0x000004d2   0x000004d2   0x00000000   Code   RO          453    .ARM.Collect$$libinit$$0000001F  c_w.l(libinit2.o)
    0x000004d2   0x000004d2   0x00000000   Code   RO          455    .ARM.Collect$$libinit$$00000021  c_w.l(libinit2.o)
    0x000004d2   0x000004d2   0x00000000   Code   RO          457    .ARM.Collect$$libinit$$00000023  c_w.l(libinit2.o)
    0x000004d2   0x000004d2   0x00000000   Code   RO          459    .ARM.Collect$$libinit$$00000025  c_w.l(libinit2.o)
    0x000004d2   0x000004d2   0x00000000   Code   RO          463    .ARM.Collect$$libinit$$0000002C  c_w.l(libinit2.o)
    0x000004d2   0x000004d2   0x00000000   Code   RO          465    .ARM.Collect$$libinit$$0000002E  c_w.l(libinit2.o)
    0x000004d2   0x000004d2   0x00000000   Code   RO          467    .ARM.Collect$$libinit$$00000030  c_w.l(libinit2.o)
    0x000004d2   0x000004d2   0x00000000   Code   RO          469    .ARM.Collect$$libinit$$00000032  c_w.l(libinit2.o)
    0x000004d2   0x000004d2   0x00000002   Code   RO          470    .ARM.Collect$$libinit$$00000033  c_w.l(libinit2.o)
    0x000004d4   0x000004d4   0x00000002   Code   RO          497    .ARM.Collect$$libshutdown$$00000000  c_w.l(libshutdown.o)
    0x000004d6   0x000004d6   0x00000000   Code   RO          507    .ARM.Collect$$libshutdown$$00000002  c_w.l(libshutdown2.o)
    0x000004d6   0x000004d6   0x00000000   Code   RO          509    .ARM.Collect$$libshutdown$$00000004  c_w.l(libshutdown2.o)
    0x000004d6   0x000004d6   0x00000000   Code   RO          512    .ARM.Collect$$libshutdown$$00000007  c_w.l(libshutdown2.o)
    0x000004d6   0x000004d6   0x00000000   Code   RO          515    .ARM.Collect$$libshutdown$$0000000A  c_w.l(libshutdown2.o)
    0x000004d6   0x000004d6   0x00000000   Code   RO          517    .ARM.Collect$$libshutdown$$0000000C  c_w.l(libshutdown2.o)
    0x000004d6   0x000004d6   0x00000000   Code   RO          520    .ARM.Collect$$libshutdown$$0000000F  c_w.l(libshutdown2.o)
    0x000004d6   0x000004d6   0x00000002   Code   RO          521    .ARM.Collect$$libshutdown$$00000010  c_w.l(libshutdown2.o)
    0x000004d8   0x000004d8   0x00000000   Code   RO          325    .ARM.Collect$$rtentry$$00000000  c_w.l(__rtentry.o)
    0x000004d8   0x000004d8   0x00000000   Code   RO          378    .ARM.Collect$$rtentry$$00000002  c_w.l(__rtentry2.o)
    0x000004d8   0x000004d8   0x00000004   Code   RO          392    .ARM.Collect$$rtentry$$00000007  c_w.l(__rtentry7.o)
    0x000004dc   0x000004dc   0x00000000   Code   RO          380    .ARM.Collect$$rtentry$$00000009  c_w.l(__rtentry2.o)
    0x000004dc   0x000004dc   0x00000004   Code   RO          381    .ARM.Collect$$rtentry$$0000000A  c_w.l(__rtentry2.o)
    0x000004e0   0x000004e0   0x00000000   Code   RO          383    .ARM.Collect$$rtentry$$0000000C  c_w.l(__rtentry2.o)
    0x000004e0   0x000004e0   0x00000008   Code   RO          384    .ARM.Collect$$rtentry$$0000000D  c_w.l(__rtentry2.o)
    0x000004e8   0x000004e8   0x00000004   Code   RO          393    .ARM.Collect$$rtentry$$00002718  c_w.l(__rtentry7.o)
    0x000004ec   0x000004ec   0x00000002   Code   RO          424    .ARM.Collect$$rtexit$$00000000  c_w.l(rtexit.o)
    0x000004ee   0x000004ee   0x00000000   Code   RO          479    .ARM.Collect$$rtexit$$00000002  c_w.l(rtexit2.o)
    0x000004ee   0x000004ee   0x00000004   Code   RO          480    .ARM.Collect$$rtexit$$00000003  c_w.l(rtexit2.o)
    0x000004f2   0x000004f2   0x00000006   Code   RO          481    .ARM.Collect$$rtexit$$00000004  c_w.l(rtexit2.o)
    0x000004f8   0x000004f8   0x000000d0   Code   RO            6    .text               adc.o
    0x000005c8   0x000005c8   0x00000058   Code   RO           59    .text               dac.o
    0x00000620   0x00000620   0x000004fc   Code   RO           86    .text               main.o
    0x00000b1c   0x00000b1c   0x000000ac   Code   RO          142    .text               mcg.o
    0x00000bc8   0x00000bc8   0x0000007c   Code   RO          166    .text               timerint.o
    0x00000c44   0x00000c44   0x000000c4   Code   RO          194    .text               freqanalyze.o
    0x00000d08   0x00000d08   0x00000134   Code   RO          221    .text               lcd.o
    0x00000e3c   0x00000e3c   0x00000134   Code   RO          244  * .text               startup_mk22f51212.o
    0x00000f70   0x00000f70   0x000001f4   Code   RO          251    .text               system_mk22f51212.o
    0x00001164   0x00001164   0x0000004e   Code   RO          293    .text               c_w.l(rt_memclr_w.o)
    0x000011b2   0x000011b2   0x00000016   Code   RO          326    .text               c_w.l(_rserrno.o)
    0x000011c8   0x000011c8   0x00000008   Code   RO          400    .text               c_w.l(rt_errno_addr_intlibspace.o)
    0x000011d0   0x000011d0   0x00000012   Code   RO          414    .text               c_w.l(exit.o)
    0x000011e2   0x000011e2   0x00000002   Code   RO          475    .text               c_w.l(use_no_semi.o)
    0x000011e4   0x000011e4   0x00000000   Code   RO          477    .text               c_w.l(indicate_semi.o)
    0x000011e4   0x000011e4   0x0000000c   Code   RO          489    .text               c_w.l(sys_exit.o)
    0x000011f0   0x000011f0   0x000003c4   Code   RO          363    i.__hardfp_log      m_wm.l(log.o)
    0x000015b4   0x000015b4   0x00000004   PAD
    0x000015b8   0x000015b8   0x00000100   Code   RO          317    i.__hardfp_log2     m_wm.l(log2.o)
    0x000016b8   0x000016b8   0x000000f8   Code   RO          406    i.__kernel_poly     m_wm.l(poly.o)
    0x000017b0   0x000017b0   0x00000030   Code   RO          343    i.__mathlib_dbl_divzero  m_wm.l(dunder.o)
    0x000017e0   0x000017e0   0x00000014   Code   RO          344    i.__mathlib_dbl_infnan  m_wm.l(dunder.o)
    0x000017f4   0x000017f4   0x00000004   PAD
    0x000017f8   0x000017f8   0x00000020   Code   RO          346    i.__mathlib_dbl_invalid  m_wm.l(dunder.o)
    0x00001818   0x00001818   0x0000008c   Code   RO          359    i.frexp             m_wm.l(frexp.o)
    0x000018a4   0x000018a4   0x00000010   Code   RO          365    i.log               m_wm.l(log.o)
    0x000018b4   0x000018b4   0x00000018   Code   RO          402    x$fpl$basic         fz_wm.l(basic.o)
    0x000018cc   0x000018cc   0x00000150   Code   RO          297    x$fpl$dadd          fz_wm.l(daddsub_clz.o)
    0x00001a1c   0x00001a1c   0x00000018   Code   RO          404    x$fpl$dcmpinf       fz_wm.l(dcmpi.o)
    0x00001a34   0x00001a34   0x000002b0   Code   RO          329    x$fpl$ddiv          fz_wm.l(ddiv.o)
    0x00001ce4   0x00001ce4   0x00000078   Code   RO          332    x$fpl$deqf          fz_wm.l(deqf.o)
    0x00001d5c   0x00001d5c   0x0000005e   Code   RO          303    x$fpl$dfix          fz_wm.l(dfix.o)
    0x00001dba   0x00001dba   0x0000002e   Code   RO          308    x$fpl$dflt          fz_wm.l(dflt_clz.o)
    0x00001de8   0x00001de8   0x00000078   Code   RO          334    x$fpl$dleqf         fz_wm.l(dleqf.o)
    0x00001e60   0x00001e60   0x00000154   Code   RO          313    x$fpl$dmul          fz_wm.l(dmul.o)
    0x00001fb4   0x00001fb4   0x0000009c   Code   RO          336    x$fpl$dnaninf       fz_wm.l(dnaninf.o)
    0x00002050   0x00002050   0x0000000c   Code   RO          338    x$fpl$dretinf       fz_wm.l(dretinf.o)
    0x0000205c   0x0000205c   0x00000016   Code   RO          298    x$fpl$drsb          fz_wm.l(daddsub_clz.o)
    0x00002072   0x00002072   0x00000002   PAD
    0x00002074   0x00002074   0x000001d4   Code   RO          299    x$fpl$dsub          fz_wm.l(daddsub_clz.o)
    0x00002248   0x00002248   0x00000056   Code   RO          315    x$fpl$f2d           fz_wm.l(f2d.o)
    0x0000229e   0x0000229e   0x0000008c   Code   RO          340    x$fpl$fnaninf       fz_wm.l(fnaninf.o)
    0x0000232a   0x0000232a   0x0000000a   Code   RO          487    x$fpl$fpinit        fz_wm.l(fpinit.o)
    0x00002334   0x00002334   0x00000000   Code   RO          342    x$fpl$usenofp       fz_wm.l(usenofp.o)
    0x00002334   0x00002334   0x00000004   PAD
    0x00002338   0x00002338   0x00000038   Data   RO          366    .constdata          m_wm.l(log.o)
    0x00002370   0x00002370   0x00000008   Data   RO          408    .constdata          m_wm.l(qnan.o)
    0x00002378   0x00002378   0x0000015f   Data   RO           89    .conststring        main.o
    0x000024d7   0x000024d7   0x00000001   PAD
    0x000024d8   0x000024d8   0x00000030   Data   RO          552    Region$$Table       anon$$obj.o


    Execution Region RW_m_data (Exec base: 0x1fff0000, Load base: 0x00002508, Size: 0x00004000, Max: 0x00010000, ABSOLUTE)

    Exec Addr    Load Addr    Size         Type   Attr      Idx    E Section Name        Object

    0x1fff0000        -       0x00004000   Zero   RW           87    .bss                main.o


    Execution Region RW_m_data_2 (Exec base: 0x20000000, Load base: 0x00002508, Size: 0x00000618, Max: 0x0000f800, ABSOLUTE, COMPRESSED[0x00000274])

    Exec Addr    Load Addr    Size         Type   Attr      Idx    E Section Name        Object

    0x20000000   COMPRESSED   0x00000454   Data   RW           90    .data               main.o
    0x20000454   COMPRESSED   0x00000160   Data   RW          195    .data               freqanalyze.o
    0x200005b4   COMPRESSED   0x00000004   Data   RW          252    .data               system_mk22f51212.o
    0x200005b8        -       0x00000060   Zero   RW          410    .bss                c_w.l(libspace.o)


    Execution Region ARM_LIB_HEAP (Exec base: 0x20000618, Load base: 0x0000277c, Size: 0x00000400, Max: 0x00000400, ABSOLUTE)

    Exec Addr    Load Addr    Size         Type   Attr      Idx    E Section Name        Object

    0x20000618        -       0x00000400   Zero   RW            1    ARM_LIB_HEAP.bss    anon$$obj.o


    Execution Region ARM_LIB_STACK (Exec base: 0x2000fc00, Load base: 0x0000277c, Size: 0x00000400, Max: 0x00000400, ABSOLUTE)

    Exec Addr    Load Addr    Size         Type   Attr      Idx    E Section Name        Object

    0x2000fc00        -       0x00000400   Zero   RW            2    ARM_LIB_STACK.bss   anon$$obj.o


==============================================================================

Image component sizes


      Code (inc. data)   RO Data    RW Data    ZI Data      Debug   Object Name

       208         10          0          0          0     299129   adc.o
        88         10          0          0          0        459   dac.o
       196          4          0        352          0       1236   freqanalyze.o
       308          4          0          0          0       1696   lcd.o
      1276        144        351       1108      16384      32021   main.o
       172         16          0          0          0        540   mcg.o
       308        142       1040          0          0       2284   startup_mk22f51212.o
       500         40          0          4          0       1504   system_mk22f51212.o
       124         16          0          0          0      29151   timerint.o

    ----------------------------------------------------------------------
      3180        386       1440       1464      18432     368020   Object Totals
         0          0         48          0       2048          0   (incl. Generated)
         0          0          1          0          0          0   (incl. Padding)

    ----------------------------------------------------------------------

      Code (inc. data)   RO Data    RW Data    ZI Data      Debug   Library Member Name

       100          0          0          0          0          0   __dclz77c.o
         8          0          0          0          0         68   __main.o
         0          0          0          0          0          0   __rtentry.o
        12          0          0          0          0          0   __rtentry2.o
         8          4          0          0          0          0   __rtentry7.o
        52          8          0          0          0          0   __scatter.o
        28          0          0          0          0          0   __scatter_zi.o
        22          0          0          0          0        100   _rserrno.o
        18          0          0          0          0         80   exit.o
         0          0          0          0          0          0   indicate_semi.o
         2          0          0          0          0          0   libinit.o
         6          0          0          0          0          0   libinit2.o
         2          0          0          0          0          0   libshutdown.o
         2          0          0          0          0          0   libshutdown2.o
         0          0          0          0         96          0   libspace.o
         8          4          0          0          0         68   rt_errno_addr_intlibspace.o
        78          0          0          0          0         80   rt_memclr_w.o
         2          0          0          0          0          0   rtexit.o
        10          0          0          0          0          0   rtexit2.o
        12          4          0          0          0         68   sys_exit.o
         2          0          0          0          0         68   use_no_semi.o
        24          0          0          0          0        164   basic.o
       826         16          0          0          0        492   daddsub_clz.o
        24          0          0          0          0        116   dcmpi.o
       688        140          0          0          0        256   ddiv.o
       120          4          0          0          0        140   deqf.o
        94          4          0          0          0        140   dfix.o
        46          0          0          0          0        116   dflt_clz.o
       120          4          0          0          0        140   dleqf.o
       340         12          0          0          0        152   dmul.o
       156          4          0          0          0        140   dnaninf.o
        12          0          0          0          0        116   dretinf.o
        86          4          0          0          0        132   f2d.o
       140          4          0          0          0        132   fnaninf.o
        10          0          0          0          0        116   fpinit.o
         0          0          0          0          0          0   usenofp.o
       100         28          0          0          0        372   dunder.o
       140         22          0          0          0        132   frexp.o
       980         92         56          0          0        440   log.o
       256         36          0          0          0        164   log2.o
       248          0          0          0          0        152   poly.o
         0          0          8          0          0          0   qnan.o

    ----------------------------------------------------------------------
      4796        394         64          0         96       4144   Library Totals
        14          4          0          0          0          0   (incl. Padding)

    ----------------------------------------------------------------------

      Code (inc. data)   RO Data    RW Data    ZI Data      Debug   Library Name

       372         20          0          0         96        532   c_w.l
      2686        192          0          0          0       2352   fz_wm.l
      1724        178         64          0          0       1260   m_wm.l

    ----------------------------------------------------------------------
      4796        394         64          0         96       4144   Library Totals

    ----------------------------------------------------------------------

==============================================================================


      Code (inc. data)   RO Data    RW Data    ZI Data      Debug   

      7976        780       1504       1464      18528     368908   Grand Totals
      7976        780       1504        628      18528     368908   ELF Image Totals (compressed)
      7976        780       1504        628          0          0   ROM Totals

==============================================================================

    Total RO  Size (Code + RO Data)                 9480 (   9.26kB)
    Total RW  Size (RW Data + ZI Data)             19992 (  19.52kB)
    Total ROM Size (Code + RO Data + RW Data)      10108 (   9.87kB)

==============================================================================

