Component: ARM Compiler 6.7 Tool: armlink [5c9ef700]

==============================================================================

Section Cross References

    adc.o(.ARM.exidx) refers to adc.o(.text) for [Anonymous Symbol]
    dac.o(.ARM.exidx) refers to dac.o(.text) for [Anonymous Symbol]
    main.o(.text) refers to main.o(.bss..L_MergedGlobals) for [Anonymous Symbol]
    main.o(.text) refers to main.o(.bss.Yn) for Yn
    main.o(.text) refers to main.o(.data.B) for B
    main.o(.text) refers to main.o(.bss.s) for s
    main.o(.text) refers to main.o(.data.A) for A
    main.o(.text) refers to mcg.o(.text) for MCG_Clock120_Init
    main.o(.text) refers to adc.o(.text) for ADC_Init
    main.o(.text) refers to dac.o(.text) for DAC_Init
    main.o(.text) refers to timerint.o(.text) for TimerInt_Init
    main.o(.ARM.exidx) refers to main.o(.text) for [Anonymous Symbol]
    mcg.o(.ARM.exidx) refers to mcg.o(.text) for [Anonymous Symbol]
    timerint.o(.ARM.exidx) refers to timerint.o(.text) for [Anonymous Symbol]
    startup_mk22f51212.o(RESET) refers to startup_mk22f51212.o(.text) for Reset_Handler
    startup_mk22f51212.o(RESET) refers to main.o(.text) for PIT0_IRQHandler
    startup_mk22f51212.o(.text) refers to startup_mk22f51212.o(FlashConfig) for FlashConfig
    startup_mk22f51212.o(.text) refers to startup_mk22f51212.o(RESET) for __Vectors
    startup_mk22f51212.o(.text) refers to system_mk22f51212.o(.text) for SystemInit
    startup_mk22f51212.o(.text) refers to __main.o(!!!main) for __main
    system_mk22f51212.o(.text) refers to system_mk22f51212.o(.data.SystemCoreClock) for SystemCoreClock
    system_mk22f51212.o(.ARM.exidx) refers to system_mk22f51212.o(.text) for [Anonymous Symbol]
    __main.o(!!!main) refers to __rtentry.o(.ARM.Collect$$rtentry$$00000000) for __rt_entry
    __rtentry.o(.ARM.Collect$$rtentry$$00000000) refers (Special) to __rtentry2.o(.ARM.Collect$$rtentry$$0000000A) for __rt_entry_li
    __rtentry.o(.ARM.Collect$$rtentry$$00000000) refers (Special) to __rtentry2.o(.ARM.Collect$$rtentry$$0000000D) for __rt_entry_main
    __rtentry.o(.ARM.Collect$$rtentry$$00000000) refers (Special) to __rtentry2.o(.ARM.Collect$$rtentry$$0000000C) for __rt_entry_postli_1
    __rtentry.o(.ARM.Collect$$rtentry$$00000000) refers (Special) to __rtentry2.o(.ARM.Collect$$rtentry$$00000009) for __rt_entry_postsh_1
    __rtentry.o(.ARM.Collect$$rtentry$$00000000) refers (Special) to __rtentry2.o(.ARM.Collect$$rtentry$$00000002) for __rt_entry_presh_1
    __rtentry.o(.ARM.Collect$$rtentry$$00000000) refers (Special) to __rtentry7.o(.ARM.Collect$$rtentry$$00000007) for __rt_entry_sh
    __rtentry2.o(.ARM.Collect$$rtentry$$00000008) refers to boardinit2.o(.text) for _platform_post_stackheap_init
    __rtentry2.o(.ARM.Collect$$rtentry$$0000000A) refers to libinit.o(.ARM.Collect$$libinit$$00000000) for __rt_lib_init
    __rtentry2.o(.ARM.Collect$$rtentry$$0000000B) refers to boardinit3.o(.text) for _platform_post_lib_init
    __rtentry2.o(.ARM.Collect$$rtentry$$0000000D) refers to main.o(.text) for main
    __rtentry2.o(.ARM.Collect$$rtentry$$0000000D) refers to exit.o(.text) for exit
    __rtentry2.o(.ARM.exidx) refers to __rtentry2.o(.ARM.Collect$$rtentry$$00000001) for .ARM.Collect$$rtentry$$00000001
    __rtentry2.o(.ARM.exidx) refers to __rtentry2.o(.ARM.Collect$$rtentry$$00000008) for .ARM.Collect$$rtentry$$00000008
    __rtentry2.o(.ARM.exidx) refers to __rtentry2.o(.ARM.Collect$$rtentry$$0000000A) for .ARM.Collect$$rtentry$$0000000A
    __rtentry2.o(.ARM.exidx) refers to __rtentry2.o(.ARM.Collect$$rtentry$$0000000B) for .ARM.Collect$$rtentry$$0000000B
    __rtentry2.o(.ARM.exidx) refers to __rtentry2.o(.ARM.Collect$$rtentry$$0000000D) for .ARM.Collect$$rtentry$$0000000D
    __rtentry4.o(.ARM.Collect$$rtentry$$00000004) refers to sys_stackheap_outer.o(.text) for __user_setup_stackheap
    __rtentry4.o(.ARM.exidx) refers to __rtentry4.o(.ARM.Collect$$rtentry$$00000004) for .ARM.Collect$$rtentry$$00000004
    __rtentry7.o(.ARM.Collect$$rtentry$$00000007) refers to __rtentry7.o(.ARM.Collect$$rtentry$$00002718) for __lit__00000000
    __rtentry7.o(__vectab_stack_and_reset_2_area) refers to __main.o(!!!main) for __main
    __rtentry7.o(.ARM.exidx) refers to __rtentry7.o(.ARM.Collect$$rtentry$$00000007) for .ARM.Collect$$rtentry$$00000007
    __rtentry7.o(.ARM.exidx) refers to __rtentry7.o(.ARM.Collect$$rtentry$$00002718) for .ARM.Collect$$rtentry$$00002718
    sys_stackheap_outer.o(.text) refers to libspace.o(.text) for __user_perproc_libspace
    sys_stackheap_outer.o(.text) refers to sys_stackheap.o(.text) for __user_initial_stackheap
    exit.o(.text) refers to rtexit.o(.ARM.Collect$$rtexit$$00000000) for __rt_exit
    libinit.o(.ARM.Collect$$libinit$$00000000) refers (Special) to libinit2.o(.ARM.Collect$$libinit$$0000002E) for __rt_lib_init_alloca_1
    libinit.o(.ARM.Collect$$libinit$$00000000) refers (Special) to libinit2.o(.ARM.Collect$$libinit$$0000002C) for __rt_lib_init_argv_1
    libinit.o(.ARM.Collect$$libinit$$00000000) refers (Special) to libinit2.o(.ARM.Collect$$libinit$$0000001B) for __rt_lib_init_atexit_1
    libinit.o(.ARM.Collect$$libinit$$00000000) refers (Special) to libinit2.o(.ARM.Collect$$libinit$$00000021) for __rt_lib_init_clock_1
    libinit.o(.ARM.Collect$$libinit$$00000000) refers (Special) to libinit2.o(.ARM.Collect$$libinit$$00000032) for __rt_lib_init_cpp_1
    libinit.o(.ARM.Collect$$libinit$$00000000) refers (Special) to libinit2.o(.ARM.Collect$$libinit$$00000030) for __rt_lib_init_exceptions_1
    libinit.o(.ARM.Collect$$libinit$$00000000) refers (Special) to libinit2.o(.ARM.Collect$$libinit$$00000001) for __rt_lib_init_fp_1
    libinit.o(.ARM.Collect$$libinit$$00000000) refers (Special) to libinit2.o(.ARM.Collect$$libinit$$0000001F) for __rt_lib_init_fp_trap_1
    libinit.o(.ARM.Collect$$libinit$$00000000) refers (Special) to libinit2.o(.ARM.Collect$$libinit$$00000023) for __rt_lib_init_getenv_1
    libinit.o(.ARM.Collect$$libinit$$00000000) refers (Special) to libinit2.o(.ARM.Collect$$libinit$$0000000A) for __rt_lib_init_heap_1
    libinit.o(.ARM.Collect$$libinit$$00000000) refers (Special) to libinit2.o(.ARM.Collect$$libinit$$00000011) for __rt_lib_init_lc_collate_1
    libinit.o(.ARM.Collect$$libinit$$00000000) refers (Special) to libinit2.o(.ARM.Collect$$libinit$$00000013) for __rt_lib_init_lc_ctype_1
    libinit.o(.ARM.Collect$$libinit$$00000000) refers (Special) to libinit2.o(.ARM.Collect$$libinit$$00000015) for __rt_lib_init_lc_monetary_1
    libinit.o(.ARM.Collect$$libinit$$00000000) refers (Special) to libinit2.o(.ARM.Collect$$libinit$$00000017) for __rt_lib_init_lc_numeric_1
    libinit.o(.ARM.Collect$$libinit$$00000000) refers (Special) to libinit2.o(.ARM.Collect$$libinit$$00000019) for __rt_lib_init_lc_time_1
    libinit.o(.ARM.Collect$$libinit$$00000000) refers (Special) to libinit2.o(.ARM.Collect$$libinit$$00000004) for __rt_lib_init_preinit_1
    libinit.o(.ARM.Collect$$libinit$$00000000) refers (Special) to libinit2.o(.ARM.Collect$$libinit$$0000000E) for __rt_lib_init_rand_1
    libinit.o(.ARM.Collect$$libinit$$00000000) refers (Special) to libinit2.o(.ARM.Collect$$libinit$$00000033) for __rt_lib_init_return
    libinit.o(.ARM.Collect$$libinit$$00000000) refers (Special) to libinit2.o(.ARM.Collect$$libinit$$0000001D) for __rt_lib_init_signal_1
    libinit.o(.ARM.Collect$$libinit$$00000000) refers (Special) to libinit2.o(.ARM.Collect$$libinit$$00000025) for __rt_lib_init_stdio_1
    libinit.o(.ARM.Collect$$libinit$$00000000) refers (Special) to libinit2.o(.ARM.Collect$$libinit$$0000000C) for __rt_lib_init_user_alloc_1
    libspace.o(.text) refers to libspace.o(.bss) for __libspace_start
    sys_stackheap.o(.text) refers (Special) to indicate_semi.o(.text) for __semihosting_library_function
    sys_stackheap.o(.text) refers to use_no_semi.o(.text) for __I$use$semihosting
    sys_stackheap_hlt.o(.text) refers (Special) to indicate_semi.o(.text) for __semihosting_library_function
    sys_stackheap_hlt.o(.text) refers to use_no_semi.o(.text) for __I$use$semihosting
    rtexit.o(.ARM.Collect$$rtexit$$00000000) refers (Special) to rtexit2.o(.ARM.Collect$$rtexit$$00000004) for __rt_exit_exit
    rtexit.o(.ARM.Collect$$rtexit$$00000000) refers (Special) to rtexit2.o(.ARM.Collect$$rtexit$$00000003) for __rt_exit_ls
    rtexit.o(.ARM.Collect$$rtexit$$00000000) refers (Special) to rtexit2.o(.ARM.Collect$$rtexit$$00000002) for __rt_exit_prels_1
    rtexit.o(.ARM.exidx) refers (Special) to rtexit2.o(.ARM.Collect$$rtexit$$00000004) for __rt_exit_exit
    rtexit.o(.ARM.exidx) refers (Special) to rtexit2.o(.ARM.Collect$$rtexit$$00000003) for __rt_exit_ls
    rtexit.o(.ARM.exidx) refers (Special) to rtexit2.o(.ARM.Collect$$rtexit$$00000002) for __rt_exit_prels_1
    rtexit.o(.ARM.exidx) refers to rtexit.o(.ARM.Collect$$rtexit$$00000000) for .ARM.Collect$$rtexit$$00000000
    libinit2.o(.ARM.Collect$$libinit$$00000001) refers to fpinit.o(x$fpl$fpinit) for _fp_init
    libinit2.o(.ARM.Collect$$libinit$$00000010) refers to libinit2.o(.ARM.Collect$$libinit$$0000000F) for .ARM.Collect$$libinit$$0000000F
    libinit2.o(.ARM.Collect$$libinit$$00000012) refers to libinit2.o(.ARM.Collect$$libinit$$0000000F) for .ARM.Collect$$libinit$$0000000F
    libinit2.o(.ARM.Collect$$libinit$$00000014) refers to libinit2.o(.ARM.Collect$$libinit$$0000000F) for .ARM.Collect$$libinit$$0000000F
    libinit2.o(.ARM.Collect$$libinit$$00000016) refers to libinit2.o(.ARM.Collect$$libinit$$0000000F) for .ARM.Collect$$libinit$$0000000F
    libinit2.o(.ARM.Collect$$libinit$$00000018) refers to libinit2.o(.ARM.Collect$$libinit$$0000000F) for .ARM.Collect$$libinit$$0000000F
    libinit2.o(.ARM.Collect$$libinit$$00000026) refers to argv_veneer.o(.emb_text) for __ARM_argv_veneer
    libinit2.o(.ARM.Collect$$libinit$$00000027) refers to argv_veneer.o(.emb_text) for __ARM_argv_veneer
    libinit5.o(.ARM.Collect$$libinit$$00000008) refers to libinit5.o(.ARM.Collect$$libinit$$00002719) for __lit__00000000
    libinit5.o(.ARM.Collect$$libinit$$0000002A) refers to libinit5.o(.ARM.Collect$$libinit$$0000273B) for __lit__00000002
    libinit5.o(.ARM.Collect$$libinit$$0000002A) refers to argv_veneer.o(.emb_text) for __ARM_argv_veneer
    rtexit2.o(.ARM.Collect$$rtexit$$00000003) refers to libshutdown.o(.ARM.Collect$$libshutdown$$00000000) for __rt_lib_shutdown
    rtexit2.o(.ARM.Collect$$rtexit$$00000004) refers to sys_exit.o(.text) for _sys_exit
    rtexit2.o(.ARM.exidx) refers to rtexit2.o(.ARM.Collect$$rtexit$$00000001) for .ARM.Collect$$rtexit$$00000001
    rtexit2.o(.ARM.exidx) refers to rtexit2.o(.ARM.Collect$$rtexit$$00000003) for .ARM.Collect$$rtexit$$00000003
    rtexit2.o(.ARM.exidx) refers to rtexit2.o(.ARM.Collect$$rtexit$$00000004) for .ARM.Collect$$rtexit$$00000004
    argv_veneer.o(.emb_text) refers to no_argv.o(.text) for __ARM_get_argv
    sys_exit.o(.text) refers (Special) to use_no_semi.o(.text) for __I$use$semihosting
    sys_exit.o(.text) refers (Special) to indicate_semi.o(.text) for __semihosting_library_function
    sys_exit_hlt.o(.text) refers (Special) to use_no_semi.o(.text) for __I$use$semihosting
    sys_exit_hlt.o(.text) refers (Special) to indicate_semi.o(.text) for __semihosting_library_function
    _get_argv_nomalloc.o(.text) refers (Special) to hrguard.o(.text) for __heap_region$guard
    _get_argv_nomalloc.o(.text) refers to defsig_rtmem_outer.o(.text) for __rt_SIGRTMEM
    _get_argv_nomalloc.o(.text) refers to sys_command.o(.text) for _sys_command_string
    libshutdown.o(.ARM.Collect$$libshutdown$$00000000) refers (Special) to libshutdown2.o(.ARM.Collect$$libshutdown$$00000002) for __rt_lib_shutdown_cpp_1
    libshutdown.o(.ARM.Collect$$libshutdown$$00000000) refers (Special) to libshutdown2.o(.ARM.Collect$$libshutdown$$00000007) for __rt_lib_shutdown_fp_trap_1
    libshutdown.o(.ARM.Collect$$libshutdown$$00000000) refers (Special) to libshutdown2.o(.ARM.Collect$$libshutdown$$0000000F) for __rt_lib_shutdown_heap_1
    libshutdown.o(.ARM.Collect$$libshutdown$$00000000) refers (Special) to libshutdown2.o(.ARM.Collect$$libshutdown$$00000010) for __rt_lib_shutdown_return
    libshutdown.o(.ARM.Collect$$libshutdown$$00000000) refers (Special) to libshutdown2.o(.ARM.Collect$$libshutdown$$0000000A) for __rt_lib_shutdown_signal_1
    libshutdown.o(.ARM.Collect$$libshutdown$$00000000) refers (Special) to libshutdown2.o(.ARM.Collect$$libshutdown$$00000004) for __rt_lib_shutdown_stdio_1
    libshutdown.o(.ARM.Collect$$libshutdown$$00000000) refers (Special) to libshutdown2.o(.ARM.Collect$$libshutdown$$0000000C) for __rt_lib_shutdown_user_alloc_1
    sys_command.o(.text) refers (Special) to use_no_semi.o(.text) for __I$use$semihosting
    sys_command.o(.text) refers (Special) to indicate_semi.o(.text) for __semihosting_library_function
    sys_command_hlt.o(.text) refers (Special) to use_no_semi.o(.text) for __I$use$semihosting
    sys_command_hlt.o(.text) refers (Special) to indicate_semi.o(.text) for __semihosting_library_function
    defsig_rtmem_outer.o(.text) refers to defsig_rtmem_inner.o(.text) for __rt_SIGRTMEM_inner
    defsig_rtmem_outer.o(.text) refers to defsig_exit.o(.text) for __sig_exit
    defsig_rtmem_formal.o(.text) refers to rt_raise.o(.text) for __rt_raise
    rt_raise.o(.text) refers to __raise.o(.text) for __raise
    rt_raise.o(.text) refers to sys_exit.o(.text) for _sys_exit
    defsig_exit.o(.text) refers to sys_exit.o(.text) for _sys_exit
    defsig_rtmem_inner.o(.text) refers to defsig_general.o(.text) for __default_signal_display
    __raise.o(.text) refers to defsig.o(CL$$defsig) for __default_signal_handler
    defsig_general.o(.text) refers to sys_wrch.o(.text) for _ttywrch
    sys_wrch.o(.text) refers (Special) to use_no_semi.o(.text) for __I$use$semihosting
    sys_wrch.o(.text) refers (Special) to indicate_semi.o(.text) for __semihosting_library_function
    sys_wrch_hlt.o(.text) refers (Special) to use_no_semi.o(.text) for __I$use$semihosting
    sys_wrch_hlt.o(.text) refers (Special) to indicate_semi.o(.text) for __semihosting_library_function
    defsig.o(CL$$defsig) refers to defsig_rtmem_inner.o(.text) for __rt_SIGRTMEM_inner
    defsig_abrt_inner.o(.text) refers to defsig_general.o(.text) for __default_signal_display
    defsig_fpe_inner.o(.text) refers to defsig_general.o(.text) for __default_signal_display
    defsig_rtred_inner.o(.text) refers to defsig_general.o(.text) for __default_signal_display
    defsig_stak_inner.o(.text) refers to defsig_general.o(.text) for __default_signal_display
    defsig_pvfn_inner.o(.text) refers to defsig_general.o(.text) for __default_signal_display
    defsig_cppl_inner.o(.text) refers to defsig_general.o(.text) for __default_signal_display
    defsig_segv_inner.o(.text) refers to defsig_general.o(.text) for __default_signal_display
    defsig_other.o(.text) refers to defsig_general.o(.text) for __default_signal_display


==============================================================================

Removing Unused input sections from the image.

    Removing adc.o(.ARM.exidx), (16 bytes).
    Removing dac.o(.ARM.exidx), (8 bytes).
    Removing main.o(.ARM.exidx), (16 bytes).
    Removing main.o(.bss.k), (2 bytes).
    Removing main.o(.ARM.use_no_argv), (4 bytes).
    Removing mcg.o(.ARM.exidx), (8 bytes).
    Removing timerint.o(.ARM.exidx), (8 bytes).
    Removing system_mk22f51212.o(.ARM.exidx), (24 bytes).

8 unused section(s) (total 86 bytes) removed from the image.

==============================================================================

Image Symbol Table

    Local Symbols

    Symbol Name                              Value     Ov Type        Size  Object(Section)

    RESET                                    0x00000000   Section     1024  startup_mk22f51212.o(RESET)
    ../clib/angel/boardlib.s                 0x00000000   Number         0  boardinit3.o ABSOLUTE
    ../clib/angel/boardlib.s                 0x00000000   Number         0  boardinit1.o ABSOLUTE
    ../clib/angel/boardlib.s                 0x00000000   Number         0  boardinit2.o ABSOLUTE
    ../clib/angel/boardlib.s                 0x00000000   Number         0  boardshut.o ABSOLUTE
    ../clib/angel/dczerorl2.s                0x00000000   Number         0  __dczerorl2.o ABSOLUTE
    ../clib/angel/handlers.s                 0x00000000   Number         0  __scatter_zi.o ABSOLUTE
    ../clib/angel/kernel.s                   0x00000000   Number         0  rtexit2.o ABSOLUTE
    ../clib/angel/kernel.s                   0x00000000   Number         0  __rtentry4.o ABSOLUTE
    ../clib/angel/kernel.s                   0x00000000   Number         0  __rtentry7.o ABSOLUTE
    ../clib/angel/kernel.s                   0x00000000   Number         0  rtexit.o ABSOLUTE
    ../clib/angel/kernel.s                   0x00000000   Number         0  __rtentry.o ABSOLUTE
    ../clib/angel/kernel.s                   0x00000000   Number         0  __rtentry2.o ABSOLUTE
    ../clib/angel/rt.s                       0x00000000   Number         0  rt_raise.o ABSOLUTE
    ../clib/angel/scatter.s                  0x00000000   Number         0  __scatter.o ABSOLUTE
    ../clib/angel/startup.s                  0x00000000   Number         0  __main.o ABSOLUTE
    ../clib/angel/sys.s                      0x00000000   Number         0  libspace.o ABSOLUTE
    ../clib/angel/sys.s                      0x00000000   Number         0  sys_stackheap.o ABSOLUTE
    ../clib/angel/sys.s                      0x00000000   Number         0  sys_stackheap_hlt.o ABSOLUTE
    ../clib/angel/sys.s                      0x00000000   Number         0  sys_stackheap_outer.o ABSOLUTE
    ../clib/angel/sys.s                      0x00000000   Number         0  indicate_semi.o ABSOLUTE
    ../clib/angel/sys.s                      0x00000000   Number         0  use_no_semi.o ABSOLUTE
    ../clib/angel/sysapp.c                   0x00000000   Number         0  sys_wrch.o ABSOLUTE
    ../clib/angel/sysapp.c                   0x00000000   Number         0  sys_command_hlt.o ABSOLUTE
    ../clib/angel/sysapp.c                   0x00000000   Number         0  sys_command.o ABSOLUTE
    ../clib/angel/sysapp.c                   0x00000000   Number         0  sys_exit.o ABSOLUTE
    ../clib/angel/sysapp.c                   0x00000000   Number         0  sys_wrch_hlt.o ABSOLUTE
    ../clib/angel/sysapp.c                   0x00000000   Number         0  sys_exit_hlt.o ABSOLUTE
    ../clib/armsys.c                         0x00000000   Number         0  argv_veneer.o ABSOLUTE
    ../clib/armsys.c                         0x00000000   Number         0  argv_veneer.o ABSOLUTE
    ../clib/armsys.c                         0x00000000   Number         0  no_argv.o ABSOLUTE
    ../clib/armsys.c                         0x00000000   Number         0  _get_argv_nomalloc.o ABSOLUTE
    ../clib/heapalloc.c                      0x00000000   Number         0  hrguard.o ABSOLUTE
    ../clib/libinit.s                        0x00000000   Number         0  libshutdown2.o ABSOLUTE
    ../clib/libinit.s                        0x00000000   Number         0  libinit.o ABSOLUTE
    ../clib/libinit.s                        0x00000000   Number         0  libinit5.o ABSOLUTE
    ../clib/libinit.s                        0x00000000   Number         0  libinit2.o ABSOLUTE
    ../clib/libinit.s                        0x00000000   Number         0  libshutdown.o ABSOLUTE
    ../clib/signal.c                         0x00000000   Number         0  defsig_general.o ABSOLUTE
    ../clib/signal.c                         0x00000000   Number         0  __raise.o ABSOLUTE
    ../clib/signal.c                         0x00000000   Number         0  defsig_exit.o ABSOLUTE
    ../clib/signal.c                         0x00000000   Number         0  defsig_rtmem_inner.o ABSOLUTE
    ../clib/signal.c                         0x00000000   Number         0  defsig_rtmem_formal.o ABSOLUTE
    ../clib/signal.c                         0x00000000   Number         0  defsig_rtmem_outer.o ABSOLUTE
    ../clib/signal.c                         0x00000000   Number         0  defsig_pvfn_inner.o ABSOLUTE
    ../clib/signal.c                         0x00000000   Number         0  defsig_cppl_inner.o ABSOLUTE
    ../clib/signal.c                         0x00000000   Number         0  defsig_stak_inner.o ABSOLUTE
    ../clib/signal.c                         0x00000000   Number         0  defsig_rtred_inner.o ABSOLUTE
    ../clib/signal.c                         0x00000000   Number         0  defsig_fpe_inner.o ABSOLUTE
    ../clib/signal.c                         0x00000000   Number         0  defsig_segv_inner.o ABSOLUTE
    ../clib/signal.c                         0x00000000   Number         0  defsig_abrt_inner.o ABSOLUTE
    ../clib/signal.c                         0x00000000   Number         0  defsig_other.o ABSOLUTE
    ../clib/signal.s                         0x00000000   Number         0  defsig.o ABSOLUTE
    ../clib/stdlib.c                         0x00000000   Number         0  exit.o ABSOLUTE
    ../fplib/fpinit.s                        0x00000000   Number         0  fpinit.o ABSOLUTE
    ADC.c                                    0x00000000   Number         0  adc.o ABSOLUTE
    DAC.c                                    0x00000000   Number         0  dac.o ABSOLUTE
    MCG.c                                    0x00000000   Number         0  mcg.o ABSOLUTE
    RTE/Device/MK22FN512VLH12/system_MK22F51212.c 0x00000000   Number         0  system_mk22f51212.o ABSOLUTE
    RTE\Device\MK22FN512VLH12\startup_MK22F51212.s 0x00000000   Number         0  startup_mk22f51212.o ABSOLUTE
    TimerInt.c                               0x00000000   Number         0  timerint.o ABSOLUTE
    dc.s                                     0x00000000   Number         0  dc.o ABSOLUTE
    main.c                                   0x00000000   Number         0  main.o ABSOLUTE
    FlashConfig                              0x00000400   Section       16  startup_mk22f51212.o(FlashConfig)
    !!!main                                  0x00000410   Section        8  __main.o(!!!main)
    !!!scatter                               0x00000418   Section       52  __scatter.o(!!!scatter)
    !!dczerorl2                              0x0000044c   Section       90  __dczerorl2.o(!!dczerorl2)
    !!handler_zi                             0x000004a8   Section       28  __scatter_zi.o(!!handler_zi)
    .ARM.Collect$$libinit$$00000000          0x000004c4   Section        2  libinit.o(.ARM.Collect$$libinit$$00000000)
    .ARM.Collect$$libinit$$00000001          0x000004c6   Section        4  libinit2.o(.ARM.Collect$$libinit$$00000001)
    .ARM.Collect$$libinit$$00000004          0x000004ca   Section        0  libinit2.o(.ARM.Collect$$libinit$$00000004)
    .ARM.Collect$$libinit$$0000000A          0x000004ca   Section        0  libinit2.o(.ARM.Collect$$libinit$$0000000A)
    .ARM.Collect$$libinit$$0000000C          0x000004ca   Section        0  libinit2.o(.ARM.Collect$$libinit$$0000000C)
    .ARM.Collect$$libinit$$0000000E          0x000004ca   Section        0  libinit2.o(.ARM.Collect$$libinit$$0000000E)
    .ARM.Collect$$libinit$$00000011          0x000004ca   Section        0  libinit2.o(.ARM.Collect$$libinit$$00000011)
    .ARM.Collect$$libinit$$00000013          0x000004ca   Section        0  libinit2.o(.ARM.Collect$$libinit$$00000013)
    .ARM.Collect$$libinit$$00000015          0x000004ca   Section        0  libinit2.o(.ARM.Collect$$libinit$$00000015)
    .ARM.Collect$$libinit$$00000017          0x000004ca   Section        0  libinit2.o(.ARM.Collect$$libinit$$00000017)
    .ARM.Collect$$libinit$$00000019          0x000004ca   Section        0  libinit2.o(.ARM.Collect$$libinit$$00000019)
    .ARM.Collect$$libinit$$0000001B          0x000004ca   Section        0  libinit2.o(.ARM.Collect$$libinit$$0000001B)
    .ARM.Collect$$libinit$$0000001D          0x000004ca   Section        0  libinit2.o(.ARM.Collect$$libinit$$0000001D)
    .ARM.Collect$$libinit$$0000001F          0x000004ca   Section        0  libinit2.o(.ARM.Collect$$libinit$$0000001F)
    .ARM.Collect$$libinit$$00000021          0x000004ca   Section        0  libinit2.o(.ARM.Collect$$libinit$$00000021)
    .ARM.Collect$$libinit$$00000023          0x000004ca   Section        0  libinit2.o(.ARM.Collect$$libinit$$00000023)
    .ARM.Collect$$libinit$$00000025          0x000004ca   Section        0  libinit2.o(.ARM.Collect$$libinit$$00000025)
    .ARM.Collect$$libinit$$0000002C          0x000004ca   Section        0  libinit2.o(.ARM.Collect$$libinit$$0000002C)
    .ARM.Collect$$libinit$$0000002E          0x000004ca   Section        0  libinit2.o(.ARM.Collect$$libinit$$0000002E)
    .ARM.Collect$$libinit$$00000030          0x000004ca   Section        0  libinit2.o(.ARM.Collect$$libinit$$00000030)
    .ARM.Collect$$libinit$$00000032          0x000004ca   Section        0  libinit2.o(.ARM.Collect$$libinit$$00000032)
    .ARM.Collect$$libinit$$00000033          0x000004ca   Section        2  libinit2.o(.ARM.Collect$$libinit$$00000033)
    .ARM.Collect$$libshutdown$$00000000      0x000004cc   Section        2  libshutdown.o(.ARM.Collect$$libshutdown$$00000000)
    .ARM.Collect$$libshutdown$$00000002      0x000004ce   Section        0  libshutdown2.o(.ARM.Collect$$libshutdown$$00000002)
    .ARM.Collect$$libshutdown$$00000004      0x000004ce   Section        0  libshutdown2.o(.ARM.Collect$$libshutdown$$00000004)
    .ARM.Collect$$libshutdown$$00000007      0x000004ce   Section        0  libshutdown2.o(.ARM.Collect$$libshutdown$$00000007)
    .ARM.Collect$$libshutdown$$0000000A      0x000004ce   Section        0  libshutdown2.o(.ARM.Collect$$libshutdown$$0000000A)
    .ARM.Collect$$libshutdown$$0000000C      0x000004ce   Section        0  libshutdown2.o(.ARM.Collect$$libshutdown$$0000000C)
    .ARM.Collect$$libshutdown$$0000000F      0x000004ce   Section        0  libshutdown2.o(.ARM.Collect$$libshutdown$$0000000F)
    .ARM.Collect$$libshutdown$$00000010      0x000004ce   Section        2  libshutdown2.o(.ARM.Collect$$libshutdown$$00000010)
    .ARM.Collect$$rtentry$$00000000          0x000004d0   Section        0  __rtentry.o(.ARM.Collect$$rtentry$$00000000)
    .ARM.Collect$$rtentry$$00000002          0x000004d0   Section        0  __rtentry2.o(.ARM.Collect$$rtentry$$00000002)
    .ARM.Collect$$rtentry$$00000007          0x000004d0   Section        4  __rtentry7.o(.ARM.Collect$$rtentry$$00000007)
    .ARM.Collect$$rtentry$$00000009          0x000004d4   Section        0  __rtentry2.o(.ARM.Collect$$rtentry$$00000009)
    .ARM.Collect$$rtentry$$0000000A          0x000004d4   Section        4  __rtentry2.o(.ARM.Collect$$rtentry$$0000000A)
    .ARM.Collect$$rtentry$$0000000C          0x000004d8   Section        0  __rtentry2.o(.ARM.Collect$$rtentry$$0000000C)
    .ARM.Collect$$rtentry$$0000000D          0x000004d8   Section        8  __rtentry2.o(.ARM.Collect$$rtentry$$0000000D)
    .ARM.Collect$$rtentry$$00002718          0x000004e0   Section        4  __rtentry7.o(.ARM.Collect$$rtentry$$00002718)
    __lit__00000000                          0x000004e0   Data           4  __rtentry7.o(.ARM.Collect$$rtentry$$00002718)
    .ARM.Collect$$rtexit$$00000000           0x000004e4   Section        2  rtexit.o(.ARM.Collect$$rtexit$$00000000)
    .ARM.Collect$$rtexit$$00000002           0x000004e6   Section        0  rtexit2.o(.ARM.Collect$$rtexit$$00000002)
    .ARM.Collect$$rtexit$$00000003           0x000004e6   Section        4  rtexit2.o(.ARM.Collect$$rtexit$$00000003)
    .ARM.Collect$$rtexit$$00000004           0x000004ea   Section        6  rtexit2.o(.ARM.Collect$$rtexit$$00000004)
    [Anonymous Symbol]                       0x000004f0   Section        0  adc.o(.text)
    __arm_cp.0_0                             0x0000051c   Number         4  adc.o(.text)
    __arm_cp.0_1                             0x00000520   Number         4  adc.o(.text)
    [Anonymous Symbol]                       0x00000588   Section        0  dac.o(.text)
    __arm_cp.0_1                             0x000005c8   Number         4  dac.o(.text)
    [Anonymous Symbol]                       0x000005cc   Section        0  main.o(.text)
    __arm_cp.0_0                             0x000006a4   Number         4  main.o(.text)
    __arm_cp.0_1                             0x000006a8   Number         4  main.o(.text)
    __arm_cp.0_2                             0x000006ac   Number         4  main.o(.text)
    __arm_cp.0_3                             0x000006b0   Number         4  main.o(.text)
    __arm_cp.0_4                             0x000006b4   Number         4  main.o(.text)
    __arm_cp.0_5                             0x000006b8   Number         4  main.o(.text)
    __arm_cp.0_6                             0x000006bc   Number         4  main.o(.text)
    __arm_cp.0_7                             0x000006c0   Number         4  main.o(.text)
    __arm_cp.0_8                             0x000006c4   Number         4  main.o(.text)
    __arm_cp.0_9                             0x000006c8   Number         4  main.o(.text)
    __arm_cp.1_1                             0x0000071c   Number         4  main.o(.text)
    __arm_cp.1_2                             0x00000720   Number         4  main.o(.text)
    __arm_cp.1_3                             0x00000724   Number         4  main.o(.text)
    [Anonymous Symbol]                       0x00000728   Section        0  mcg.o(.text)
    __arm_cp.0_0                             0x000007a0   Number         4  mcg.o(.text)
    __arm_cp.0_1                             0x000007a4   Number         4  mcg.o(.text)
    __arm_cp.0_3                             0x000007a8   Number         4  mcg.o(.text)
    [Anonymous Symbol]                       0x000007ac   Section        0  timerint.o(.text)
    __arm_cp.0_0                             0x000007e4   Number         4  timerint.o(.text)
    __arm_cp.0_1                             0x000007e8   Number         4  timerint.o(.text)
    __arm_cp.0_2                             0x000007ec   Number         4  timerint.o(.text)
    .text                                    0x000007f0   Section      308  startup_mk22f51212.o(.text)
    $v0                                      0x000007f0   Number         0  startup_mk22f51212.o(.text)
    [Anonymous Symbol]                       0x00000924   Section        0  system_mk22f51212.o(.text)
    __arm_cp.0_0                             0x00000948   Number         4  system_mk22f51212.o(.text)
    __arm_cp.0_1                             0x0000094c   Number         4  system_mk22f51212.o(.text)
    __arm_cp.2_0                             0x00000a94   Number         4  system_mk22f51212.o(.text)
    __arm_cp.2_1                             0x00000a98   Number         4  system_mk22f51212.o(.text)
    __arm_cp.2_2                             0x00000a9c   Number         4  system_mk22f51212.o(.text)
    __arm_cp.2_3                             0x00000aa0   Number         4  system_mk22f51212.o(.text)
    __arm_cp.2_4                             0x00000aa4   Number         4  system_mk22f51212.o(.text)
    __arm_cp.2_5                             0x00000aa8   Number         4  system_mk22f51212.o(.text)
    .text                                    0x00000aac   Section        0  exit.o(.text)
    .text                                    0x00000abe   Section        2  use_no_semi.o(.text)
    .text                                    0x00000ac0   Section        0  indicate_semi.o(.text)
    .text                                    0x00000ac0   Section        0  sys_exit.o(.text)
    x$fpl$fpinit                             0x00000acc   Section       10  fpinit.o(x$fpl$fpinit)
    $v0                                      0x00000acc   Number         0  fpinit.o(x$fpl$fpinit)
    [Anonymous Symbol]                       0x1fff03ec   Section        0  main.o(.bss..L_MergedGlobals)

    Global Symbols

    Symbol Name                              Value     Ov Type        Size  Object(Section)

    BuildAttributes$$THM_ISAv4$E$P$D$K$B$S$7EM$VFPi3$EXTD16$VFPS$VFMA$PE$A:L22UL41UL21$X:L11$S22US41US21$IEEE1$IW$~IW$USESV6$~STKCKD$USESV7$~SHL$OSPACE$ROPI$EBA8$UX$STANDARDLIB$REQ8$PRES8$EABIv2 0x00000000   Number         0  anon$$obj.o ABSOLUTE
    __Vectors                                0x00000000   Data           4  startup_mk22f51212.o(RESET)
    Image$$ZI$$Limit                          - Undefined Weak Reference
    __ARM_exceptions_init                     - Undefined Weak Reference
    __alloca_initialize                       - Undefined Weak Reference
    __arm_preinit_                            - Undefined Weak Reference
    __cpp_initialize__aeabi_                  - Undefined Weak Reference
    __cxa_finalize                            - Undefined Weak Reference
    __rt_locale                               - Undefined Weak Reference
    __sigvec_lookup                           - Undefined Weak Reference
    _atexit_init                              - Undefined Weak Reference
    _call_atexit_fns                          - Undefined Weak Reference
    _clock_init                               - Undefined Weak Reference
    _fp_trap_init                             - Undefined Weak Reference
    _fp_trap_shutdown                         - Undefined Weak Reference
    _get_lc_collate                           - Undefined Weak Reference
    _get_lc_ctype                             - Undefined Weak Reference
    _get_lc_monetary                          - Undefined Weak Reference
    _get_lc_numeric                           - Undefined Weak Reference
    _get_lc_time                              - Undefined Weak Reference
    _getenv_init                              - Undefined Weak Reference
    _handle_redirection                       - Undefined Weak Reference
    _init_alloc                               - Undefined Weak Reference
    _init_user_alloc                          - Undefined Weak Reference
    _initio                                   - Undefined Weak Reference
    _rand_init                                - Undefined Weak Reference
    _signal_finish                            - Undefined Weak Reference
    _signal_init                              - Undefined Weak Reference
    _terminate_alloc                          - Undefined Weak Reference
    _terminate_user_alloc                     - Undefined Weak Reference
    _terminateio                              - Undefined Weak Reference
    __Vectors_End                            0x00000400   Data           0  startup_mk22f51212.o(RESET)
    __Vectors_Size                           0x00000400   Number         0  startup_mk22f51212.o ABSOLUTE
    __main                                   0x00000411   Thumb Code     8  __main.o(!!!main)
    __scatterload                            0x00000419   Thumb Code     0  __scatter.o(!!!scatter)
    __scatterload_rt2                        0x00000419   Thumb Code    44  __scatter.o(!!!scatter)
    __scatterload_rt2_thumb_only             0x00000419   Thumb Code     0  __scatter.o(!!!scatter)
    __scatterload_null                       0x00000427   Thumb Code     0  __scatter.o(!!!scatter)
    __decompress                             0x0000044d   Thumb Code    90  __dczerorl2.o(!!dczerorl2)
    __decompress1                            0x0000044d   Thumb Code     0  __dczerorl2.o(!!dczerorl2)
    __scatterload_zeroinit                   0x000004a9   Thumb Code    28  __scatter_zi.o(!!handler_zi)
    __rt_lib_init                            0x000004c5   Thumb Code     0  libinit.o(.ARM.Collect$$libinit$$00000000)
    __rt_lib_init_fp_1                       0x000004c7   Thumb Code     0  libinit2.o(.ARM.Collect$$libinit$$00000001)
    __rt_lib_init_alloca_1                   0x000004cb   Thumb Code     0  libinit2.o(.ARM.Collect$$libinit$$0000002E)
    __rt_lib_init_argv_1                     0x000004cb   Thumb Code     0  libinit2.o(.ARM.Collect$$libinit$$0000002C)
    __rt_lib_init_atexit_1                   0x000004cb   Thumb Code     0  libinit2.o(.ARM.Collect$$libinit$$0000001B)
    __rt_lib_init_clock_1                    0x000004cb   Thumb Code     0  libinit2.o(.ARM.Collect$$libinit$$00000021)
    __rt_lib_init_cpp_1                      0x000004cb   Thumb Code     0  libinit2.o(.ARM.Collect$$libinit$$00000032)
    __rt_lib_init_exceptions_1               0x000004cb   Thumb Code     0  libinit2.o(.ARM.Collect$$libinit$$00000030)
    __rt_lib_init_fp_trap_1                  0x000004cb   Thumb Code     0  libinit2.o(.ARM.Collect$$libinit$$0000001F)
    __rt_lib_init_getenv_1                   0x000004cb   Thumb Code     0  libinit2.o(.ARM.Collect$$libinit$$00000023)
    __rt_lib_init_heap_1                     0x000004cb   Thumb Code     0  libinit2.o(.ARM.Collect$$libinit$$0000000A)
    __rt_lib_init_lc_collate_1               0x000004cb   Thumb Code     0  libinit2.o(.ARM.Collect$$libinit$$00000011)
    __rt_lib_init_lc_ctype_1                 0x000004cb   Thumb Code     0  libinit2.o(.ARM.Collect$$libinit$$00000013)
    __rt_lib_init_lc_monetary_1              0x000004cb   Thumb Code     0  libinit2.o(.ARM.Collect$$libinit$$00000015)
    __rt_lib_init_lc_numeric_1               0x000004cb   Thumb Code     0  libinit2.o(.ARM.Collect$$libinit$$00000017)
    __rt_lib_init_lc_time_1                  0x000004cb   Thumb Code     0  libinit2.o(.ARM.Collect$$libinit$$00000019)
    __rt_lib_init_preinit_1                  0x000004cb   Thumb Code     0  libinit2.o(.ARM.Collect$$libinit$$00000004)
    __rt_lib_init_rand_1                     0x000004cb   Thumb Code     0  libinit2.o(.ARM.Collect$$libinit$$0000000E)
    __rt_lib_init_return                     0x000004cb   Thumb Code     0  libinit2.o(.ARM.Collect$$libinit$$00000033)
    __rt_lib_init_signal_1                   0x000004cb   Thumb Code     0  libinit2.o(.ARM.Collect$$libinit$$0000001D)
    __rt_lib_init_stdio_1                    0x000004cb   Thumb Code     0  libinit2.o(.ARM.Collect$$libinit$$00000025)
    __rt_lib_init_user_alloc_1               0x000004cb   Thumb Code     0  libinit2.o(.ARM.Collect$$libinit$$0000000C)
    __rt_lib_shutdown                        0x000004cd   Thumb Code     0  libshutdown.o(.ARM.Collect$$libshutdown$$00000000)
    __rt_lib_shutdown_cpp_1                  0x000004cf   Thumb Code     0  libshutdown2.o(.ARM.Collect$$libshutdown$$00000002)
    __rt_lib_shutdown_fp_trap_1              0x000004cf   Thumb Code     0  libshutdown2.o(.ARM.Collect$$libshutdown$$00000007)
    __rt_lib_shutdown_heap_1                 0x000004cf   Thumb Code     0  libshutdown2.o(.ARM.Collect$$libshutdown$$0000000F)
    __rt_lib_shutdown_return                 0x000004cf   Thumb Code     0  libshutdown2.o(.ARM.Collect$$libshutdown$$00000010)
    __rt_lib_shutdown_signal_1               0x000004cf   Thumb Code     0  libshutdown2.o(.ARM.Collect$$libshutdown$$0000000A)
    __rt_lib_shutdown_stdio_1                0x000004cf   Thumb Code     0  libshutdown2.o(.ARM.Collect$$libshutdown$$00000004)
    __rt_lib_shutdown_user_alloc_1           0x000004cf   Thumb Code     0  libshutdown2.o(.ARM.Collect$$libshutdown$$0000000C)
    __rt_entry                               0x000004d1   Thumb Code     0  __rtentry.o(.ARM.Collect$$rtentry$$00000000)
    __rt_entry_presh_1                       0x000004d1   Thumb Code     0  __rtentry2.o(.ARM.Collect$$rtentry$$00000002)
    __rt_entry_sh                            0x000004d1   Thumb Code     0  __rtentry7.o(.ARM.Collect$$rtentry$$00000007)
    __rt_entry_li                            0x000004d5   Thumb Code     0  __rtentry2.o(.ARM.Collect$$rtentry$$0000000A)
    __rt_entry_postsh_1                      0x000004d5   Thumb Code     0  __rtentry2.o(.ARM.Collect$$rtentry$$00000009)
    __rt_entry_main                          0x000004d9   Thumb Code     0  __rtentry2.o(.ARM.Collect$$rtentry$$0000000D)
    __rt_entry_postli_1                      0x000004d9   Thumb Code     0  __rtentry2.o(.ARM.Collect$$rtentry$$0000000C)
    __rt_exit                                0x000004e5   Thumb Code     0  rtexit.o(.ARM.Collect$$rtexit$$00000000)
    __rt_exit_ls                             0x000004e7   Thumb Code     0  rtexit2.o(.ARM.Collect$$rtexit$$00000003)
    __rt_exit_prels_1                        0x000004e7   Thumb Code     0  rtexit2.o(.ARM.Collect$$rtexit$$00000002)
    __rt_exit_exit                           0x000004eb   Thumb Code     0  rtexit2.o(.ARM.Collect$$rtexit$$00000004)
    ADC_Init                                 0x000004f1   Thumb Code    52  adc.o(.text)
    ADC_Calibrate                            0x00000525   Thumb Code   104  adc.o(.text)
    DAC_Init                                 0x00000589   Thumb Code    72  dac.o(.text)
    PIT0_IRQHandler                          0x000005cd   Thumb Code   256  main.o(.text)
    main                                     0x000006cd   Thumb Code    96  main.o(.text)
    MCG_Clock120_Init                        0x00000729   Thumb Code   136  mcg.o(.text)
    TimerInt_Init                            0x000007ad   Thumb Code    68  timerint.o(.text)
    Reset_Handler                            0x000007f1   Thumb Code    24  startup_mk22f51212.o(.text)
    NMI_Handler                              0x00000809   Thumb Code     2  startup_mk22f51212.o(.text)
    HardFault_Handler                        0x0000080b   Thumb Code     2  startup_mk22f51212.o(.text)
    MemManage_Handler                        0x0000080d   Thumb Code     2  startup_mk22f51212.o(.text)
    BusFault_Handler                         0x0000080f   Thumb Code     2  startup_mk22f51212.o(.text)
    UsageFault_Handler                       0x00000811   Thumb Code     2  startup_mk22f51212.o(.text)
    SVC_Handler                              0x00000813   Thumb Code     2  startup_mk22f51212.o(.text)
    DebugMon_Handler                         0x00000815   Thumb Code     2  startup_mk22f51212.o(.text)
    PendSV_Handler                           0x00000817   Thumb Code     2  startup_mk22f51212.o(.text)
    SysTick_Handler                          0x00000819   Thumb Code     2  startup_mk22f51212.o(.text)
    DMA0_IRQHandler                          0x0000081b   Thumb Code     4  startup_mk22f51212.o(.text)
    DMA1_IRQHandler                          0x0000081f   Thumb Code     4  startup_mk22f51212.o(.text)
    DMA2_IRQHandler                          0x00000823   Thumb Code     4  startup_mk22f51212.o(.text)
    DMA3_IRQHandler                          0x00000827   Thumb Code     4  startup_mk22f51212.o(.text)
    DMA4_IRQHandler                          0x0000082b   Thumb Code     4  startup_mk22f51212.o(.text)
    DMA5_IRQHandler                          0x0000082f   Thumb Code     4  startup_mk22f51212.o(.text)
    DMA6_IRQHandler                          0x00000833   Thumb Code     4  startup_mk22f51212.o(.text)
    DMA7_IRQHandler                          0x00000837   Thumb Code     4  startup_mk22f51212.o(.text)
    DMA8_IRQHandler                          0x0000083b   Thumb Code     4  startup_mk22f51212.o(.text)
    DMA9_IRQHandler                          0x0000083f   Thumb Code     4  startup_mk22f51212.o(.text)
    DMA10_IRQHandler                         0x00000843   Thumb Code     4  startup_mk22f51212.o(.text)
    DMA11_IRQHandler                         0x00000847   Thumb Code     4  startup_mk22f51212.o(.text)
    DMA12_IRQHandler                         0x0000084b   Thumb Code     4  startup_mk22f51212.o(.text)
    DMA13_IRQHandler                         0x0000084f   Thumb Code     4  startup_mk22f51212.o(.text)
    DMA14_IRQHandler                         0x00000853   Thumb Code     4  startup_mk22f51212.o(.text)
    DMA15_IRQHandler                         0x00000857   Thumb Code     4  startup_mk22f51212.o(.text)
    DMA_Error_IRQHandler                     0x0000085b   Thumb Code     4  startup_mk22f51212.o(.text)
    I2C0_IRQHandler                          0x0000085f   Thumb Code     4  startup_mk22f51212.o(.text)
    I2C1_IRQHandler                          0x00000863   Thumb Code     4  startup_mk22f51212.o(.text)
    SPI0_IRQHandler                          0x00000867   Thumb Code     4  startup_mk22f51212.o(.text)
    SPI1_IRQHandler                          0x0000086b   Thumb Code     4  startup_mk22f51212.o(.text)
    I2S0_Tx_IRQHandler                       0x0000086f   Thumb Code     4  startup_mk22f51212.o(.text)
    I2S0_Rx_IRQHandler                       0x00000873   Thumb Code     4  startup_mk22f51212.o(.text)
    LPUART0_IRQHandler                       0x00000877   Thumb Code     4  startup_mk22f51212.o(.text)
    UART0_RX_TX_IRQHandler                   0x0000087b   Thumb Code     4  startup_mk22f51212.o(.text)
    UART0_ERR_IRQHandler                     0x0000087f   Thumb Code     4  startup_mk22f51212.o(.text)
    UART1_RX_TX_IRQHandler                   0x00000883   Thumb Code     4  startup_mk22f51212.o(.text)
    UART1_ERR_IRQHandler                     0x00000887   Thumb Code     4  startup_mk22f51212.o(.text)
    UART2_RX_TX_IRQHandler                   0x0000088b   Thumb Code     4  startup_mk22f51212.o(.text)
    UART2_ERR_IRQHandler                     0x0000088f   Thumb Code     4  startup_mk22f51212.o(.text)
    ADC0_IRQHandler                          0x00000893   Thumb Code     0  startup_mk22f51212.o(.text)
    ADC1_IRQHandler                          0x00000893   Thumb Code     0  startup_mk22f51212.o(.text)
    CMP0_IRQHandler                          0x00000893   Thumb Code     0  startup_mk22f51212.o(.text)
    CMP1_IRQHandler                          0x00000893   Thumb Code     0  startup_mk22f51212.o(.text)
    DAC0_IRQHandler                          0x00000893   Thumb Code     0  startup_mk22f51212.o(.text)
    DAC1_IRQHandler                          0x00000893   Thumb Code     0  startup_mk22f51212.o(.text)
    DMA0_DriverIRQHandler                    0x00000893   Thumb Code     0  startup_mk22f51212.o(.text)
    DMA10_DriverIRQHandler                   0x00000893   Thumb Code     0  startup_mk22f51212.o(.text)
    DMA11_DriverIRQHandler                   0x00000893   Thumb Code     0  startup_mk22f51212.o(.text)
    DMA12_DriverIRQHandler                   0x00000893   Thumb Code     0  startup_mk22f51212.o(.text)
    DMA13_DriverIRQHandler                   0x00000893   Thumb Code     0  startup_mk22f51212.o(.text)
    DMA14_DriverIRQHandler                   0x00000893   Thumb Code     0  startup_mk22f51212.o(.text)
    DMA15_DriverIRQHandler                   0x00000893   Thumb Code     0  startup_mk22f51212.o(.text)
    DMA1_DriverIRQHandler                    0x00000893   Thumb Code     0  startup_mk22f51212.o(.text)
    DMA2_DriverIRQHandler                    0x00000893   Thumb Code     0  startup_mk22f51212.o(.text)
    DMA3_DriverIRQHandler                    0x00000893   Thumb Code     0  startup_mk22f51212.o(.text)
    DMA4_DriverIRQHandler                    0x00000893   Thumb Code     0  startup_mk22f51212.o(.text)
    DMA5_DriverIRQHandler                    0x00000893   Thumb Code     0  startup_mk22f51212.o(.text)
    DMA6_DriverIRQHandler                    0x00000893   Thumb Code     0  startup_mk22f51212.o(.text)
    DMA7_DriverIRQHandler                    0x00000893   Thumb Code     0  startup_mk22f51212.o(.text)
    DMA8_DriverIRQHandler                    0x00000893   Thumb Code     0  startup_mk22f51212.o(.text)
    DMA9_DriverIRQHandler                    0x00000893   Thumb Code     0  startup_mk22f51212.o(.text)
    DMA_Error_DriverIRQHandler               0x00000893   Thumb Code     0  startup_mk22f51212.o(.text)
    DefaultISR                               0x00000893   Thumb Code     0  startup_mk22f51212.o(.text)
    FTF_IRQHandler                           0x00000893   Thumb Code     0  startup_mk22f51212.o(.text)
    FTM0_IRQHandler                          0x00000893   Thumb Code     0  startup_mk22f51212.o(.text)
    FTM1_IRQHandler                          0x00000893   Thumb Code     0  startup_mk22f51212.o(.text)
    FTM2_IRQHandler                          0x00000893   Thumb Code     0  startup_mk22f51212.o(.text)
    FTM3_IRQHandler                          0x00000893   Thumb Code     0  startup_mk22f51212.o(.text)
    I2C0_DriverIRQHandler                    0x00000893   Thumb Code     0  startup_mk22f51212.o(.text)
    I2C1_DriverIRQHandler                    0x00000893   Thumb Code     0  startup_mk22f51212.o(.text)
    I2S0_Rx_DriverIRQHandler                 0x00000893   Thumb Code     0  startup_mk22f51212.o(.text)
    I2S0_Tx_DriverIRQHandler                 0x00000893   Thumb Code     0  startup_mk22f51212.o(.text)
    LLWU_IRQHandler                          0x00000893   Thumb Code     0  startup_mk22f51212.o(.text)
    LPTMR0_IRQHandler                        0x00000893   Thumb Code     0  startup_mk22f51212.o(.text)
    LPUART0_DriverIRQHandler                 0x00000893   Thumb Code     0  startup_mk22f51212.o(.text)
    LVD_LVW_IRQHandler                       0x00000893   Thumb Code     0  startup_mk22f51212.o(.text)
    MCG_IRQHandler                           0x00000893   Thumb Code     0  startup_mk22f51212.o(.text)
    MCM_IRQHandler                           0x00000893   Thumb Code     0  startup_mk22f51212.o(.text)
    PDB0_IRQHandler                          0x00000893   Thumb Code     0  startup_mk22f51212.o(.text)
    PIT1_IRQHandler                          0x00000893   Thumb Code     0  startup_mk22f51212.o(.text)
    PIT2_IRQHandler                          0x00000893   Thumb Code     0  startup_mk22f51212.o(.text)
    PIT3_IRQHandler                          0x00000893   Thumb Code     0  startup_mk22f51212.o(.text)
    PORTA_IRQHandler                         0x00000893   Thumb Code     0  startup_mk22f51212.o(.text)
    PORTB_IRQHandler                         0x00000893   Thumb Code     0  startup_mk22f51212.o(.text)
    PORTC_IRQHandler                         0x00000893   Thumb Code     0  startup_mk22f51212.o(.text)
    PORTD_IRQHandler                         0x00000893   Thumb Code     0  startup_mk22f51212.o(.text)
    PORTE_IRQHandler                         0x00000893   Thumb Code     0  startup_mk22f51212.o(.text)
    RNG_IRQHandler                           0x00000893   Thumb Code     0  startup_mk22f51212.o(.text)
    RTC_IRQHandler                           0x00000893   Thumb Code     0  startup_mk22f51212.o(.text)
    RTC_Seconds_IRQHandler                   0x00000893   Thumb Code     0  startup_mk22f51212.o(.text)
    Read_Collision_IRQHandler                0x00000893   Thumb Code     0  startup_mk22f51212.o(.text)
    Reserved100_IRQHandler                   0x00000893   Thumb Code     0  startup_mk22f51212.o(.text)
    Reserved101_IRQHandler                   0x00000893   Thumb Code     0  startup_mk22f51212.o(.text)
    Reserved53_IRQHandler                    0x00000893   Thumb Code     0  startup_mk22f51212.o(.text)
    Reserved54_IRQHandler                    0x00000893   Thumb Code     0  startup_mk22f51212.o(.text)
    Reserved61_IRQHandler                    0x00000893   Thumb Code     0  startup_mk22f51212.o(.text)
    Reserved70_IRQHandler                    0x00000893   Thumb Code     0  startup_mk22f51212.o(.text)
    Reserved71_IRQHandler                    0x00000893   Thumb Code     0  startup_mk22f51212.o(.text)
    Reserved81_IRQHandler                    0x00000893   Thumb Code     0  startup_mk22f51212.o(.text)
    Reserved82_IRQHandler                    0x00000893   Thumb Code     0  startup_mk22f51212.o(.text)
    Reserved83_IRQHandler                    0x00000893   Thumb Code     0  startup_mk22f51212.o(.text)
    Reserved84_IRQHandler                    0x00000893   Thumb Code     0  startup_mk22f51212.o(.text)
    Reserved85_IRQHandler                    0x00000893   Thumb Code     0  startup_mk22f51212.o(.text)
    Reserved86_IRQHandler                    0x00000893   Thumb Code     0  startup_mk22f51212.o(.text)
    Reserved90_IRQHandler                    0x00000893   Thumb Code     0  startup_mk22f51212.o(.text)
    Reserved91_IRQHandler                    0x00000893   Thumb Code     0  startup_mk22f51212.o(.text)
    Reserved92_IRQHandler                    0x00000893   Thumb Code     0  startup_mk22f51212.o(.text)
    Reserved93_IRQHandler                    0x00000893   Thumb Code     0  startup_mk22f51212.o(.text)
    Reserved94_IRQHandler                    0x00000893   Thumb Code     0  startup_mk22f51212.o(.text)
    Reserved95_IRQHandler                    0x00000893   Thumb Code     0  startup_mk22f51212.o(.text)
    Reserved96_IRQHandler                    0x00000893   Thumb Code     0  startup_mk22f51212.o(.text)
    Reserved97_IRQHandler                    0x00000893   Thumb Code     0  startup_mk22f51212.o(.text)
    Reserved98_IRQHandler                    0x00000893   Thumb Code     0  startup_mk22f51212.o(.text)
    Reserved99_IRQHandler                    0x00000893   Thumb Code     0  startup_mk22f51212.o(.text)
    SPI0_DriverIRQHandler                    0x00000893   Thumb Code     0  startup_mk22f51212.o(.text)
    SPI1_DriverIRQHandler                    0x00000893   Thumb Code     0  startup_mk22f51212.o(.text)
    SWI_IRQHandler                           0x00000893   Thumb Code     0  startup_mk22f51212.o(.text)
    UART0_ERR_DriverIRQHandler               0x00000893   Thumb Code     0  startup_mk22f51212.o(.text)
    UART0_RX_TX_DriverIRQHandler             0x00000893   Thumb Code     0  startup_mk22f51212.o(.text)
    UART1_ERR_DriverIRQHandler               0x00000893   Thumb Code     0  startup_mk22f51212.o(.text)
    UART1_RX_TX_DriverIRQHandler             0x00000893   Thumb Code     0  startup_mk22f51212.o(.text)
    UART2_ERR_DriverIRQHandler               0x00000893   Thumb Code     0  startup_mk22f51212.o(.text)
    UART2_RX_TX_DriverIRQHandler             0x00000893   Thumb Code     0  startup_mk22f51212.o(.text)
    USB0_IRQHandler                          0x00000893   Thumb Code     0  startup_mk22f51212.o(.text)
    WDOG_EWM_IRQHandler                      0x00000893   Thumb Code     0  startup_mk22f51212.o(.text)
    SystemInit                               0x00000925   Thumb Code    44  system_mk22f51212.o(.text)
    SystemInitHook                           0x00000951   Thumb Code     2  system_mk22f51212.o(.text)
    SystemCoreClockUpdate                    0x00000955   Thumb Code   344  system_mk22f51212.o(.text)
    exit                                     0x00000aad   Thumb Code    18  exit.o(.text)
    __I$use$semihosting                      0x00000abf   Thumb Code     0  use_no_semi.o(.text)
    __use_no_semihosting_swi                 0x00000abf   Thumb Code     2  use_no_semi.o(.text)
    __semihosting_library_function           0x00000ac1   Thumb Code     0  indicate_semi.o(.text)
    _sys_exit                                0x00000ac1   Thumb Code     8  sys_exit.o(.text)
    _fp_init                                 0x00000acd   Thumb Code    10  fpinit.o(x$fpl$fpinit)
    __fplib_config_fpu_vfp                   0x00000ad5   Thumb Code     0  fpinit.o(x$fpl$fpinit)
    __fplib_config_pureend_doubles           0x00000ad5   Thumb Code     0  fpinit.o(x$fpl$fpinit)
    Region$$Table$$Base                      0x00000ad8   Number         0  anon$$obj.o(Region$$Table)
    Region$$Table$$Limit                     0x00000af8   Number         0  anon$$obj.o(Region$$Table)
    A                                        0x1fff0000   Data         400  main.o(.data.A)
    B                                        0x1fff0190   Data         600  main.o(.data.B)
    SystemCoreClock                          0x1fff03e8   Data           4  system_mk22f51212.o(.data.SystemCoreClock)
    valADC                                   0x1fff03ec   Data           2  main.o(.bss..L_MergedGlobals)
    i                                        0x1fff03ee   Data           2  main.o(.bss..L_MergedGlobals)
    valDAC                                   0x1fff03f0   Data           2  main.o(.bss..L_MergedGlobals)
    Yn                                       0x1fff03f4   Data         204  main.o(.bss.Yn)
    s                                        0x1fff04c0   Data         400  main.o(.bss.s)
    Image$$ARM_LIB_HEAP$$ZI$$Base            0x20000000   Number         0  anon$$obj.o ABSOLUTE
    Image$$ARM_LIB_HEAP$$ZI$$Limit           0x20000400   Number         0  anon$$obj.o ABSOLUTE
    Image$$ARM_LIB_STACK$$ZI$$Limit          0x20010000   Number         0  anon$$obj.o ABSOLUTE



==============================================================================

Memory Map of the image

  Image Entry point : 0x000007f1

  Load Region LR_m_text (Base: 0x00000000, Size: 0x00000ee4, Max: 0x00080000, ABSOLUTE, COMPRESSED[0x00000d1c])

    Execution Region VECTOR_ROM (Exec base: 0x00000000, Load base: 0x00000000, Size: 0x00000400, Max: 0x00000400, ABSOLUTE)

    Exec Addr    Load Addr    Size         Type   Attr      Idx    E Section Name        Object

    0x00000000   0x00000000   0x00000400   Data   RO           70    RESET               startup_mk22f51212.o


    Execution Region ER_m_flash_config (Exec base: 0x00000400, Load base: 0x00000400, Size: 0x00000010, Max: 0x00000010, ABSOLUTE, FIXED)

    Exec Addr    Load Addr    Size         Type   Attr      Idx    E Section Name        Object

    0x00000400   0x00000400   0x00000010   Data   RO           71    FlashConfig         startup_mk22f51212.o


    Execution Region ER_m_text (Exec base: 0x00000410, Load base: 0x00000410, Size: 0x000006e8, Max: 0x0007fbf0, ABSOLUTE)

    Exec Addr    Load Addr    Size         Type   Attr      Idx    E Section Name        Object

    0x00000410   0x00000410   0x00000008   Code   RO           93  * !!!main             c_w.l(__main.o)
    0x00000418   0x00000418   0x00000034   Code   RO          271    !!!scatter          c_w.l(__scatter.o)
    0x0000044c   0x0000044c   0x0000005a   Code   RO          269    !!dczerorl2         c_w.l(__dczerorl2.o)
    0x000004a6   0x000004a6   0x00000002   PAD
    0x000004a8   0x000004a8   0x0000001c   Code   RO          273    !!handler_zi        c_w.l(__scatter_zi.o)
    0x000004c4   0x000004c4   0x00000002   Code   RO          125    .ARM.Collect$$libinit$$00000000  c_w.l(libinit.o)
    0x000004c6   0x000004c6   0x00000004   Code   RO          135    .ARM.Collect$$libinit$$00000001  c_w.l(libinit2.o)
    0x000004ca   0x000004ca   0x00000000   Code   RO          138    .ARM.Collect$$libinit$$00000004  c_w.l(libinit2.o)
    0x000004ca   0x000004ca   0x00000000   Code   RO          141    .ARM.Collect$$libinit$$0000000A  c_w.l(libinit2.o)
    0x000004ca   0x000004ca   0x00000000   Code   RO          143    .ARM.Collect$$libinit$$0000000C  c_w.l(libinit2.o)
    0x000004ca   0x000004ca   0x00000000   Code   RO          145    .ARM.Collect$$libinit$$0000000E  c_w.l(libinit2.o)
    0x000004ca   0x000004ca   0x00000000   Code   RO          148    .ARM.Collect$$libinit$$00000011  c_w.l(libinit2.o)
    0x000004ca   0x000004ca   0x00000000   Code   RO          150    .ARM.Collect$$libinit$$00000013  c_w.l(libinit2.o)
    0x000004ca   0x000004ca   0x00000000   Code   RO          152    .ARM.Collect$$libinit$$00000015  c_w.l(libinit2.o)
    0x000004ca   0x000004ca   0x00000000   Code   RO          154    .ARM.Collect$$libinit$$00000017  c_w.l(libinit2.o)
    0x000004ca   0x000004ca   0x00000000   Code   RO          156    .ARM.Collect$$libinit$$00000019  c_w.l(libinit2.o)
    0x000004ca   0x000004ca   0x00000000   Code   RO          158    .ARM.Collect$$libinit$$0000001B  c_w.l(libinit2.o)
    0x000004ca   0x000004ca   0x00000000   Code   RO          160    .ARM.Collect$$libinit$$0000001D  c_w.l(libinit2.o)
    0x000004ca   0x000004ca   0x00000000   Code   RO          162    .ARM.Collect$$libinit$$0000001F  c_w.l(libinit2.o)
    0x000004ca   0x000004ca   0x00000000   Code   RO          164    .ARM.Collect$$libinit$$00000021  c_w.l(libinit2.o)
    0x000004ca   0x000004ca   0x00000000   Code   RO          166    .ARM.Collect$$libinit$$00000023  c_w.l(libinit2.o)
    0x000004ca   0x000004ca   0x00000000   Code   RO          168    .ARM.Collect$$libinit$$00000025  c_w.l(libinit2.o)
    0x000004ca   0x000004ca   0x00000000   Code   RO          172    .ARM.Collect$$libinit$$0000002C  c_w.l(libinit2.o)
    0x000004ca   0x000004ca   0x00000000   Code   RO          174    .ARM.Collect$$libinit$$0000002E  c_w.l(libinit2.o)
    0x000004ca   0x000004ca   0x00000000   Code   RO          176    .ARM.Collect$$libinit$$00000030  c_w.l(libinit2.o)
    0x000004ca   0x000004ca   0x00000000   Code   RO          178    .ARM.Collect$$libinit$$00000032  c_w.l(libinit2.o)
    0x000004ca   0x000004ca   0x00000002   Code   RO          179    .ARM.Collect$$libinit$$00000033  c_w.l(libinit2.o)
    0x000004cc   0x000004cc   0x00000002   Code   RO          208    .ARM.Collect$$libshutdown$$00000000  c_w.l(libshutdown.o)
    0x000004ce   0x000004ce   0x00000000   Code   RO          220    .ARM.Collect$$libshutdown$$00000002  c_w.l(libshutdown2.o)
    0x000004ce   0x000004ce   0x00000000   Code   RO          222    .ARM.Collect$$libshutdown$$00000004  c_w.l(libshutdown2.o)
    0x000004ce   0x000004ce   0x00000000   Code   RO          225    .ARM.Collect$$libshutdown$$00000007  c_w.l(libshutdown2.o)
    0x000004ce   0x000004ce   0x00000000   Code   RO          228    .ARM.Collect$$libshutdown$$0000000A  c_w.l(libshutdown2.o)
    0x000004ce   0x000004ce   0x00000000   Code   RO          230    .ARM.Collect$$libshutdown$$0000000C  c_w.l(libshutdown2.o)
    0x000004ce   0x000004ce   0x00000000   Code   RO          233    .ARM.Collect$$libshutdown$$0000000F  c_w.l(libshutdown2.o)
    0x000004ce   0x000004ce   0x00000002   Code   RO          234    .ARM.Collect$$libshutdown$$00000010  c_w.l(libshutdown2.o)
    0x000004d0   0x000004d0   0x00000000   Code   RO           95    .ARM.Collect$$rtentry$$00000000  c_w.l(__rtentry.o)
    0x000004d0   0x000004d0   0x00000000   Code   RO           97    .ARM.Collect$$rtentry$$00000002  c_w.l(__rtentry2.o)
    0x000004d0   0x000004d0   0x00000004   Code   RO          111    .ARM.Collect$$rtentry$$00000007  c_w.l(__rtentry7.o)
    0x000004d4   0x000004d4   0x00000000   Code   RO           99    .ARM.Collect$$rtentry$$00000009  c_w.l(__rtentry2.o)
    0x000004d4   0x000004d4   0x00000004   Code   RO          100    .ARM.Collect$$rtentry$$0000000A  c_w.l(__rtentry2.o)
    0x000004d8   0x000004d8   0x00000000   Code   RO          102    .ARM.Collect$$rtentry$$0000000C  c_w.l(__rtentry2.o)
    0x000004d8   0x000004d8   0x00000008   Code   RO          103    .ARM.Collect$$rtentry$$0000000D  c_w.l(__rtentry2.o)
    0x000004e0   0x000004e0   0x00000004   Code   RO          112    .ARM.Collect$$rtentry$$00002718  c_w.l(__rtentry7.o)
    0x000004e4   0x000004e4   0x00000002   Code   RO          133    .ARM.Collect$$rtexit$$00000000  c_w.l(rtexit.o)
    0x000004e6   0x000004e6   0x00000000   Code   RO          188    .ARM.Collect$$rtexit$$00000002  c_w.l(rtexit2.o)
    0x000004e6   0x000004e6   0x00000004   Code   RO          189    .ARM.Collect$$rtexit$$00000003  c_w.l(rtexit2.o)
    0x000004ea   0x000004ea   0x00000006   Code   RO          190    .ARM.Collect$$rtexit$$00000004  c_w.l(rtexit2.o)
    0x000004f0   0x000004f0   0x00000098   Code   RO            3    .text               adc.o
    0x00000588   0x00000588   0x00000044   Code   RO           15    .text               dac.o
    0x000005cc   0x000005cc   0x0000015c   Code   RO           27    .text               main.o
    0x00000728   0x00000728   0x00000084   Code   RO           46    .text               mcg.o
    0x000007ac   0x000007ac   0x00000044   Code   RO           58    .text               timerint.o
    0x000007f0   0x000007f0   0x00000134   Code   RO           72  * .text               startup_mk22f51212.o
    0x00000924   0x00000924   0x00000188   Code   RO           78    .text               system_mk22f51212.o
    0x00000aac   0x00000aac   0x00000012   Code   RO          118    .text               c_w.l(exit.o)
    0x00000abe   0x00000abe   0x00000002   Code   RO          184    .text               c_w.l(use_no_semi.o)
    0x00000ac0   0x00000ac0   0x00000000   Code   RO          186    .text               c_w.l(indicate_semi.o)
    0x00000ac0   0x00000ac0   0x0000000c   Code   RO          198    .text               c_w.l(sys_exit.o)
    0x00000acc   0x00000acc   0x0000000a   Code   RO          196    x$fpl$fpinit        fz_wm.l(fpinit.o)
    0x00000ad6   0x00000ad6   0x00000002   PAD
    0x00000ad8   0x00000ad8   0x00000020   Data   RO          267    Region$$Table       anon$$obj.o


    Execution Region RW_m_data (Exec base: 0x1fff0000, Load base: 0x00000af8, Size: 0x00000650, Max: 0x00010000, ABSOLUTE, COMPRESSED[0x00000224])

    Exec Addr    Load Addr    Size         Type   Attr      Idx    E Section Name        Object

    0x1fff0000   COMPRESSED   0x00000190   Data   RW           29    .data.A             main.o
    0x1fff0190   COMPRESSED   0x00000258   Data   RW           30    .data.B             main.o
    0x1fff03e8   COMPRESSED   0x00000004   Data   RW           80    .data.SystemCoreClock  system_mk22f51212.o
    0x1fff03ec        -       0x00000006   Zero   RW           35    .bss..L_MergedGlobals  main.o
    0x1fff03f2   COMPRESSED   0x00000002   PAD
    0x1fff03f4        -       0x000000cc   Zero   RW           31    .bss.Yn             main.o
    0x1fff04c0        -       0x00000190   Zero   RW           32    .bss.s              main.o


    Execution Region RW_m_data_2 (Exec base: 0x20000000, Load base: 0x00000d1c, Size: 0x00000000, Max: 0x0000f800, ABSOLUTE)

    **** No section assigned to this execution region ****


    Execution Region ARM_LIB_HEAP (Exec base: 0x20000000, Load base: 0x00000d1c, Size: 0x00000400, Max: 0x00000400, ABSOLUTE)

    Exec Addr    Load Addr    Size         Type   Attr      Idx    E Section Name        Object

    0x20000000        -       0x00000400   Zero   RW            1    ARM_LIB_HEAP.bss    anon$$obj.o


    Execution Region ARM_LIB_STACK (Exec base: 0x2000fc00, Load base: 0x00000d1c, Size: 0x00000400, Max: 0x00000400, ABSOLUTE)

    Exec Addr    Load Addr    Size         Type   Attr      Idx    E Section Name        Object

    0x2000fc00        -       0x00000400   Zero   RW            2    ARM_LIB_STACK.bss   anon$$obj.o


==============================================================================

Image component sizes


      Code (inc. data)   RO Data    RW Data    ZI Data      Debug   Object Name

       152          8          0          0          0       2264   adc.o
        68          4          0          0          0       1613   dac.o
       348         52          0       1000        610       5985   main.o
       132         12          0          0          0       2145   mcg.o
       308        142       1040          0          0       2304   startup_mk22f51212.o
       392         40          0          4          0       3458   system_mk22f51212.o
        68         12          0          0          0       4305   timerint.o

    ----------------------------------------------------------------------
      1468        270       1072       1004       2660      22074   Object Totals
         0          0         32          0       2048          0   (incl. Generated)
         0          0          0          0          2          0   (incl. Padding)

    ----------------------------------------------------------------------

      Code (inc. data)   RO Data    RW Data    ZI Data      Debug   Library Member Name

        90          0          0          0          0          0   __dczerorl2.o
         8          0          0          0          0         68   __main.o
         0          0          0          0          0          0   __rtentry.o
        12          0          0          0          0          0   __rtentry2.o
         8          4          0          0          0          0   __rtentry7.o
        52          8          0          0          0          0   __scatter.o
        28          0          0          0          0          0   __scatter_zi.o
        18          0          0          0          0         80   exit.o
         0          0          0          0          0          0   indicate_semi.o
         2          0          0          0          0          0   libinit.o
         6          0          0          0          0          0   libinit2.o
         2          0          0          0          0          0   libshutdown.o
         2          0          0          0          0          0   libshutdown2.o
         2          0          0          0          0          0   rtexit.o
        10          0          0          0          0          0   rtexit2.o
        12          4          0          0          0         68   sys_exit.o
         2          0          0          0          0         68   use_no_semi.o
        10          0          0          0          0        116   fpinit.o

    ----------------------------------------------------------------------
       268         16          0          0          0        400   Library Totals
         4          0          0          0          0          0   (incl. Padding)

    ----------------------------------------------------------------------

      Code (inc. data)   RO Data    RW Data    ZI Data      Debug   Library Name

       254         16          0          0          0        284   c_w.l
        10          0          0          0          0        116   fz_wm.l

    ----------------------------------------------------------------------
       268         16          0          0          0        400   Library Totals

    ----------------------------------------------------------------------

==============================================================================


      Code (inc. data)   RO Data    RW Data    ZI Data      Debug   

      1736        286       1072       1004       2660      22394   Grand Totals
      1736        286       1072        548       2660      22394   ELF Image Totals (compressed)
      1736        286       1072        548          0          0   ROM Totals

==============================================================================

    Total RO  Size (Code + RO Data)                 2808 (   2.74kB)
    Total RW  Size (RW Data + ZI Data)              3664 (   3.58kB)
    Total ROM Size (Code + RO Data + RW Data)       3356 (   3.28kB)

==============================================================================

